[pi-web] session_start dispatched to extensions for session 01a10fbf-b517-770d-bbc2-874cf257f83d
{
  "candidateRef": "d6be56655884c495e7534afcbc027a4a0546d66b",
  "candidateTree": "690e96fa14835fb44794c12de6f538423ec274ba",
  "sdkIdentity": {
    "@earendil-works/pi-agent-core": {
      "version": "1.0.0",
      "entry": "/home/xupeng/dev/personal/forked/agegr-pi-web-worktrees/ask-user-host-validation-20261006-01a10f47/node_modules/@earendil-works/pi-agent-core/dist/index.js",
      "manifestSha256": "1764bf34dd87eac46013c31a843e30fc118c525bf079d3c9ad95c39e399fca17",
      "integrity": "sha512-bHFONjtEBDqiV+g1DmmtkSlfAaqHELr+XO+6I5Nah4gswwZrLJO4yZB/JjsnlI4AKWTayBLfgS6DCbeBBz9e2Q=="
    },
    "@earendil-works/pi-ai": {
      "version": "1.0.0",
      "entry": "/home/xupeng/dev/personal/forked/agegr-pi-web-worktrees/ask-user-host-validation-20261006-01a10f47/node_modules/@earendil-works/pi-ai/dist/index.js",
      "manifestSha256": "62c8159c939f1f9fae53a9b003e7bd9136979bcceeca61bd1f2cf41082763736",
      "integrity": "sha512-3/W1vdDaVtpeMd23ElvJC12HLA5yS/BGqqcXF+0SK082dN7cbgNcCwguTBRBC258Ke8SzSvUW1B75iAf8w8IxA=="
    },
    "@earendil-works/pi-coding-agent": {
      "version": "1.0.0",
      "entry": "/home/xupeng/dev/personal/forked/agegr-pi-web-worktrees/ask-user-host-validation-20261006-01a10f47/node_modules/@earendil-works/pi-coding-agent/dist/index.js",
      "manifestSha256": "81ac04bbcbc8d80bdb28bcb88cabe8345ffabc6b4c9389fd74c85fab76a0aac6",
      "integrity": "sha512-/FtbxoSQU/mEv1QnichJjRjqteqaIaMWxmhB4G367+MwZfX7/DI5B9YAg5lqbN7nztFskBEtUSZ+FlmMBECtMw=="
    },
    "@earendil-works/pi-tui": {
      "version": "1.0.0",
      "entry": "/home/xupeng/dev/personal/forked/agegr-pi-web-worktrees/ask-user-host-validation-20261006-01a10f47/node_modules/@earendil-works/pi-tui/dist/index.js",
      "manifestSha256": "fe50825bc1a6ad777a24191e2d1b4e0f12f90136e01f0b1b9ec02e4059be9a97",
      "integrity": "sha512-JsT7kXnpZA2YOtQu6RyriyxEO0eJIzPyfiH09bH+OLN5+s18HYkwaUD/tBkjhnSfMu6/50CQPRYJagzSP6HdPw=="
    }
  },
  "external": {
    "source": "/home/xupeng/dev/personal/pi-extensions/pi-ask-user",
    "gitHead": "59e0256c869e9ce04abffc1204537c7bf1501450",
    "copiedPackage": "/home/xupeng/.cache/pi-tmp/01a10fa1-d7ee-753b-a8de-d7aa28090808/ask-user-candidate-installed-i4g8bb8l/actual-installed-package-copy",
    "copiedHashes": {
      "package.json": "116cac0baeebc94becdc67b7df510abf49e9056f10491c06481706f9bb5a0d65",
      "index.ts": "0354e93b13d3e09d5fb22e9bf23d5e0c0b897607bc67b9b389d6262e30e596e3",
      "bridge.ts": "da00495c4ef01705f9a6d11e5124adeafc3a458c426b1b0738808717098abe8c",
      "tool.ts": "af64e24c6751d0302e22d4f8fd68d33f2a6e64d258f81ba8c076fe9df56e28af",
      "types.ts": "49b668c5595113ca4a8436e1a575adf3c893907fcb456c5a0982f965690009e9",
      "validation.ts": "60a62e9a049049b174484c51a9757ac80499a13776d6904bad2f7cd76a4f2158",
      "format.ts": "b0cae45f07111d4c22303123d5b723a1810146fde4a2c644adff5a90710ae3ce",
      "tui-state.ts": "2a24269a4c37c0baacefe3ef3b7973cae1212b43f86242ae1a28c580d3838d38",
      "tui-form.ts": "b17378a1ff22d8e630662281dab3889f688ee04dd82992347998565c30599688",
      "tui-host.ts": "b4ce9158e07360575ee5231553250b0367936025be3ae26d7e62436188b99c71",
      "LICENSE": "13a1507b2bebae0b00656dd32d3646a01b46590acb129856205806479d2581d6"
    }
  },
  "effective": {
    "sourcePath": "/home/xupeng/.cache/pi-tmp/01a10fa1-d7ee-753b-a8de-d7aa28090808/ask-user-candidate-installed-i4g8bb8l/actual-installed-package-copy/index.ts",
    "sourceInfo": {
      "path": "/home/xupeng/.cache/pi-tmp/01a10fa1-d7ee-753b-a8de-d7aa28090808/ask-user-candidate-installed-i4g8bb8l/actual-installed-package-copy/index.ts",
      "source": "/home/xupeng/.cache/pi-tmp/01a10fa1-d7ee-753b-a8de-d7aa28090808/ask-user-candidate-installed-i4g8bb8l/actual-installed-package-copy",
      "scope": "user",
      "origin": "package",
      "baseDir": "/home/xupeng/.cache/pi-tmp/01a10fa1-d7ee-753b-a8de-d7aa28090808/ask-user-candidate-installed-i4g8bb8l/actual-installed-package-copy"
    },
    "exposure": "model-only",
    "executeSchemaSourceIdentityPreserved": true
  },
  "wrapperRegistration": "isolated probe-owned Map; real SDK services/AgentSession + real AgentSessionWrapper.start/bind/commands",
  "sessionId": "01a10fbf-b517-770d-bbc2-874cf257f83d",
  "observations": [
    {
      "stage": "initial",
      "providerCalls": 1,
      "opens": 1,
      "persistedAskId": "b7b9a826-ffe1-40e4-8bec-e25464d32aa9"
    },
    {
      "stage": "submit-follow-up",
      "providerCalls": 2,
      "sessionId": "01a10fbf-b517-770d-bbc2-874cf257f83d",
      "unansweredIds": [
        "skipped"
      ]
    },
    {
      "stage": "reload-1-cancel-follow-up",
      "providerCalls": 4,
      "sessionId": "01a10fbf-b517-770d-bbc2-874cf257f83d",
      "askId": "a7011569-9a25-4a19-a705-9e59224d348d"
    },
    {
      "stage": "reload-2-cancel-follow-up",
      "providerCalls": 6,
      "sessionId": "01a10fbf-b517-770d-bbc2-874cf257f83d",
      "askId": "88f2c0fe-6459-4188-beab-544703ef8b2a"
    },
    {
      "stage": "reload-3-cancel-follow-up",
      "providerCalls": 8,
      "sessionId": "01a10fbf-b517-770d-bbc2-874cf257f83d",
      "askId": "50b0ca29-3ef1-4e76-b8bf-7eb99f75c35b"
    }
  ],
  "providerCalls": 9,
  "directTerminate": true,
  "opened": 5,
  "closed": 5,
  "uiCustom": 0,
  "rawToolResultCount": 4,
  "persistedMirrorCleared": true,
  "sessionFile": "/home/xupeng/.cache/pi-tmp/01a10fa1-d7ee-753b-a8de-d7aa28090808/ask-user-candidate-installed-i4g8bb8l/agent/sessions/2026-10-06T05-46-24-407Z_01a10fbf-b517-770d-bbc2-874cf257f83d.jsonl",
  "oldAskUserFalseAndEnv0": true,
  "runtimeOffline": "1",
  "networkInterfaces": [
    "lo"
  ],
  "callRecords": [
    {
      "number": 1,
      "role": "user",
      "text": "{\"role\":\"user\",\"content\":[{\"type\":\"text\",\"text\":\"Post actual installed ask\"}],\"timestamp\":1791265584705}"
    },
    {
      "number": 2,
      "role": "user",
      "text": "{\"role\":\"user\",\"content\":[{\"type\":\"text\",\"text\":\"The user submitted answers to your questions.\\n\\n- scope: Actual package: choose scope?\\n  Answered: selected small\\n- regions: Choose regions?\\n  Answered: selected eu; selected us\\n- custom: Custom input?\\n  Answered: custom: \\\"Actual custom answer\\\"\\n- skipped: Leave unanswered?\\n  Unanswered.\\n\\nAnswered 3 of 4; unanswered: skipped\\n\\nSupplement (user-provided, beyond the questions): \\\"Actual supplement\\\"\"}],\"timestamp\":1791265584718}"
    },
    {
      "number": 3,
      "role": "user",
      "text": "{\"role\":\"user\",\"content\":[{\"type\":\"text\",\"text\":\"Actual installed ask after reload 1\"}],\"timestamp\":1791265584837}"
    },
    {
      "number": 4,
      "role": "user",
      "text": "{\"role\":\"user\",\"content\":[{\"type\":\"text\",\"text\":\"The question set was closed (cancelled) before it was fully answered.\\n\\n- scope: Actual package: choose scope?\\n  Unanswered.\\n- regions: Choose regions?\\n  Unanswered.\\n- custom: Custom input?\\n  Unanswered.\\n- skipped: Leave unanswered?\\n  Unanswered.\\n\\nAnswered 0 of 4; unanswered: scope, regions, custom, skipped\"}],\"timestamp\":1791265584848}"
    },
    {
      "number": 5,
      "role": "user",
      "text": "{\"role\":\"user\",\"content\":[{\"type\":\"text\",\"text\":\"Actual installed ask after reload 2\"}],\"timestamp\":1791265584964}"
    },
    {
      "number": 6,
      "role": "user",
      "text": "{\"role\":\"user\",\"content\":[{\"type\":\"text\",\"text\":\"The question set was closed (cancelled) before it was fully answered.\\n\\n- scope: Actual package: choose scope?\\n  Unanswered.\\n- regions: Choose regions?\\n  Unanswered.\\n- custom: Custom input?\\n  Unanswered.\\n- skipped: Leave unanswered?\\n  Unanswered.\\n\\nAnswered 0 of 4; unanswered: scope, regions, custom, skipped\"}],\"timestamp\":1791265584975}"
    },
    {
      "number": 7,
      "role": "user",
      "text": "{\"role\":\"user\",\"content\":[{\"type\":\"text\",\"text\":\"Actual installed ask after reload 3\"}],\"timestamp\":1791265585081}"
    },
    {
      "number": 8,
      "role": "user",
      "text": "{\"role\":\"user\",\"content\":[{\"type\":\"text\",\"text\":\"The question set was closed (cancelled) before it was fully answered.\\n\\n- scope: Actual package: choose scope?\\n  Unanswered.\\n- regions: Choose regions?\\n  Unanswered.\\n- custom: Custom input?\\n  Unanswered.\\n- skipped: Leave unanswered?\\n  Unanswered.\\n\\nAnswered 0 of 4; unanswered: scope, regions, custom, skipped\"}],\"timestamp\":1791265585094}"
    },
    {
      "number": 9,
      "role": "user",
      "text": "{\"role\":\"user\",\"content\":[{\"type\":\"text\",\"text\":\"The question set was closed (cancelled) before it was fully answered.\\n\\n- scope: Actual package: choose scope?\\n  Unanswered.\\n- regions: Choose regions?\\n  Unanswered.\\n- custom: Custom input?\\n  Unanswered.\\n- skipped: Leave unanswered?\\n  Unanswered.\\n\\nAnswered 0 of 4; unanswered: scope, regions, custom, skipped\"}],\"timestamp\":1791265585105}"
    }
  ]
}
