pi-tmp: workspace /home/xupeng/.cache/pi-tmp/01a10fa1-d7ee-753b-a8de-d7aa28090808/ask-user-final-candidate-installed-apputxaz
node:internal/modules/run_main:107
    triggerUncaughtException(
    ^

AssertionError [ERR_ASSERTION]: Expected values to be strictly equal:
+ actual - expected

+ '?? test-results'
- ''

    at file:///home/xupeng/dev/personal/forked/agegr-pi-web/.trellis/tasks/10-06-ask-user-host-integration/research/candidate-installed-probe.mjs:25:8
    at ModuleJob.run (node:internal/modules/esm/module_job:561:25)
    at async node:internal/modules/esm/loader:647:26
    at async asyncRunEntryPointWithESMLoader (node:internal/modules/run_main:101:5) {
  generatedMessage: true,
  code: 'ERR_ASSERTION',
  actual: '?? test-results',
  expected: '',
  operator: 'strictEqual',
  diff: 'simple'
}

Node.js v24.21.0
pi-tmp: retained failure workspace (7 idle days): /home/xupeng/.cache/pi-tmp/01a10fa1-d7ee-753b-a8de-d7aa28090808/ask-user-final-candidate-installed-apputxaz
