{
  "baseline": "/home/xupeng/dev/personal/forked/agegr-pi-web-worktrees/ask-user-host-validation-20261006-01a10f47",
  "baselineRef": "128fc3c7dd8cdf60aa4ebe12e7ec3c75c964f61f",
  "environmentKeys": [
    "HOME",
    "JITI_FS_CACHE",
    "PATH",
    "PI_CODING_AGENT_DIR",
    "PI_OFFLINE",
    "PI_TASK_TMPDIR",
    "TMPDIR"
  ],
  "scratch": "/home/xupeng/.cache/pi-tmp/01a10fa1-d7ee-753b-a8de-d7aa28090808/ask-user-baseline-probe-igy5fi14",
  "external": {
    "source": "/home/xupeng/dev/personal/pi-extensions/pi-ask-user",
    "gitHead": "59e0256c869e9ce04abffc1204537c7bf1501450",
    "gitStatus": "",
    "copiedPackage": "/home/xupeng/.cache/pi-tmp/01a10fa1-d7ee-753b-a8de-d7aa28090808/ask-user-baseline-probe-igy5fi14/actual-system-package-copy",
    "copiedHashes": {
      "package.json": "116cac0baeebc94becdc67b7df510abf49e9056f10491c06481706f9bb5a0d65",
      "index.ts": "0354e93b13d3e09d5fb22e9bf23d5e0c0b897607bc67b9b389d6262e30e596e3",
      "bridge.ts": "da00495c4ef01705f9a6d11e5124adeafc3a458c426b1b0738808717098abe8c",
      "tool.ts": "af64e24c6751d0302e22d4f8fd68d33f2a6e64d258f81ba8c076fe9df56e28af",
      "types.ts": "49b668c5595113ca4a8436e1a575adf3c893907fcb456c5a0982f965690009e9",
      "validation.ts": "60a62e9a049049b174484c51a9757ac80499a13776d6904bad2f7cd76a4f2158",
      "format.ts": "b0cae45f07111d4c22303123d5b723a1810146fde4a2c644adff5a90710ae3ce",
      "tui-state.ts": "2a24269a4c37c0baacefe3ef3b7973cae1212b43f86242ae1a28c580d3838d38",
      "tui-form.ts": "b17378a1ff22d8e630662281dab3889f688ee04dd82992347998565c30599688",
      "tui-host.ts": "b4ce9158e07360575ee5231553250b0367936025be3ae26d7e62436188b99c71",
      "LICENSE": "13a1507b2bebae0b00656dd32d3646a01b46590acb129856205806479d2581d6"
    },
    "packageManifest": {
      "name": "pi-ask-user",
      "version": "0.0.0",
      "private": true,
      "type": "module",
      "description": "Canonical portable ask_user tool core with an explicit, loader-scoped host bridge. Locally installable; not published.",
      "keywords": [
        "pi-package",
        "pi-extension",
        "pi-coding-agent",
        "ask-user"
      ],
      "license": "MIT",
      "files": [
        "index.ts",
        "bridge.ts",
        "tool.ts",
        "types.ts",
        "validation.ts",
        "format.ts",
        "tui-state.ts",
        "tui-form.ts",
        "tui-host.ts",
        "README.md",
        "LICENSE"
      ],
      "pi": {
        "extensions": [
          "./index.ts"
        ]
      },
      "scripts": {
        "test": "node --test",
        "test:bridge": "node --test bridge.test.mjs",
        "test:discovery": "node --test discovery.test.mjs",
        "test:tui": "node --test tui.test.mjs sdk-tui.test.mjs",
        "test:pty": "python3 scripts/tui-pty-probe.py",
        "typecheck": "tsc --noEmit"
      },
      "peerDependencies": {
        "@earendil-works/pi-ai": "*",
        "@earendil-works/pi-coding-agent": "*",
        "@earendil-works/pi-tui": "*"
      },
      "devDependencies": {
        "@earendil-works/pi-ai": "0.85.1",
        "@earendil-works/pi-coding-agent": "0.85.1",
        "@earendil-works/pi-tui": "0.85.1",
        "@types/node": "22.19.0",
        "jiti": "2.7.0",
        "typescript": "5.9.3"
      },
      "engines": {
        "node": ">=22.19.0"
      }
    }
  },
  "sdkIdentity": {
    "@earendil-works/pi-agent-core": {
      "version": "1.0.0",
      "manifest": "/home/xupeng/dev/personal/forked/agegr-pi-web-worktrees/ask-user-host-validation-20261006-01a10f47/node_modules/@earendil-works/pi-agent-core/package.json",
      "entry": "/home/xupeng/dev/personal/forked/agegr-pi-web-worktrees/ask-user-host-validation-20261006-01a10f47/node_modules/@earendil-works/pi-agent-core/dist/index.js",
      "manifestSha256": "1764bf34dd87eac46013c31a843e30fc118c525bf079d3c9ad95c39e399fca17",
      "integrity": "sha512-bHFONjtEBDqiV+g1DmmtkSlfAaqHELr+XO+6I5Nah4gswwZrLJO4yZB/JjsnlI4AKWTayBLfgS6DCbeBBz9e2Q=="
    },
    "@earendil-works/pi-ai": {
      "version": "1.0.0",
      "manifest": "/home/xupeng/dev/personal/forked/agegr-pi-web-worktrees/ask-user-host-validation-20261006-01a10f47/node_modules/@earendil-works/pi-ai/package.json",
      "entry": "/home/xupeng/dev/personal/forked/agegr-pi-web-worktrees/ask-user-host-validation-20261006-01a10f47/node_modules/@earendil-works/pi-ai/dist/index.js",
      "manifestSha256": "62c8159c939f1f9fae53a9b003e7bd9136979bcceeca61bd1f2cf41082763736",
      "integrity": "sha512-3/W1vdDaVtpeMd23ElvJC12HLA5yS/BGqqcXF+0SK082dN7cbgNcCwguTBRBC258Ke8SzSvUW1B75iAf8w8IxA=="
    },
    "@earendil-works/pi-coding-agent": {
      "version": "1.0.0",
      "manifest": "/home/xupeng/dev/personal/forked/agegr-pi-web-worktrees/ask-user-host-validation-20261006-01a10f47/node_modules/@earendil-works/pi-coding-agent/package.json",
      "entry": "/home/xupeng/dev/personal/forked/agegr-pi-web-worktrees/ask-user-host-validation-20261006-01a10f47/node_modules/@earendil-works/pi-coding-agent/dist/index.js",
      "manifestSha256": "81ac04bbcbc8d80bdb28bcb88cabe8345ffabc6b4c9389fd74c85fab76a0aac6",
      "integrity": "sha512-/FtbxoSQU/mEv1QnichJjRjqteqaIaMWxmhB4G367+MwZfX7/DI5B9YAg5lqbN7nztFskBEtUSZ+FlmMBECtMw=="
    },
    "@earendil-works/pi-tui": {
      "version": "1.0.0",
      "manifest": "/home/xupeng/dev/personal/forked/agegr-pi-web-worktrees/ask-user-host-validation-20261006-01a10f47/node_modules/@earendil-works/pi-tui/package.json",
      "entry": "/home/xupeng/dev/personal/forked/agegr-pi-web-worktrees/ask-user-host-validation-20261006-01a10f47/node_modules/@earendil-works/pi-tui/dist/index.js",
      "manifestSha256": "fe50825bc1a6ad777a24191e2d1b4e0f12f90136e01f0b1b9ec02e4059be9a97",
      "integrity": "sha512-JsT7kXnpZA2YOtQu6RyriyxEO0eJIzPyfiH09bH+OLN5+s18HYkwaUD/tBkjhnSfMu6/50CQPRYJagzSP6HdPw=="
    }
  },
  "lockSha256": "18c40d7685f7501d46e66450e5470fd064124f9662b17ac310fce042491d322f",
  "cases": [
    {
      "gate": "1",
      "registrations": [
        {
          "path": "/home/xupeng/.cache/pi-tmp/01a10fa1-d7ee-753b-a8de-d7aa28090808/ask-user-baseline-probe-igy5fi14/actual-system-package-copy/index.ts",
          "sourceInfo": {
            "path": "/home/xupeng/.cache/pi-tmp/01a10fa1-d7ee-753b-a8de-d7aa28090808/ask-user-baseline-probe-igy5fi14/actual-system-package-copy/index.ts",
            "source": "/home/xupeng/.cache/pi-tmp/01a10fa1-d7ee-753b-a8de-d7aa28090808/ask-user-baseline-probe-igy5fi14/actual-system-package-copy",
            "scope": "user",
            "origin": "package",
            "baseDir": "/home/xupeng/.cache/pi-tmp/01a10fa1-d7ee-753b-a8de-d7aa28090808/ask-user-baseline-probe-igy5fi14/actual-system-package-copy"
          },
          "askUserRegistered": true,
          "exposure": null
        },
        {
          "path": "<inline:pi-web-ask-user>",
          "sourceInfo": {
            "path": "<inline:pi-web-ask-user>",
            "source": "inline",
            "scope": "temporary",
            "origin": "top-level"
          },
          "askUserRegistered": true,
          "exposure": "model-only"
        }
      ],
      "diagnostics": [
        {
          "path": "<inline:pi-web-ask-user>",
          "error": "Tool \"ask_user\" conflicts with /home/xupeng/.cache/pi-tmp/01a10fa1-d7ee-753b-a8de-d7aa28090808/ask-user-baseline-probe-igy5fi14/actual-system-package-copy/index.ts"
        }
      ],
      "effective": {
        "extensionPath": "/home/xupeng/.cache/pi-tmp/01a10fa1-d7ee-753b-a8de-d7aa28090808/ask-user-baseline-probe-igy5fi14/actual-system-package-copy/index.ts",
        "sourceInfo": {
          "path": "/home/xupeng/.cache/pi-tmp/01a10fa1-d7ee-753b-a8de-d7aa28090808/ask-user-baseline-probe-igy5fi14/actual-system-package-copy/index.ts",
          "source": "/home/xupeng/.cache/pi-tmp/01a10fa1-d7ee-753b-a8de-d7aa28090808/ask-user-baseline-probe-igy5fi14/actual-system-package-copy",
          "scope": "user",
          "origin": "package",
          "baseDir": "/home/xupeng/.cache/pi-tmp/01a10fa1-d7ee-753b-a8de-d7aa28090808/ask-user-baseline-probe-igy5fi14/actual-system-package-copy"
        },
        "rawExposure": null,
        "normalizedExposure": "direct"
      },
      "mode": "rpc",
      "hasUI": true,
      "error": "ask_user: expected exactly one synchronous host bridge on \"pi.ask-user.bridge:resolve-open:v1\" (got 0)",
      "opens": 0,
      "lookups": 0,
      "uiCustom": 0,
      "posted": 0,
      "pending": null
    },
    {
      "gate": "0",
      "registrations": [
        {
          "path": "/home/xupeng/.cache/pi-tmp/01a10fa1-d7ee-753b-a8de-d7aa28090808/ask-user-baseline-probe-igy5fi14/actual-system-package-copy/index.ts",
          "sourceInfo": {
            "path": "/home/xupeng/.cache/pi-tmp/01a10fa1-d7ee-753b-a8de-d7aa28090808/ask-user-baseline-probe-igy5fi14/actual-system-package-copy/index.ts",
            "source": "/home/xupeng/.cache/pi-tmp/01a10fa1-d7ee-753b-a8de-d7aa28090808/ask-user-baseline-probe-igy5fi14/actual-system-package-copy",
            "scope": "user",
            "origin": "package",
            "baseDir": "/home/xupeng/.cache/pi-tmp/01a10fa1-d7ee-753b-a8de-d7aa28090808/ask-user-baseline-probe-igy5fi14/actual-system-package-copy"
          },
          "askUserRegistered": true,
          "exposure": null
        },
        {
          "path": "<inline:pi-web-ask-user>",
          "sourceInfo": {
            "path": "<inline:pi-web-ask-user>",
            "source": "inline",
            "scope": "temporary",
            "origin": "top-level"
          },
          "askUserRegistered": false,
          "exposure": null
        }
      ],
      "diagnostics": [],
      "effective": {
        "extensionPath": "/home/xupeng/.cache/pi-tmp/01a10fa1-d7ee-753b-a8de-d7aa28090808/ask-user-baseline-probe-igy5fi14/actual-system-package-copy/index.ts",
        "sourceInfo": {
          "path": "/home/xupeng/.cache/pi-tmp/01a10fa1-d7ee-753b-a8de-d7aa28090808/ask-user-baseline-probe-igy5fi14/actual-system-package-copy/index.ts",
          "source": "/home/xupeng/.cache/pi-tmp/01a10fa1-d7ee-753b-a8de-d7aa28090808/ask-user-baseline-probe-igy5fi14/actual-system-package-copy",
          "scope": "user",
          "origin": "package",
          "baseDir": "/home/xupeng/.cache/pi-tmp/01a10fa1-d7ee-753b-a8de-d7aa28090808/ask-user-baseline-probe-igy5fi14/actual-system-package-copy"
        },
        "rawExposure": null,
        "normalizedExposure": "direct"
      },
      "mode": "rpc",
      "hasUI": true,
      "error": "ask_user: expected exactly one synchronous host bridge on \"pi.ask-user.bridge:resolve-open:v1\" (got 0)",
      "opens": 0,
      "lookups": 0,
      "uiCustom": 0,
      "posted": 0,
      "pending": null
    }
  ]
}
