ref=128fc3c7dd8cdf60aa4ebe12e7ec3c75c964f61f
v24.21.0
11.19.0
8d6f804dcbc7118c979d6c0a1e88c211d543b254125000d5a34ad04e15ca8713  package.json
18c40d7685f7501d46e66450e5470fd064124f9662b17ac310fce042491d322f  package-lock.json
npm warn deprecated node-domexception@1.0.0: Use your platform's native DOMException instead
npm warn deprecated node-domexception@1.0.0: Use your platform's native DOMException instead

> @xup3ng/pi-web@0.12.0 postinstall
> node bin/prepare-terminal.js


added 906 packages, and audited 907 packages in 12s

276 packages are looking for funding
  run `npm fund` for details

17 vulnerabilities (6 low, 4 moderate, 7 high)

To address issues that do not require attention, run:
  npm audit fix

To address all issues (including breaking changes), run:
  npm audit fix --force

Run `npm audit` for details.
npm warn install-scripts 7 packages have install scripts not yet covered by allowScripts:
npm warn install-scripts   @google/genai@2.21.0 (preinstall: echo 'preinstall: no-op')
npm warn install-scripts   node-pty@1.2.0-beta.15 (install: node scripts/prebuild.js || node-gyp rebuild; postinstall: node scripts/post-install.js)
npm warn install-scripts   protobufjs@7.6.6 (postinstall: node scripts/postinstall)
npm warn install-scripts   unrs-resolver@1.11.1 (postinstall: napi-postinstall unrs-resolver 1.11.1 check)
npm warn install-scripts   @google/genai@2.21.0 (preinstall: echo 'preinstall: no-op')
npm warn install-scripts   esbuild@0.28.2 (postinstall: node install.js)
npm warn install-scripts   protobufjs@7.6.6 (postinstall: node scripts/postinstall)
npm warn install-scripts
npm warn install-scripts Run `npm install-scripts ls` to review, or `npm install-scripts approve <pkg>` to allow.

npm_ci_exit=0
8d6f804dcbc7118c979d6c0a1e88c211d543b254125000d5a34ad04e15ca8713  package.json
18c40d7685f7501d46e66450e5470fd064124f9662b17ac310fce042491d322f  package-lock.json
