✔ clean projects stay on the normal trusted load path (9.510253ms)
✔ project extensions execute only after the project is trusted (124.147841ms)
✔ trusting reports the decision it wrote, so a failed read afterwards cannot fail it (2.859193ms)
✔ the reload resolver reads the latest persisted trust decision (2.59649ms)
✔ the status tells exact, inherited, refused and missing decisions apart (4.73092ms)
✔ a folder that requires no trust still reports the decision it would inherit (2.358089ms)
✔ a folder opened through a link is trusted exactly, as trust.json keys it by its real path (1.955531ms)
✔ an unreadable trust store does not fail a folder that requires no trust (1.775461ms)
✔ the fresh trust read follows the folder's resources and every decision as it changes (4.25955ms)
✔ an unparsable trust store counts as untrusted, with one warning per error (3.093838ms)
✔ a trust store still locked by another process counts as untrusted, with one warning naming it (362.74131ms)
✔ all project resource loaders and reloads enforce project trust (1.867555ms)
✔ the trust API invalidates cached models and restricted runtimes (0.836714ms)
✔ the fresh check looks for exactly what makes the SDK require trust (5.301195ms)
✔ the fresh check also counts links to nothing, which existsSync skips (2.356382ms)
✔ a fresh folder is trusted first, then written, as one step (4.195666ms)
✔ a write that fails takes the trust back, and says so when it cannot (183.838788ms)
✔ a folder that changed under the step is refused unwritten and untrusted (9.018942ms)
✔ an unreadable trust store refuses the step before anything is written (1.868659ms)
✔ a folder whose trust would reach further is never trusted by itself (2.316855ms)
✔ a fresh folder that holds a project with no decision is never trusted by the step (4.947616ms)
✔ the scan below a fresh folder finds each kind of project, deep enough and no further (17.84211ms)
✔ a folder too large to scan is refused rather than trusted unchecked (120.585635ms)
✔ a project cloned into the folder after the panel offered the step stops it inside the chain (4.310277ms)
✔ a step that waits for the folder gets its turn after an earlier one failed and was undone (23.788433ms)
✔ of two steps for one folder at once, the later finds it no longer fresh and takes nothing back (22.679777ms)
ℹ tests 26
ℹ suites 0
ℹ pass 26
ℹ fail 0
ℹ cancelled 0
ℹ skipped 0
ℹ todo 0
ℹ duration_ms 1733.190933
