pi-tmp: workspace /home/xupeng/.cache/pi-tmp/01a10fa1-d7ee-753b-a8de-d7aa28090808/ask-user-candidate-installed-ufjf82c5
node:internal/modules/run_main:107
    triggerUncaughtException(
    ^

AssertionError [ERR_ASSERTION]: Expected values to be strictly deep-equal:
+ actual - expected

  {
    baseDir: '/home/xupeng/.cache/pi-tmp/01a10fa1-d7ee-753b-a8de-d7aa28090808/ask-user-candidate-installed-ufjf82c5/actual-installed-package-copy',
+   origin: 'package',
-   origin: 'top-level',
    path: '/home/xupeng/.cache/pi-tmp/01a10fa1-d7ee-753b-a8de-d7aa28090808/ask-user-candidate-installed-ufjf82c5/actual-installed-package-copy/index.ts',
+   scope: 'user',
+   source: '/home/xupeng/.cache/pi-tmp/01a10fa1-d7ee-753b-a8de-d7aa28090808/ask-user-candidate-installed-ufjf82c5/actual-installed-package-copy'
-   scope: 'temporary',
-   source: 'local'
  }

    at checkDiscovery (file:///home/xupeng/dev/personal/forked/agegr-pi-web/.trellis/tasks/10-06-ask-user-host-integration/research/candidate-installed-probe.mjs:141:10)
    at file:///home/xupeng/dev/personal/forked/agegr-pi-web/.trellis/tasks/10-06-ask-user-host-integration/research/candidate-installed-probe.mjs:154:9 {
  generatedMessage: true,
  code: 'ERR_ASSERTION',
  actual: {
    path: '/home/xupeng/.cache/pi-tmp/01a10fa1-d7ee-753b-a8de-d7aa28090808/ask-user-candidate-installed-ufjf82c5/actual-installed-package-copy/index.ts',
    source: '/home/xupeng/.cache/pi-tmp/01a10fa1-d7ee-753b-a8de-d7aa28090808/ask-user-candidate-installed-ufjf82c5/actual-installed-package-copy',
    scope: 'user',
    origin: 'package',
    baseDir: '/home/xupeng/.cache/pi-tmp/01a10fa1-d7ee-753b-a8de-d7aa28090808/ask-user-candidate-installed-ufjf82c5/actual-installed-package-copy'
  },
  expected: {
    path: '/home/xupeng/.cache/pi-tmp/01a10fa1-d7ee-753b-a8de-d7aa28090808/ask-user-candidate-installed-ufjf82c5/actual-installed-package-copy/index.ts',
    source: 'local',
    scope: 'temporary',
    origin: 'top-level',
    baseDir: '/home/xupeng/.cache/pi-tmp/01a10fa1-d7ee-753b-a8de-d7aa28090808/ask-user-candidate-installed-ufjf82c5/actual-installed-package-copy'
  },
  operator: 'deepStrictEqual',
  diff: 'simple'
}

Node.js v24.21.0
pi-tmp: retained failure workspace (7 idle days): /home/xupeng/.cache/pi-tmp/01a10fa1-d7ee-753b-a8de-d7aa28090808/ask-user-candidate-installed-ufjf82c5
