▲ Next.js 16.3.6 (Turbopack)
- Local:         http://127.0.0.1:44773
- Network:       http://127.0.0.1:44773
✓ Ready in 269ms
✓ Running next.config.ts took 28ms
- Experiments (use with caution):
  · proxyClientMaxBodySize: "128mb"

○ Compiling / ...
 GET / 200 in 3.1s (next.js: 2.3s, proxy.ts: 5ms, application-code: 786ms)
 GET / 200 in 41ms (next.js: 4ms, proxy.ts: 3ms, application-code: 34ms)
[pi-web] session_start dispatched to extensions for session 01a10fba-5f0e-76d1-8e2e-33dac9764d76
 POST /api/agent/new 200 in 1640ms (next.js: 409ms, proxy.ts: 6ms, application-code: 1225ms)
 POST /api/agent/01a10fba-5f0e-76d1-8e2e-33dac9764d76 200 in 1640ms (next.js: 1626ms, proxy.ts: 3ms, application-code: 11ms)
 POST /api/agent/01a10fba-5f0e-76d1-8e2e-33dac9764d76 200 in 48ms (next.js: 23ms, proxy.ts: 4ms, application-code: 21ms)
 GET /api/agent/01a10fba-5f0e-76d1-8e2e-33dac9764d76 200 in 9ms (next.js: 3ms, proxy.ts: 2ms, application-code: 3ms)
 GET /api/agent/01a10fba-5f0e-76d1-8e2e-33dac9764d76 200 in 8ms (next.js: 3ms, proxy.ts: 2ms, application-code: 3ms)
 GET /?session=01a10fba-5f0e-76d1-8e2e-33dac9764d76 200 in 51ms (next.js: 5ms, proxy.ts: 3ms, application-code: 42ms)
 GET /api/open-in-explorer 200 in 179ms (next.js: 168ms, proxy.ts: 7ms, application-code: 4ms)
 GET /api/agent/running 200 in 174ms (next.js: 165ms, proxy.ts: 4ms, application-code: 5ms)
 GET /api/home 200 in 427ms (next.js: 414ms, proxy.ts: 10ms, application-code: 3ms)
 GET /api/projects?force=1 200 in 461ms (next.js: 282ms, proxy.ts: 8ms, application-code: 171ms)
 GET /api/projects 200 in 474ms (next.js: 430ms, proxy.ts: 7ms, application-code: 37ms)
 GET /api/sessions?sessionId=01a10fba-5f0e-76d1-8e2e-33dac9764d76 200 in 470ms (next.js: 353ms, proxy.ts: 9ms, application-code: 108ms)
 GET /api/open-in-explorer 200 in 24ms (next.js: 11ms, proxy.ts: 10ms, application-code: 3ms)
 GET /api/home 200 in 31ms (next.js: 16ms, proxy.ts: 10ms, application-code: 5ms)
 GET /api/sessions?projectKey=%2Fhome%2Fxupeng%2F.cache%2Fpi-tmp%2F01a10f47-ae69-753b-a8de-d77bd690adfd%2Fask-user-browser-protocol-6zlqcdo0%2Fproject 200 in 19ms (next.js: 6ms, proxy.ts: 9ms, application-code: 5ms)
 GET /api/models?cwd=%2Fhome%2Fxupeng%2F.cache%2Fpi-tmp%2F01a10f47-ae69-753b-a8de-d77bd690adfd%2Fask-user-browser-protocol-6zlqcdo0%2Fproject 200 in 506ms (next.js: 267ms, proxy.ts: 9ms, application-code: 230ms)
 GET /api/project-trust?cwd=%2Fhome%2Fxupeng%2F.cache%2Fpi-tmp%2F01a10f47-ae69-753b-a8de-d77bd690adfd%2Fask-user-browser-protocol-6zlqcdo0%2Fproject 200 in 604ms (next.js: 577ms, proxy.ts: 9ms, application-code: 17ms)
 GET /api/worktrees?cwd=%2Fhome%2Fxupeng%2F.cache%2Fpi-tmp%2F01a10f47-ae69-753b-a8de-d77bd690adfd%2Fask-user-browser-protocol-6zlqcdo0%2Fproject 200 in 744ms (next.js: 319ms, proxy.ts: 7ms, application-code: 418ms)
 GET /api/git/status?cwd=%2Fhome%2Fxupeng%2F.cache%2Fpi-tmp%2F01a10f47-ae69-753b-a8de-d77bd690adfd%2Fask-user-browser-protocol-6zlqcdo0%2Fproject 200 in 749ms (next.js: 222ms, proxy.ts: 8ms, application-code: 518ms)
 GET /api/file-index?cwd=%2Fhome%2Fxupeng%2F.cache%2Fpi-tmp%2F01a10f47-ae69-753b-a8de-d77bd690adfd%2Fask-user-browser-protocol-6zlqcdo0%2Fproject 200 in 714ms (next.js: 423ms, proxy.ts: 8ms, application-code: 284ms)
 GET /api/models?cwd=%2Fhome%2Fxupeng%2F.cache%2Fpi-tmp%2F01a10f47-ae69-753b-a8de-d77bd690adfd%2Fask-user-browser-protocol-6zlqcdo0%2Fproject 200 in 176ms (next.js: 7ms, proxy.ts: 125ms, application-code: 45ms)
 GET /api/git/status?cwd=%2Fhome%2Fxupeng%2F.cache%2Fpi-tmp%2F01a10f47-ae69-753b-a8de-d77bd690adfd%2Fask-user-browser-protocol-6zlqcdo0%2Fproject 200 in 178ms (next.js: 8ms, proxy.ts: 125ms, application-code: 45ms)
 GET /api/files/home/xupeng/.cache/pi-tmp/01a10f47-ae69-753b-a8de-d77bd690adfd/ask-user-browser-protocol-6zlqcdo0/project?type=list 200 in 2.1s (next.js: 2.1s, proxy.ts: 8ms, application-code: 5ms)
 GET /api/files/home/xupeng/.cache/pi-tmp/01a10f47-ae69-753b-a8de-d77bd690adfd/ask-user-browser-protocol-6zlqcdo0/project?type=list 200 in 47ms (next.js: 43ms, proxy.ts: 2ms, application-code: 2ms)
 GET /api/agent/running 200 in 6ms (next.js: 1.8ms, proxy.ts: 2ms, application-code: 3ms)
 GET /api/sessions/01a10fba-5f0e-76d1-8e2e-33dac9764d76?deferThinking=1&deferMedia=1&tree=summary&force=1 200 in 1966ms (next.js: 1889ms, proxy.ts: 61ms, application-code: 16ms)
 GET /api/sessions/01a10fba-5f0e-76d1-8e2e-33dac9764d76?deferThinking=1&deferMedia=1&tree=summary&force=1 200 in 58ms (next.js: 49ms, proxy.ts: 3ms, application-code: 7ms)
 GET /api/sessions/01a10fba-5f0e-76d1-8e2e-33dac9764d76/state 200 in 1591ms (next.js: 1584ms, proxy.ts: 3ms, application-code: 5ms)
 POST /api/agent/01a10fba-5f0e-76d1-8e2e-33dac9764d76 200 in 49ms (next.js: 44ms, proxy.ts: 2ms, application-code: 3ms)
 GET /api/agent/running 200 in 10ms (next.js: 3ms, proxy.ts: 5ms, application-code: 2ms)
 GET /?session=ask-host-navigation-fixture 200 in 46ms (next.js: 4ms, proxy.ts: 1.9ms, application-code: 40ms)
 GET /api/agent/01a10fba-5f0e-76d1-8e2e-33dac9764d76/events 200 in 4.0s (next.js: 1706ms, proxy.ts: 124ms, application-code: 2.1s)
 GET /api/projects 200 in 15ms (next.js: 8ms, proxy.ts: 6ms, application-code: 1.8ms)
 GET /api/open-in-explorer 200 in 18ms (next.js: 10ms, proxy.ts: 6ms, application-code: 2ms)
 GET /api/agent/running 200 in 26ms (next.js: 13ms, proxy.ts: 7ms, application-code: 5ms)
 GET /api/home 200 in 28ms (next.js: 18ms, proxy.ts: 8ms, application-code: 1.8ms)
 GET /api/agent/running 200 in 19ms (next.js: 5ms, proxy.ts: 12ms, application-code: 1.9ms)
 GET /api/open-in-explorer 200 in 21ms (next.js: 7ms, proxy.ts: 12ms, application-code: 1.7ms)
 GET /api/sessions?sessionId=ask-host-navigation-fixture 200 in 46ms (next.js: 15ms, proxy.ts: 12ms, application-code: 18ms)
 GET /api/projects?force=1 200 in 44ms (next.js: 16ms, proxy.ts: 11ms, application-code: 17ms)
 GET /api/home 200 in 16ms (next.js: 4ms, proxy.ts: 10ms, application-code: 1.9ms)
 GET /api/worktrees?cwd=%2Fhome%2Fxupeng%2F.cache%2Fpi-tmp%2F01a10f47-ae69-753b-a8de-d77bd690adfd%2Fask-user-browser-protocol-6zlqcdo0%2Fproject 200 in 60ms (next.js: 7ms, proxy.ts: 5ms, application-code: 48ms)
 GET /api/git/status?cwd=%2Fhome%2Fxupeng%2F.cache%2Fpi-tmp%2F01a10f47-ae69-753b-a8de-d77bd690adfd%2Fask-user-browser-protocol-6zlqcdo0%2Fproject 200 in 104ms (next.js: 52ms, proxy.ts: 7ms, application-code: 45ms)
 GET /api/files/home/xupeng/.cache/pi-tmp/01a10f47-ae69-753b-a8de-d77bd690adfd/ask-user-browser-protocol-6zlqcdo0/project?type=list 200 in 157ms (next.js: 148ms, proxy.ts: 6ms, application-code: 3ms)
 GET /api/sessions?projectKey=%2Fhome%2Fxupeng%2F.cache%2Fpi-tmp%2F01a10f47-ae69-753b-a8de-d77bd690adfd%2Fask-user-browser-protocol-6zlqcdo0%2Fproject 200 in 155ms (next.js: 49ms, proxy.ts: 51ms, application-code: 55ms)
 GET /api/file-index?cwd=%2Fhome%2Fxupeng%2F.cache%2Fpi-tmp%2F01a10f47-ae69-753b-a8de-d77bd690adfd%2Fask-user-browser-protocol-6zlqcdo0%2Fproject 200 in 70ms (next.js: 10ms, proxy.ts: 58ms, application-code: 2ms)
 GET /api/project-trust?cwd=%2Fhome%2Fxupeng%2F.cache%2Fpi-tmp%2F01a10f47-ae69-753b-a8de-d77bd690adfd%2Fask-user-browser-protocol-6zlqcdo0%2Fproject 200 in 74ms (next.js: 11ms, proxy.ts: 59ms, application-code: 4ms)
 GET /api/models?cwd=%2Fhome%2Fxupeng%2F.cache%2Fpi-tmp%2F01a10f47-ae69-753b-a8de-d77bd690adfd%2Fask-user-browser-protocol-6zlqcdo0%2Fproject 200 in 27ms (next.js: 16ms, proxy.ts: 7ms, application-code: 4ms)
 GET /api/app-update 502 in 90ms (next.js: 16ms, proxy.ts: 11ms, application-code: 63ms)
 GET /api/sessions?projectKey=%2Fhome%2Fxupeng%2F.cache%2Fpi-tmp%2F01a10f47-ae69-753b-a8de-d77bd690adfd%2Fask-user-browser-protocol-6zlqcdo0%2Fproject 200 in 88ms (next.js: 61ms, proxy.ts: 15ms, application-code: 12ms)
 GET /api/git/status?cwd=%2Fhome%2Fxupeng%2F.cache%2Fpi-tmp%2F01a10f47-ae69-753b-a8de-d77bd690adfd%2Fask-user-browser-protocol-6zlqcdo0%2Fproject 200 in 91ms (next.js: 15ms, proxy.ts: 14ms, application-code: 61ms)
 GET /api/files/home/xupeng/.cache/pi-tmp/01a10f47-ae69-753b-a8de-d77bd690adfd/ask-user-browser-protocol-6zlqcdo0/project?type=list 200 in 128ms (next.js: 61ms, proxy.ts: 65ms, application-code: 2ms)
 GET /api/sessions/ask-host-navigation-fixture?deferThinking=1&deferMedia=1&tree=summary&force=1 200 in 137ms (next.js: 57ms, proxy.ts: 68ms, application-code: 12ms)
 GET /api/models?cwd=%2Fhome%2Fxupeng%2F.cache%2Fpi-tmp%2F01a10f47-ae69-753b-a8de-d77bd690adfd%2Fask-user-browser-protocol-6zlqcdo0%2Fproject 200 in 66ms (next.js: 58ms, proxy.ts: 5ms, application-code: 4ms)
[pi-web] session_start dispatched to extensions for session ask-host-navigation-fixture
 GET /api/git/status?cwd=%2Fhome%2Fxupeng%2F.cache%2Fpi-tmp%2F01a10f47-ae69-753b-a8de-d77bd690adfd%2Fask-user-browser-protocol-6zlqcdo0%2Fproject 200 in 202ms (next.js: 82ms, proxy.ts: 62ms, application-code: 58ms)
 GET /api/files/home/xupeng/.cache/pi-tmp/01a10f47-ae69-753b-a8de-d77bd690adfd/ask-user-browser-protocol-6zlqcdo0/project?type=list 200 in 173ms (next.js: 136ms, proxy.ts: 35ms, application-code: 3ms)
 GET /api/sessions/ask-host-navigation-fixture?deferThinking=1&deferMedia=1&tree=summary&force=1 200 in 227ms (next.js: 122ms, proxy.ts: 81ms, application-code: 24ms)
 GET /api/sessions/ask-host-navigation-fixture/state 200 in 58ms (next.js: 53ms, proxy.ts: 2ms, application-code: 3ms)
 POST /api/agent/ask-host-navigation-fixture 200 in 10ms (next.js: 3ms, proxy.ts: 3ms, application-code: 4ms)
 GET /api/agent/ask-host-navigation-fixture/events 200 in 522ms (next.js: 111ms, proxy.ts: 6ms, application-code: 406ms)
 GET /?session=01a10fba-5f0e-76d1-8e2e-33dac9764d76 200 in 49ms (next.js: 4ms, proxy.ts: 3ms, application-code: 42ms)
 GET /api/projects 200 in 17ms (next.js: 8ms, proxy.ts: 6ms, application-code: 2.0ms)
 GET /api/open-in-explorer 200 in 19ms (next.js: 10ms, proxy.ts: 7ms, application-code: 2ms)
 GET /api/agent/running 200 in 24ms (next.js: 14ms, proxy.ts: 8ms, application-code: 2ms)
 GET /api/home 200 in 28ms (next.js: 17ms, proxy.ts: 9ms, application-code: 2ms)
 GET /api/agent/running 200 in 26ms (next.js: 8ms, proxy.ts: 15ms, application-code: 2ms)
 GET /api/sessions?sessionId=01a10fba-5f0e-76d1-8e2e-33dac9764d76 200 in 43ms (next.js: 14ms, proxy.ts: 14ms, application-code: 15ms)
 GET /api/open-in-explorer 200 in 26ms (next.js: 10ms, proxy.ts: 11ms, application-code: 4ms)
 GET /api/home 200 in 25ms (next.js: 10ms, proxy.ts: 12ms, application-code: 2ms)
 GET /api/projects?force=1 200 in 55ms (next.js: 13ms, proxy.ts: 17ms, application-code: 25ms)
 GET /api/worktrees?cwd=%2Fhome%2Fxupeng%2F.cache%2Fpi-tmp%2F01a10f47-ae69-753b-a8de-d77bd690adfd%2Fask-user-browser-protocol-6zlqcdo0%2Fproject 200 in 78ms (next.js: 10ms, proxy.ts: 6ms, application-code: 62ms)
 GET /api/files/home/xupeng/.cache/pi-tmp/01a10f47-ae69-753b-a8de-d77bd690adfd/ask-user-browser-protocol-6zlqcdo0/project?type=list 200 in 137ms (next.js: 125ms, proxy.ts: 8ms, application-code: 3ms)
 GET /api/git/status?cwd=%2Fhome%2Fxupeng%2F.cache%2Fpi-tmp%2F01a10f47-ae69-753b-a8de-d77bd690adfd%2Fask-user-browser-protocol-6zlqcdo0%2Fproject 200 in 136ms (next.js: 69ms, proxy.ts: 9ms, application-code: 57ms)
 GET /api/sessions?projectKey=%2Fhome%2Fxupeng%2F.cache%2Fpi-tmp%2F01a10f47-ae69-753b-a8de-d77bd690adfd%2Fask-user-browser-protocol-6zlqcdo0%2Fproject 200 in 131ms (next.js: 53ms, proxy.ts: 63ms, application-code: 15ms)
 GET /api/file-index?cwd=%2Fhome%2Fxupeng%2F.cache%2Fpi-tmp%2F01a10f47-ae69-753b-a8de-d77bd690adfd%2Fask-user-browser-protocol-6zlqcdo0%2Fproject 200 in 39ms (next.js: 21ms, proxy.ts: 15ms, application-code: 3ms)
 GET /api/models?cwd=%2Fhome%2Fxupeng%2F.cache%2Fpi-tmp%2F01a10f47-ae69-753b-a8de-d77bd690adfd%2Fask-user-browser-protocol-6zlqcdo0%2Fproject 200 in 40ms (next.js: 13ms, proxy.ts: 18ms, application-code: 9ms)
 GET /api/project-trust?cwd=%2Fhome%2Fxupeng%2F.cache%2Fpi-tmp%2F01a10f47-ae69-753b-a8de-d77bd690adfd%2Fask-user-browser-protocol-6zlqcdo0%2Fproject 200 in 44ms (next.js: 14ms, proxy.ts: 25ms, application-code: 5ms)
 GET /api/app-update 502 in 51ms (next.js: 14ms, proxy.ts: 19ms, application-code: 17ms)
 GET /api/files/home/xupeng/.cache/pi-tmp/01a10f47-ae69-753b-a8de-d77bd690adfd/ask-user-browser-protocol-6zlqcdo0/project?type=list 200 in 63ms (next.js: 35ms, proxy.ts: 25ms, application-code: 3ms)
 GET /api/git/status?cwd=%2Fhome%2Fxupeng%2F.cache%2Fpi-tmp%2F01a10f47-ae69-753b-a8de-d77bd690adfd%2Fask-user-browser-protocol-6zlqcdo0%2Fproject 200 in 87ms (next.js: 12ms, proxy.ts: 26ms, application-code: 49ms)
 GET /api/sessions?projectKey=%2Fhome%2Fxupeng%2F.cache%2Fpi-tmp%2F01a10f47-ae69-753b-a8de-d77bd690adfd%2Fask-user-browser-protocol-6zlqcdo0%2Fproject 200 in 69ms (next.js: 52ms, proxy.ts: 8ms, application-code: 9ms)
 GET /api/sessions/01a10fba-5f0e-76d1-8e2e-33dac9764d76?deferThinking=1&deferMedia=1&tree=summary&force=1 200 in 76ms (next.js: 59ms, proxy.ts: 10ms, application-code: 6ms)
 GET /api/models?cwd=%2Fhome%2Fxupeng%2F.cache%2Fpi-tmp%2F01a10f47-ae69-753b-a8de-d77bd690adfd%2Fask-user-browser-protocol-6zlqcdo0%2Fproject 200 in 18ms (next.js: 5ms, proxy.ts: 9ms, application-code: 4ms)
 GET /api/sessions/01a10fba-5f0e-76d1-8e2e-33dac9764d76?deferThinking=1&deferMedia=1&tree=summary&force=1 200 in 15ms (next.js: 3ms, proxy.ts: 8ms, application-code: 5ms)
 GET /api/sessions/01a10fba-5f0e-76d1-8e2e-33dac9764d76/state 200 in 12ms (next.js: 4ms, proxy.ts: 3ms, application-code: 5ms)
 POST /api/agent/01a10fba-5f0e-76d1-8e2e-33dac9764d76 200 in 51ms (next.js: 44ms, proxy.ts: 2ms, application-code: 5ms)
 GET /api/agent/01a10fba-5f0e-76d1-8e2e-33dac9764d76 200 in 10ms (next.js: 4ms, proxy.ts: 3ms, application-code: 4ms)
 GET /api/agent/01a10fba-5f0e-76d1-8e2e-33dac9764d76/events 200 in 479ms (next.js: 13ms, proxy.ts: 9ms, application-code: 457ms)
 GET /?session=01a10fba-5f0e-76d1-8e2e-33dac9764d76 200 in 78ms (next.js: 5ms, proxy.ts: 3ms, application-code: 70ms)
 GET /api/projects 200 in 22ms (next.js: 10ms, proxy.ts: 9ms, application-code: 3ms)
 GET /api/open-in-explorer 200 in 28ms (next.js: 15ms, proxy.ts: 10ms, application-code: 3ms)
 GET /api/agent/running 200 in 32ms (next.js: 18ms, proxy.ts: 11ms, application-code: 4ms)
 GET /api/home 200 in 35ms (next.js: 21ms, proxy.ts: 11ms, application-code: 3ms)
 GET /api/sessions?sessionId=01a10fba-5f0e-76d1-8e2e-33dac9764d76 200 in 46ms (next.js: 19ms, proxy.ts: 14ms, application-code: 13ms)
 GET /api/projects?force=1 200 in 46ms (next.js: 21ms, proxy.ts: 14ms, application-code: 11ms)
 GET /api/agent/running 200 in 26ms (next.js: 9ms, proxy.ts: 15ms, application-code: 2ms)
 GET /api/open-in-explorer 200 in 22ms (next.js: 11ms, proxy.ts: 9ms, application-code: 1.9ms)
 GET /api/home 200 in 25ms (next.js: 11ms, proxy.ts: 12ms, application-code: 1.8ms)
 GET /api/worktrees?cwd=%2Fhome%2Fxupeng%2F.cache%2Fpi-tmp%2F01a10f47-ae69-753b-a8de-d77bd690adfd%2Fask-user-browser-protocol-6zlqcdo0%2Fproject 200 in 99ms (next.js: 5ms, proxy.ts: 12ms, application-code: 81ms)
 GET /api/git/status?cwd=%2Fhome%2Fxupeng%2F.cache%2Fpi-tmp%2F01a10f47-ae69-753b-a8de-d77bd690adfd%2Fask-user-browser-protocol-6zlqcdo0%2Fproject 200 in 101ms (next.js: 45ms, proxy.ts: 8ms, application-code: 48ms)
 GET /api/sessions?projectKey=%2Fhome%2Fxupeng%2F.cache%2Fpi-tmp%2F01a10f47-ae69-753b-a8de-d77bd690adfd%2Fask-user-browser-protocol-6zlqcdo0%2Fproject 200 in 101ms (next.js: 85ms, proxy.ts: 5ms, application-code: 11ms)
 GET /api/files/home/xupeng/.cache/pi-tmp/01a10f47-ae69-753b-a8de-d77bd690adfd/ask-user-browser-protocol-6zlqcdo0/project?type=list 200 in 152ms (next.js: 139ms, proxy.ts: 11ms, application-code: 2ms)
 GET /api/file-index?cwd=%2Fhome%2Fxupeng%2F.cache%2Fpi-tmp%2F01a10f47-ae69-753b-a8de-d77bd690adfd%2Fask-user-browser-protocol-6zlqcdo0%2Fproject 200 in 60ms (next.js: 9ms, proxy.ts: 49ms, application-code: 2ms)
 GET /api/models?cwd=%2Fhome%2Fxupeng%2F.cache%2Fpi-tmp%2F01a10f47-ae69-753b-a8de-d77bd690adfd%2Fask-user-browser-protocol-6zlqcdo0%2Fproject 200 in 25ms (next.js: 11ms, proxy.ts: 7ms, application-code: 7ms)
 GET /api/project-trust?cwd=%2Fhome%2Fxupeng%2F.cache%2Fpi-tmp%2F01a10f47-ae69-753b-a8de-d77bd690adfd%2Fask-user-browser-protocol-6zlqcdo0%2Fproject 200 in 28ms (next.js: 16ms, proxy.ts: 8ms, application-code: 3ms)
 GET /api/app-update 502 in 77ms (next.js: 12ms, proxy.ts: 8ms, application-code: 57ms)
 GET /api/git/status?cwd=%2Fhome%2Fxupeng%2F.cache%2Fpi-tmp%2F01a10f47-ae69-753b-a8de-d77bd690adfd%2Fask-user-browser-protocol-6zlqcdo0%2Fproject 200 in 79ms (next.js: 20ms, proxy.ts: 7ms, application-code: 51ms)
 GET /api/sessions?projectKey=%2Fhome%2Fxupeng%2F.cache%2Fpi-tmp%2F01a10f47-ae69-753b-a8de-d77bd690adfd%2Fask-user-browser-protocol-6zlqcdo0%2Fproject 200 in 79ms (next.js: 12ms, proxy.ts: 59ms, application-code: 8ms)
 GET /api/files/home/xupeng/.cache/pi-tmp/01a10f47-ae69-753b-a8de-d77bd690adfd/ask-user-browser-protocol-6zlqcdo0/project?type=list 200 in 31ms (next.js: 17ms, proxy.ts: 12ms, application-code: 3ms)
 GET /api/models?cwd=%2Fhome%2Fxupeng%2F.cache%2Fpi-tmp%2F01a10f47-ae69-753b-a8de-d77bd690adfd%2Fask-user-browser-protocol-6zlqcdo0%2Fproject 200 in 16ms (next.js: 8ms, proxy.ts: 6ms, application-code: 3ms)
 GET /api/sessions/01a10fba-5f0e-76d1-8e2e-33dac9764d76?deferThinking=1&deferMedia=1&tree=summary&force=1 200 in 76ms (next.js: 59ms, proxy.ts: 12ms, application-code: 5ms)
 GET /api/sessions/01a10fba-5f0e-76d1-8e2e-33dac9764d76?deferThinking=1&deferMedia=1&tree=summary&force=1 200 in 9ms (next.js: 3ms, proxy.ts: 2ms, application-code: 4ms)
 GET /api/sessions/01a10fba-5f0e-76d1-8e2e-33dac9764d76/state 200 in 53ms (next.js: 45ms, proxy.ts: 2ms, application-code: 5ms)
 POST /api/agent/01a10fba-5f0e-76d1-8e2e-33dac9764d76 200 in 9ms (next.js: 3ms, proxy.ts: 3ms, application-code: 4ms)
 GET /api/git/status?cwd=%2Fhome%2Fxupeng%2F.cache%2Fpi-tmp%2F01a10f47-ae69-753b-a8de-d77bd690adfd%2Fask-user-browser-protocol-6zlqcdo0%2Fproject 200 in 59ms (next.js: 3ms, proxy.ts: 4ms, application-code: 51ms)
 GET /api/files/home/xupeng/.cache/pi-tmp/01a10f47-ae69-753b-a8de-d77bd690adfd/ask-user-browser-protocol-6zlqcdo0/project?type=list 200 in 66ms (next.js: 58ms, proxy.ts: 4ms, application-code: 4ms)
 GET /api/agent/01a10fba-5f0e-76d1-8e2e-33dac9764d76 200 in 18ms (next.js: 4ms, proxy.ts: 10ms, application-code: 3ms)
 GET /api/agent/01a10fba-5f0e-76d1-8e2e-33dac9764d76/events 200 in 557ms (next.js: 103ms, proxy.ts: 6ms, application-code: 448ms)
[pi-web] session_start dispatched to extensions for session 01a10fba-5f0e-76d1-8e2e-33dac9764d76
 POST /api/agent/01a10fba-5f0e-76d1-8e2e-33dac9764d76 200 in 105ms (next.js: 3ms, proxy.ts: 3ms, application-code: 99ms)
 GET /api/agent/01a10fba-5f0e-76d1-8e2e-33dac9764d76 200 in 66ms (next.js: 60ms, proxy.ts: 3ms, application-code: 4ms)
 GET /?session=01a10fba-5f0e-76d1-8e2e-33dac9764d76 200 in 55ms (next.js: 4ms, proxy.ts: 2ms, application-code: 48ms)
 GET /api/open-in-explorer 200 in 25ms (next.js: 13ms, proxy.ts: 9ms, application-code: 3ms)
 GET /api/agent/running 200 in 34ms (next.js: 17ms, proxy.ts: 12ms, application-code: 4ms)
 GET /api/home 200 in 37ms (next.js: 20ms, proxy.ts: 14ms, application-code: 3ms)
 GET /api/projects 200 in 68ms (next.js: 12ms, proxy.ts: 6ms, application-code: 49ms)
 GET /api/sessions?sessionId=01a10fba-5f0e-76d1-8e2e-33dac9764d76 200 in 61ms (next.js: 22ms, proxy.ts: 19ms, application-code: 20ms)
 GET /api/agent/running 200 in 38ms (next.js: 15ms, proxy.ts: 20ms, application-code: 3ms)
 GET /api/projects?force=1 200 in 64ms (next.js: 22ms, proxy.ts: 19ms, application-code: 22ms)
 GET /api/open-in-explorer 200 in 34ms (next.js: 14ms, proxy.ts: 16ms, application-code: 5ms)
 GET /api/home 200 in 32ms (next.js: 13ms, proxy.ts: 16ms, application-code: 3ms)
 GET /api/worktrees?cwd=%2Fhome%2Fxupeng%2F.cache%2Fpi-tmp%2F01a10f47-ae69-753b-a8de-d77bd690adfd%2Fask-user-browser-protocol-6zlqcdo0%2Fproject 200 in 149ms (next.js: 8ms, proxy.ts: 9ms, application-code: 132ms)
 GET /api/git/status?cwd=%2Fhome%2Fxupeng%2F.cache%2Fpi-tmp%2F01a10f47-ae69-753b-a8de-d77bd690adfd%2Fask-user-browser-protocol-6zlqcdo0%2Fproject 200 in 151ms (next.js: 67ms, proxy.ts: 8ms, application-code: 76ms)
 GET /api/sessions?projectKey=%2Fhome%2Fxupeng%2F.cache%2Fpi-tmp%2F01a10f47-ae69-753b-a8de-d77bd690adfd%2Fask-user-browser-protocol-6zlqcdo0%2Fproject 200 in 151ms (next.js: 128ms, proxy.ts: 7ms, application-code: 15ms)
 GET /api/files/home/xupeng/.cache/pi-tmp/01a10f47-ae69-753b-a8de-d77bd690adfd/ask-user-browser-protocol-6zlqcdo0/project?type=list 200 in 217ms (next.js: 204ms, proxy.ts: 9ms, application-code: 4ms)
 GET /api/file-index?cwd=%2Fhome%2Fxupeng%2F.cache%2Fpi-tmp%2F01a10f47-ae69-753b-a8de-d77bd690adfd%2Fask-user-browser-protocol-6zlqcdo0%2Fproject 200 in 93ms (next.js: 14ms, proxy.ts: 76ms, application-code: 3ms)
 GET /api/project-trust?cwd=%2Fhome%2Fxupeng%2F.cache%2Fpi-tmp%2F01a10f47-ae69-753b-a8de-d77bd690adfd%2Fask-user-browser-protocol-6zlqcdo0%2Fproject 200 in 95ms (next.js: 15ms, proxy.ts: 75ms, application-code: 5ms)
 GET /api/sessions?projectKey=%2Fhome%2Fxupeng%2F.cache%2Fpi-tmp%2F01a10f47-ae69-753b-a8de-d77bd690adfd%2Fask-user-browser-protocol-6zlqcdo0%2Fproject 200 in 94ms (next.js: 18ms, proxy.ts: 10ms, application-code: 67ms)
 GET /api/git/status?cwd=%2Fhome%2Fxupeng%2F.cache%2Fpi-tmp%2F01a10f47-ae69-753b-a8de-d77bd690adfd%2Fask-user-browser-protocol-6zlqcdo0%2Fproject 200 in 100ms (next.js: 19ms, proxy.ts: 15ms, application-code: 66ms)
 GET /api/sessions/01a10fba-5f0e-76d1-8e2e-33dac9764d76?deferThinking=1&deferMedia=1&tree=summary&force=1 200 in 115ms (next.js: 96ms, proxy.ts: 10ms, application-code: 9ms)
 GET /api/models?cwd=%2Fhome%2Fxupeng%2F.cache%2Fpi-tmp%2F01a10f47-ae69-753b-a8de-d77bd690adfd%2Fask-user-browser-protocol-6zlqcdo0%2Fproject 200 in 93ms (next.js: 17ms, proxy.ts: 72ms, application-code: 4ms)
 GET /api/files/home/xupeng/.cache/pi-tmp/01a10f47-ae69-753b-a8de-d77bd690adfd/ask-user-browser-protocol-6zlqcdo0/project?type=list 200 in 44ms (next.js: 20ms, proxy.ts: 19ms, application-code: 4ms)
 GET /api/sessions/01a10fba-5f0e-76d1-8e2e-33dac9764d76?deferThinking=1&deferMedia=1&tree=summary&force=1 200 in 20ms (next.js: 10ms, proxy.ts: 5ms, application-code: 5ms)
 GET /api/sessions/01a10fba-5f0e-76d1-8e2e-33dac9764d76/state 200 in 12ms (next.js: 5ms, proxy.ts: 3ms, application-code: 5ms)
 POST /api/agent/01a10fba-5f0e-76d1-8e2e-33dac9764d76 200 in 11ms (next.js: 4ms, proxy.ts: 4ms, application-code: 4ms)
 GET /?session=01a10fba-5f0e-76d1-8e2e-33dac9764d76 200 in 33ms (next.js: 4ms, proxy.ts: 2ms, application-code: 27ms)
 GET /api/projects 200 in 17ms (next.js: 8ms, proxy.ts: 7ms, application-code: 1.9ms)
 GET /api/open-in-explorer 200 in 20ms (next.js: 10ms, proxy.ts: 7ms, application-code: 3ms)
 GET /api/home 200 in 26ms (next.js: 16ms, proxy.ts: 7ms, application-code: 2ms)
 GET /api/agent/running 200 in 34ms (next.js: 13ms, proxy.ts: 7ms, application-code: 13ms)
 GET /api/sessions?sessionId=01a10fba-5f0e-76d1-8e2e-33dac9764d76 200 in 39ms (next.js: 19ms, proxy.ts: 8ms, application-code: 13ms)
 GET /api/projects?force=1 200 in 40ms (next.js: 21ms, proxy.ts: 8ms, application-code: 11ms)
 GET /api/open-in-explorer 200 in 16ms (next.js: 5ms, proxy.ts: 9ms, application-code: 1.8ms)
 GET /api/agent/running 200 in 16ms (next.js: 6ms, proxy.ts: 8ms, application-code: 2ms)
 GET /api/home 200 in 19ms (next.js: 9ms, proxy.ts: 8ms, application-code: 1.9ms)
 GET /api/git/status?cwd=%2Fhome%2Fxupeng%2F.cache%2Fpi-tmp%2F01a10f47-ae69-753b-a8de-d77bd690adfd%2Fask-user-browser-protocol-6zlqcdo0%2Fproject 200 in 144ms (next.js: 54ms, proxy.ts: 8ms, application-code: 82ms)
 GET /api/worktrees?cwd=%2Fhome%2Fxupeng%2F.cache%2Fpi-tmp%2F01a10f47-ae69-753b-a8de-d77bd690adfd%2Fask-user-browser-protocol-6zlqcdo0%2Fproject 200 in 146ms (next.js: 10ms, proxy.ts: 7ms, application-code: 130ms)
 GET /api/sessions?projectKey=%2Fhome%2Fxupeng%2F.cache%2Fpi-tmp%2F01a10f47-ae69-753b-a8de-d77bd690adfd%2Fask-user-browser-protocol-6zlqcdo0%2Fproject 200 in 146ms (next.js: 92ms, proxy.ts: 8ms, application-code: 45ms)
 GET /api/git/status?cwd=%2Fhome%2Fxupeng%2F.cache%2Fpi-tmp%2F01a10f47-ae69-753b-a8de-d77bd690adfd%2Fask-user-browser-protocol-6zlqcdo0%2Fproject 200 in 146ms (next.js: 93ms, proxy.ts: 9ms, application-code: 44ms)
 GET /api/files/home/xupeng/.cache/pi-tmp/01a10f47-ae69-753b-a8de-d77bd690adfd/ask-user-browser-protocol-6zlqcdo0/project?type=list 200 in 190ms (next.js: 180ms, proxy.ts: 7ms, application-code: 2ms)
 GET /api/files/home/xupeng/.cache/pi-tmp/01a10f47-ae69-753b-a8de-d77bd690adfd/ask-user-browser-protocol-6zlqcdo0/project?type=list 200 in 194ms (next.js: 184ms, proxy.ts: 9ms, application-code: 1.9ms)
 GET /api/project-trust?cwd=%2Fhome%2Fxupeng%2F.cache%2Fpi-tmp%2F01a10f47-ae69-753b-a8de-d77bd690adfd%2Fask-user-browser-protocol-6zlqcdo0%2Fproject 200 in 100ms (next.js: 87ms, proxy.ts: 10ms, application-code: 3ms)
 GET /api/file-index?cwd=%2Fhome%2Fxupeng%2F.cache%2Fpi-tmp%2F01a10f47-ae69-753b-a8de-d77bd690adfd%2Fask-user-browser-protocol-6zlqcdo0%2Fproject 200 in 109ms (next.js: 8ms, proxy.ts: 10ms, application-code: 91ms)
 GET /api/sessions?projectKey=%2Fhome%2Fxupeng%2F.cache%2Fpi-tmp%2F01a10f47-ae69-753b-a8de-d77bd690adfd%2Fask-user-browser-protocol-6zlqcdo0%2Fproject 200 in 105ms (next.js: 90ms, proxy.ts: 7ms, application-code: 9ms)
 GET /api/models?cwd=%2Fhome%2Fxupeng%2F.cache%2Fpi-tmp%2F01a10f47-ae69-753b-a8de-d77bd690adfd%2Fask-user-browser-protocol-6zlqcdo0%2Fproject 200 in 166ms (next.js: 68ms, proxy.ts: 94ms, application-code: 4ms)
 GET /api/sessions/01a10fba-5f0e-76d1-8e2e-33dac9764d76?deferThinking=1&deferMedia=1&tree=summary&force=1 200 in 180ms (next.js: 149ms, proxy.ts: 7ms, application-code: 25ms)
 GET /api/sessions/01a10fba-5f0e-76d1-8e2e-33dac9764d76?deferThinking=1&deferMedia=1&tree=summary&force=1 200 in 181ms (next.js: 167ms, proxy.ts: 7ms, application-code: 7ms)
 GET /api/files/home/xupeng/.cache/pi-tmp/01a10f47-ae69-753b-a8de-d77bd690adfd/ask-user-browser-protocol-6zlqcdo0/project?type=list 200 in 138ms (next.js: 65ms, proxy.ts: 70ms, application-code: 3ms)
 GET /api/git/status?cwd=%2Fhome%2Fxupeng%2F.cache%2Fpi-tmp%2F01a10f47-ae69-753b-a8de-d77bd690adfd%2Fask-user-browser-protocol-6zlqcdo0%2Fproject 200 in 135ms (next.js: 3ms, proxy.ts: 74ms, application-code: 58ms)
 GET /api/sessions/01a10fba-5f0e-76d1-8e2e-33dac9764d76/state 200 in 58ms (next.js: 46ms, proxy.ts: 9ms, application-code: 4ms)
 POST /api/agent/01a10fba-5f0e-76d1-8e2e-33dac9764d76 200 in 55ms (next.js: 48ms, proxy.ts: 3ms, application-code: 4ms)
 GET /api/agent/running 200 in 7ms (next.js: 1.7ms, proxy.ts: 2ms, application-code: 3ms)
 POST /api/agent/01a10fba-5f0e-76d1-8e2e-33dac9764d76 200 in 24ms (next.js: 3ms, proxy.ts: 3ms, application-code: 18ms)
 GET /api/agent/01a10fba-5f0e-76d1-8e2e-33dac9764d76 200 in 13ms (next.js: 8ms, proxy.ts: 3ms, application-code: 2ms)
 GET /api/sessions/01a10fba-5f0e-76d1-8e2e-33dac9764d76?deferThinking=1&deferMedia=1&tree=summary 200 in 15ms (next.js: 4ms, proxy.ts: 3ms, application-code: 8ms)
 GET /api/sessions?sessionId=01a10fba-5f0e-76d1-8e2e-33dac9764d76 200 in 10ms (next.js: 1.9ms, proxy.ts: 4ms, application-code: 4ms)
 GET /api/sessions?sessionId=01a10fba-5f0e-76d1-8e2e-33dac9764d76 200 in 8ms (next.js: 1.8ms, proxy.ts: 2ms, application-code: 4ms)
 GET /api/git/status?cwd=%2Fhome%2Fxupeng%2F.cache%2Fpi-tmp%2F01a10f47-ae69-753b-a8de-d77bd690adfd%2Fask-user-browser-protocol-6zlqcdo0%2Fproject 200 in 69ms (next.js: 5ms, proxy.ts: 8ms, application-code: 56ms)
 GET /api/files/home/xupeng/.cache/pi-tmp/01a10f47-ae69-753b-a8de-d77bd690adfd/ask-user-browser-protocol-6zlqcdo0/project?type=list 200 in 118ms (next.js: 107ms, proxy.ts: 6ms, application-code: 4ms)
 GET /api/agent/running 200 in 5ms (next.js: 1.4ms, proxy.ts: 2.0ms, application-code: 2ms)
 GET /api/sessions/01a10fba-5f0e-76d1-8e2e-33dac9764d76/state 200 in 42ms (next.js: 38ms, proxy.ts: 2.0ms, application-code: 2ms)
 GET /api/agent/running 200 in 8ms (next.js: 2ms, proxy.ts: 3ms, application-code: 3ms)
 GET /api/agent/01a10fba-5f0e-76d1-8e2e-33dac9764d76 200 in 42ms (next.js: 38ms, proxy.ts: 1.7ms, application-code: 2ms)
 POST /api/agent/01a10fba-5f0e-76d1-8e2e-33dac9764d76 200 in 31ms (next.js: 2ms, proxy.ts: 2.0ms, application-code: 27ms)
 POST /api/agent/01a10fba-5f0e-76d1-8e2e-33dac9764d76 200 in 21ms (next.js: 3ms, proxy.ts: 3ms, application-code: 16ms)
 GET /api/agent/01a10fba-5f0e-76d1-8e2e-33dac9764d76 200 in 132ms (next.js: 122ms, proxy.ts: 8ms, application-code: 2.0ms)
 GET /api/sessions?sessionId=01a10fba-5f0e-76d1-8e2e-33dac9764d76 200 in 177ms (next.js: 7ms, proxy.ts: 9ms, application-code: 161ms)
 GET /api/sessions?sessionId=01a10fba-5f0e-76d1-8e2e-33dac9764d76 200 in 177ms (next.js: 9ms, proxy.ts: 9ms, application-code: 159ms)
 GET /api/agent/01a10fba-5f0e-76d1-8e2e-33dac9764d76 200 in 185ms (next.js: 170ms, proxy.ts: 9ms, application-code: 6ms)
 GET /api/sessions/01a10fba-5f0e-76d1-8e2e-33dac9764d76?deferThinking=1&deferMedia=1&tree=summary 200 in 188ms (next.js: 165ms, proxy.ts: 8ms, application-code: 16ms)
 GET /api/sessions?sessionId=01a10fba-5f0e-76d1-8e2e-33dac9764d76 200 in 116ms (next.js: 7ms, proxy.ts: 60ms, application-code: 50ms)
 GET /api/git/status?cwd=%2Fhome%2Fxupeng%2F.cache%2Fpi-tmp%2F01a10f47-ae69-753b-a8de-d77bd690adfd%2Fask-user-browser-protocol-6zlqcdo0%2Fproject 200 in 58ms (next.js: 8ms, proxy.ts: 5ms, application-code: 45ms)
 GET /api/files/home/xupeng/.cache/pi-tmp/01a10f47-ae69-753b-a8de-d77bd690adfd/ask-user-browser-protocol-6zlqcdo0/project?type=list 200 in 113ms (next.js: 104ms, proxy.ts: 5ms, application-code: 4ms)
 POST /api/agent/01a10fba-5f0e-76d1-8e2e-33dac9764d76 200 in 129ms (next.js: 105ms, proxy.ts: 8ms, application-code: 16ms)
 GET /api/agent/01a10fba-5f0e-76d1-8e2e-33dac9764d76 200 in 24ms (next.js: 16ms, proxy.ts: 6ms, application-code: 3ms)
 GET /api/sessions?sessionId=01a10fba-5f0e-76d1-8e2e-33dac9764d76 200 in 25ms (next.js: 4ms, proxy.ts: 6ms, application-code: 15ms)
 GET /api/sessions/01a10fba-5f0e-76d1-8e2e-33dac9764d76?deferThinking=1&deferMedia=1&tree=summary 200 in 28ms (next.js: 12ms, proxy.ts: 5ms, application-code: 11ms)
 GET /api/sessions?sessionId=01a10fba-5f0e-76d1-8e2e-33dac9764d76 200 in 10ms (next.js: 1.8ms, proxy.ts: 2ms, application-code: 5ms)
 GET /api/agent/01a10fba-5f0e-76d1-8e2e-33dac9764d76 200 in 17ms (next.js: 11ms, proxy.ts: 3ms, application-code: 3ms)
 GET /api/git/status?cwd=%2Fhome%2Fxupeng%2F.cache%2Fpi-tmp%2F01a10f47-ae69-753b-a8de-d77bd690adfd%2Fask-user-browser-protocol-6zlqcdo0%2Fproject 200 in 64ms (next.js: 8ms, proxy.ts: 6ms, application-code: 49ms)
 GET /api/files/home/xupeng/.cache/pi-tmp/01a10f47-ae69-753b-a8de-d77bd690adfd/ask-user-browser-protocol-6zlqcdo0/project?type=list 200 in 69ms (next.js: 61ms, proxy.ts: 5ms, application-code: 3ms)
 GET /api/extension-ui/settings 200 in 141ms (next.js: 131ms, proxy.ts: 5ms, application-code: 5ms)
 GET /api/web-auth 200 in 188ms (next.js: 177ms, proxy.ts: 5ms, application-code: 6ms)
 GET /api/extension-ui/settings 200 in 16ms (next.js: 6ms, proxy.ts: 6ms, application-code: 4ms)
 GET /api/web-auth 200 in 21ms (next.js: 10ms, proxy.ts: 7ms, application-code: 5ms)
 GET /api/tools/settings 200 in 258ms (next.js: 218ms, proxy.ts: 5ms, application-code: 35ms)
 GET /api/tools/settings 200 in 12ms (next.js: 3ms, proxy.ts: 3ms, application-code: 6ms)
 GET /api/agent/running 200 in 8ms (next.js: 2ms, proxy.ts: 3ms, application-code: 2ms)
 GET /api/agent/running 200 in 6ms (next.js: 1.4ms, proxy.ts: 2ms, application-code: 2ms)
 GET /api/agent/running 200 in 6ms (next.js: 1.7ms, proxy.ts: 2ms, application-code: 2ms)
 GET /api/agent/running 200 in 8ms (next.js: 1.6ms, proxy.ts: 4ms, application-code: 2ms)
 GET /api/agent/running 200 in 6ms (next.js: 1.7ms, proxy.ts: 2ms, application-code: 2ms)
 GET /api/agent/running 200 in 7ms (next.js: 1.8ms, proxy.ts: 2ms, application-code: 3ms)
 GET /api/agent/running 200 in 7ms (next.js: 1.8ms, proxy.ts: 2ms, application-code: 3ms)
 GET /api/agent/running 200 in 6ms (next.js: 1.6ms, proxy.ts: 2ms, application-code: 2ms)
 GET /api/agent/running 200 in 6ms (next.js: 1.6ms, proxy.ts: 2ms, application-code: 2ms)
 GET /api/agent/running 200 in 7ms (next.js: 1.8ms, proxy.ts: 3ms, application-code: 2ms)
 GET /api/agent/running 200 in 5ms (next.js: 1.6ms, proxy.ts: 2ms, application-code: 1.7ms)
 GET /api/file-index?cwd=%2Fhome%2Fxupeng%2F.cache%2Fpi-tmp%2F01a10f47-ae69-753b-a8de-d77bd690adfd%2Fask-user-browser-protocol-6zlqcdo0%2Fproject 200 in 97ms (next.js: 1.8ms, proxy.ts: 2ms, application-code: 93ms)
 GET /api/agent/running 200 in 7ms (next.js: 1.6ms, proxy.ts: 3ms, application-code: 2ms)
 GET /api/file-index?cwd=%2Fhome%2Fxupeng%2F.cache%2Fpi-tmp%2F01a10f47-ae69-753b-a8de-d77bd690adfd%2Fask-user-browser-protocol-6zlqcdo0%2Fproject 200 in 7ms (next.js: 3ms, proxy.ts: 1.8ms, application-code: 2ms)
 GET /api/agent/running 200 in 5ms (next.js: 1.4ms, proxy.ts: 1.9ms, application-code: 2ms)
 GET /api/agent/running 200 in 6ms (next.js: 1.3ms, proxy.ts: 2ms, application-code: 1.8ms)
 GET /api/agent/running 200 in 8ms (next.js: 2ms, proxy.ts: 3ms, application-code: 3ms)
 GET /api/agent/running 200 in 13ms (next.js: 4ms, proxy.ts: 6ms, application-code: 3ms)
 GET /api/agent/running 200 in 30ms (next.js: 14ms, proxy.ts: 8ms, application-code: 9ms)
 GET /api/agent/running 200 in 21ms (next.js: 5ms, proxy.ts: 7ms, application-code: 9ms)
 GET /api/agent/running 200 in 38ms (next.js: 6ms, proxy.ts: 17ms, application-code: 15ms)
 GET /api/agent/running 200 in 37ms (next.js: 19ms, proxy.ts: 11ms, application-code: 7ms)
 POST /api/agent/01a10fba-5f0e-76d1-8e2e-33dac9764d76/lease 200 in 1494ms (next.js: 1463ms, proxy.ts: 6ms, application-code: 24ms)
 POST /api/agent/01a10fba-5f0e-76d1-8e2e-33dac9764d76/lease 200 in 126ms (next.js: 71ms, proxy.ts: 45ms, application-code: 9ms)
 GET /api/agent/running 200 in 20ms (next.js: 5ms, proxy.ts: 3ms, application-code: 12ms)
 GET /api/agent/running 200 in 18ms (next.js: 4ms, proxy.ts: 6ms, application-code: 8ms)
 GET /api/agent/running 200 in 17ms (next.js: 5ms, proxy.ts: 8ms, application-code: 4ms)
 GET /api/agent/running 200 in 18ms (next.js: 6ms, proxy.ts: 5ms, application-code: 7ms)
 GET /api/agent/01a10fba-5f0e-76d1-8e2e-33dac9764d76/events 200 in 36.1s (next.js: 91ms, proxy.ts: 18ms, application-code: 36.0s)
[?25h
