npm notice
npm notice 📦  @xup3ng/pi-web@0.9.4
npm notice Tarball Contents
npm notice 3.4kB .next/app-path-routes-manifest.json
npm notice 21B .next/BUILD_ID
npm notice 511B .next/build-manifest.json
npm notice 93B .next/diagnostics/build-diagnostics.json
npm notice 37B .next/diagnostics/framework.json
npm notice 111B .next/export-marker.json
npm notice 1.2kB .next/images-manifest.json
npm notice 6.3kB .next/next-minimal-server.js.nft.json
npm notice 47.5kB .next/next-server.js.nft.json
npm notice 20B .next/package.json
npm notice 5.2kB .next/prerender-manifest.json
npm notice 83.8kB .next/react-loadable-manifest.json
npm notice 11.0kB .next/required-server-files.js
npm notice 10.9kB .next/required-server-files.json
npm notice 13.7kB .next/routes-manifest.json
npm notice 4.2kB .next/server/app-paths-manifest.json
npm notice 9.0kB .next/server/app/_global-error.html
npm notice 529B .next/server/app/_global-error.meta
npm notice 4.9kB .next/server/app/_global-error.rsc
npm notice 4.9kB .next/server/app/_global-error.segments/_full.segment.rsc
npm notice 4.4kB .next/server/app/_global-error.segments/_global-error/__PAGE__.segment.rsc
npm notice 275B .next/server/app/_global-error.segments/_tree.segment.rsc
npm notice 7.6kB .next/server/app/_global-error/page_client-reference-manifest.js
npm notice 8.0kB .next/server/app/_global-error/page.js
npm notice 7.3kB .next/server/app/_global-error/page.js.nft.json
npm notice 11.5kB .next/server/app/_not-found.html
npm notice 517B .next/server/app/_not-found.meta
npm notice 6.3kB .next/server/app/_not-found.rsc
npm notice 6.3kB .next/server/app/_not-found.segments/_full.segment.rsc
npm notice 5.6kB .next/server/app/_not-found.segments/_not-found/__PAGE__.segment.rsc
npm notice 612B .next/server/app/_not-found.segments/_tree.segment.rsc
npm notice 7.6kB .next/server/app/_not-found/page_client-reference-manifest.js
npm notice 6.9kB .next/server/app/_not-found/page.js
npm notice 7.3kB .next/server/app/_not-found/page.js.nft.json
npm notice 409B .next/server/app/api/agent/[id]/bash-output/route_client-reference-manifest.js
npm notice 11.8kB .next/server/app/api/agent/[id]/bash-output/route.js
npm notice 305.7kB .next/server/app/api/agent/[id]/bash-output/route.js.nft.json
npm notice 399B .next/server/app/api/agent/[id]/events/route_client-reference-manifest.js
npm notice 11.8kB .next/server/app/api/agent/[id]/events/route.js
npm notice 367.6kB .next/server/app/api/agent/[id]/events/route.js.nft.json
npm notice 397B .next/server/app/api/agent/[id]/lease/route_client-reference-manifest.js
npm notice 10.2kB .next/server/app/api/agent/[id]/lease/route.js
npm notice 8.6kB .next/server/app/api/agent/[id]/lease/route.js.nft.json
npm notice 385B .next/server/app/api/agent/[id]/route_client-reference-manifest.js
npm notice 10.0kB .next/server/app/api/agent/[id]/route.js
npm notice 357.5kB .next/server/app/api/agent/[id]/route.js.nft.json
npm notice 383B .next/server/app/api/agent/new/route_client-reference-manifest.js
npm notice 11.0kB .next/server/app/api/agent/new/route.js
npm notice 357.5kB .next/server/app/api/agent/new/route.js.nft.json
npm notice 391B .next/server/app/api/agent/running/route_client-reference-manifest.js
npm notice 8.7kB .next/server/app/api/agent/running/route.js
npm notice 357.5kB .next/server/app/api/agent/running/route.js.nft.json
npm notice 385B .next/server/app/api/app-update/route_client-reference-manifest.js
npm notice 9.2kB .next/server/app/api/app-update/route.js
npm notice 7.9kB .next/server/app/api/app-update/route.js.nft.json
npm notice 387B .next/server/app/api/attachments/route_client-reference-manifest.js
npm notice 14.3kB .next/server/app/api/attachments/route.js
npm notice 290.3kB .next/server/app/api/attachments/route.js.nft.json
npm notice 411B .next/server/app/api/auth/api-key/[provider]/route_client-reference-manifest.js
npm notice 12.1kB .next/server/app/api/auth/api-key/[provider]/route.js
npm notice 305.6kB .next/server/app/api/auth/api-key/[provider]/route.js.nft.json
npm notice 407B .next/server/app/api/auth/login/[provider]/route_client-reference-manifest.js
npm notice 11.9kB .next/server/app/api/auth/login/[provider]/route.js
npm notice 305.6kB .next/server/app/api/auth/login/[provider]/route.js.nft.json
npm notice 409B .next/server/app/api/auth/logout/[provider]/route_client-reference-manifest.js
npm notice 11.8kB .next/server/app/api/auth/logout/[provider]/route.js
npm notice 305.6kB .next/server/app/api/auth/logout/[provider]/route.js.nft.json
npm notice 393B .next/server/app/api/auth/providers/route_client-reference-manifest.js
npm notice 10.0kB .next/server/app/api/auth/providers/route.js
npm notice 297.9kB .next/server/app/api/auth/providers/route.js.nft.json
npm notice 385B .next/server/app/api/cwd/browse/route_client-reference-manifest.js
npm notice 9.5kB .next/server/app/api/cwd/browse/route.js
npm notice 8.2kB .next/server/app/api/cwd/browse/route.js.nft.json
npm notice 389B .next/server/app/api/cwd/validate/route_client-reference-manifest.js
npm notice 9.8kB .next/server/app/api/cwd/validate/route.js
npm notice 298.0kB .next/server/app/api/cwd/validate/route.js.nft.json
npm notice 387B .next/server/app/api/default-cwd/route_client-reference-manifest.js
npm notice 9.3kB .next/server/app/api/default-cwd/route.js
npm notice 290.3kB .next/server/app/api/default-cwd/route.js.nft.json
npm notice 407B .next/server/app/api/extension-ui/settings/route_client-reference-manifest.js
npm notice 13.4kB .next/server/app/api/extension-ui/settings/route.js
npm notice 297.9kB .next/server/app/api/extension-ui/settings/route.js.nft.json
npm notice 385B .next/server/app/api/file-index/route_client-reference-manifest.js
npm notice 12.3kB .next/server/app/api/file-index/route.js
npm notice 290.3kB .next/server/app/api/file-index/route.js.nft.json
npm notice 395B .next/server/app/api/files/[...path]/route_client-reference-manifest.js
npm notice 27.4kB .next/server/app/api/files/[...path]/route.js
npm notice 298.0kB .next/server/app/api/files/[...path]/route.js.nft.json
npm notice 381B .next/server/app/api/git/diff/route_client-reference-manifest.js
npm notice 14.2kB .next/server/app/api/git/diff/route.js
npm notice 298.0kB .next/server/app/api/git/diff/route.js.nft.json
npm notice 385B .next/server/app/api/git/status/route_client-reference-manifest.js
npm notice 14.3kB .next/server/app/api/git/status/route.js
npm notice 298.0kB .next/server/app/api/git/status/route.js.nft.json
npm notice 373B .next/server/app/api/home/route_client-reference-manifest.js
npm notice 7.8kB .next/server/app/api/home/route.js
npm notice 7.9kB .next/server/app/api/home/route.js.nft.json
npm notice 407B .next/server/app/api/models-config/catalog/route_client-reference-manifest.js
npm notice 14.3kB .next/server/app/api/models-config/catalog/route.js
npm notice 8.2kB .next/server/app/api/models-config/catalog/route.js.nft.json
npm notice 409B .next/server/app/api/models-config/discover/route_client-reference-manifest.js
npm notice 12.4kB .next/server/app/api/models-config/discover/route.js
npm notice 297.9kB .next/server/app/api/models-config/discover/route.js.nft.json
npm notice 391B .next/server/app/api/models-config/route_client-reference-manifest.js
npm notice 11.3kB .next/server/app/api/models-config/route.js
npm notice 290.2kB .next/server/app/api/models-config/route.js.nft.json
npm notice 401B .next/server/app/api/models-config/test/route_client-reference-manifest.js
npm notice 12.5kB .next/server/app/api/models-config/test/route.js
npm notice 417.8kB .next/server/app/api/models-config/test/route.js.nft.json
npm notice 377B .next/server/app/api/models/route_client-reference-manifest.js
npm notice 15.1kB .next/server/app/api/models/route.js
npm notice 340.2kB .next/server/app/api/models/route.js.nft.json
npm notice 391B .next/server/app/api/plugins/check/route_client-reference-manifest.js
npm notice 13.9kB .next/server/app/api/plugins/check/route.js
npm notice 298.0kB .next/server/app/api/plugins/check/route.js.nft.json
npm notice 379B .next/server/app/api/plugins/route_client-reference-manifest.js
npm notice 21.5kB .next/server/app/api/plugins/route.js
npm notice 290.3kB .next/server/app/api/plugins/route.js.nft.json
npm notice 391B .next/server/app/api/project-trust/route_client-reference-manifest.js
npm notice 10.7kB .next/server/app/api/project-trust/route.js
npm notice 347.4kB .next/server/app/api/project-trust/route.js.nft.json
npm notice 381B .next/server/app/api/projects/route_client-reference-manifest.js
npm notice 9.4kB .next/server/app/api/projects/route.js
npm notice 347.4kB .next/server/app/api/projects/route.js.nft.json
npm notice 405B .next/server/app/api/provider-usage/query/route_client-reference-manifest.js
npm notice 19.8kB .next/server/app/api/provider-usage/query/route.js
npm notice 297.9kB .next/server/app/api/provider-usage/query/route.js.nft.json
npm notice 387B .next/server/app/api/push/config/route_client-reference-manifest.js
npm notice 8.7kB .next/server/app/api/push/config/route.js
npm notice 301.7kB .next/server/app/api/push/config/route.js.nft.json
npm notice 393B .next/server/app/api/push/subscribe/route_client-reference-manifest.js
npm notice 9.3kB .next/server/app/api/push/subscribe/route.js
npm notice 301.7kB .next/server/app/api/push/subscribe/route.js.nft.json
npm notice 411B .next/server/app/api/sessions/[id]/auto-name/route_client-reference-manifest.js
npm notice 12.8kB .next/server/app/api/sessions/[id]/auto-name/route.js
npm notice 385.1kB .next/server/app/api/sessions/[id]/auto-name/route.js.nft.json
npm notice 407B .next/server/app/api/sessions/[id]/context/route_client-reference-manifest.js
npm notice 9.7kB .next/server/app/api/sessions/[id]/context/route.js
npm notice 367.7kB .next/server/app/api/sessions/[id]/context/route.js.nft.json
npm notice 445B .next/server/app/api/sessions/[id]/entries/[entryId]/thinking/route_client-reference-manifest.js
npm notice 9.0kB .next/server/app/api/sessions/[id]/entries/[entryId]/thinking/route.js
npm notice 321.1kB .next/server/app/api/sessions/[id]/entries/[entryId]/thinking/route.js.nft.json
npm notice 463B .next/server/app/api/sessions/[id]/entries/[entryId]/tool-result-image/route_client-reference-manifest.js
npm notice 9.9kB .next/server/app/api/sessions/[id]/entries/[entryId]/tool-result-image/route.js
npm notice 321.1kB .next/server/app/api/sessions/[id]/entries/[entryId]/tool-result-image/route.js.nft.json
npm notice 405B .next/server/app/api/sessions/[id]/export/route_client-reference-manifest.js
npm notice 13.1kB .next/server/app/api/sessions/[id]/export/route.js
npm notice 305.7kB .next/server/app/api/sessions/[id]/export/route.js.nft.json
npm notice 391B .next/server/app/api/sessions/[id]/route_client-reference-manifest.js
npm notice 18.1kB .next/server/app/api/sessions/[id]/route.js
npm notice 357.6kB .next/server/app/api/sessions/[id]/route.js.nft.json
npm notice 403B .next/server/app/api/sessions/[id]/state/route_client-reference-manifest.js
npm notice 9.0kB .next/server/app/api/sessions/[id]/state/route.js
npm notice 367.6kB .next/server/app/api/sessions/[id]/state/route.js.nft.json
npm notice 381B .next/server/app/api/sessions/route_client-reference-manifest.js
npm notice 10.0kB .next/server/app/api/sessions/route.js
npm notice 347.4kB .next/server/app/api/sessions/route.js.nft.json
npm notice 395B .next/server/app/api/sessions/search/route_client-reference-manifest.js
npm notice 10.2kB .next/server/app/api/sessions/search/route.js
npm notice 298.0kB .next/server/app/api/sessions/search/route.js.nft.json
npm notice 399B .next/server/app/api/settings/ask-user/route_client-reference-manifest.js
npm notice 12.2kB .next/server/app/api/settings/ask-user/route.js
npm notice 297.9kB .next/server/app/api/settings/ask-user/route.js.nft.json
npm notice 389B .next/server/app/api/skills/check/route_client-reference-manifest.js
npm notice 16.3kB .next/server/app/api/skills/check/route.js
npm notice 298.0kB .next/server/app/api/skills/check/route.js.nft.json
npm notice 393B .next/server/app/api/skills/install/route_client-reference-manifest.js
npm notice 13.6kB .next/server/app/api/skills/install/route.js
npm notice 298.0kB .next/server/app/api/skills/install/route.js.nft.json
npm notice 377B .next/server/app/api/skills/route_client-reference-manifest.js
npm notice 14.6kB .next/server/app/api/skills/route.js
npm notice 290.3kB .next/server/app/api/skills/route.js.nft.json
npm notice 391B .next/server/app/api/skills/search/route_client-reference-manifest.js
npm notice 10.4kB .next/server/app/api/skills/search/route.js
npm notice 8.2kB .next/server/app/api/skills/search/route.js.nft.json
npm notice 391B .next/server/app/api/skills/update/route_client-reference-manifest.js
npm notice 17.1kB .next/server/app/api/skills/update/route.js
npm notice 298.0kB .next/server/app/api/skills/update/route.js.nft.json
npm notice 393B .next/server/app/api/subagents/[id]/route_client-reference-manifest.js
npm notice 9.4kB .next/server/app/api/subagents/[id]/route.js
npm notice 357.5kB .next/server/app/api/subagents/[id]/route.js.nft.json
npm notice 401B .next/server/app/api/subagents/profiles/route_client-reference-manifest.js
npm notice 11.4kB .next/server/app/api/subagents/profiles/route.js
npm notice 298.0kB .next/server/app/api/subagents/profiles/route.js.nft.json
npm notice 401B .next/server/app/api/subagents/settings/route_client-reference-manifest.js
npm notice 13.2kB .next/server/app/api/subagents/settings/route.js
npm notice 297.9kB .next/server/app/api/subagents/settings/route.js.nft.json
npm notice 405B .next/server/app/api/terminal/[id]/events/route_client-reference-manifest.js
npm notice 13.6kB .next/server/app/api/terminal/[id]/events/route.js
npm notice 9.2kB .next/server/app/api/terminal/[id]/events/route.js.nft.json
npm notice 391B .next/server/app/api/terminal/[id]/route_client-reference-manifest.js
npm notice 12.8kB .next/server/app/api/terminal/[id]/route.js
npm notice 8.9kB .next/server/app/api/terminal/[id]/route.js.nft.json
npm notice 381B .next/server/app/api/terminal/route_client-reference-manifest.js
npm notice 12.9kB .next/server/app/api/terminal/route.js
npm notice 290.8kB .next/server/app/api/terminal/route.js.nft.json
npm notice 393B .next/server/app/api/tools/settings/route_client-reference-manifest.js
npm notice 13.1kB .next/server/app/api/tools/settings/route.js
npm notice 297.9kB .next/server/app/api/tools/settings/route.js.nft.json
npm notice 381B .next/server/app/api/web-auth/route_client-reference-manifest.js
npm notice 13.4kB .next/server/app/api/web-auth/route.js
npm notice 7.9kB .next/server/app/api/web-auth/route.js.nft.json
npm notice 383B .next/server/app/api/worktrees/route_client-reference-manifest.js
npm notice 10.8kB .next/server/app/api/worktrees/route.js
npm notice 290.3kB .next/server/app/api/worktrees/route.js.nft.json
npm notice 36.3kB .next/server/app/favicon.ico.body
npm notice 211B .next/server/app/favicon.ico.meta
npm notice 56.3kB .next/server/app/favicon.ico/route.js
npm notice 7.6kB .next/server/app/favicon.ico/route.js.nft.json
npm notice 11.7kB .next/server/app/index.html
npm notice 362B .next/server/app/index.meta
npm notice 6.7kB .next/server/app/index.rsc
npm notice 6.3kB .next/server/app/index.segments/__PAGE__.segment.rsc
npm notice 6.7kB .next/server/app/index.segments/_full.segment.rsc
npm notice 589B .next/server/app/index.segments/_tree.segment.rsc
npm notice 12.2kB .next/server/app/login.html
npm notice 480B .next/server/app/login.meta
npm notice 6.6kB .next/server/app/login.rsc
npm notice 6.6kB .next/server/app/login.segments/_full.segment.rsc
npm notice 607B .next/server/app/login.segments/_tree.segment.rsc
npm notice 6.0kB .next/server/app/login.segments/login/__PAGE__.segment.rsc
npm notice 7.7kB .next/server/app/login/page_client-reference-manifest.js
npm notice 5.8kB .next/server/app/login/page.js
npm notice 7.3kB .next/server/app/login/page.js.nft.json
npm notice 442B .next/server/app/manifest.webmanifest.body
npm notice 251B .next/server/app/manifest.webmanifest.meta
npm notice 397B .next/server/app/manifest.webmanifest/route_client-reference-manifest.js
npm notice 12.6kB .next/server/app/manifest.webmanifest/route.js
npm notice 7.6kB .next/server/app/manifest.webmanifest/route.js.nft.json
npm notice 7.5kB .next/server/app/page_client-reference-manifest.js
npm notice 2.4MB .next/server/app/page.js
npm notice 8.4kB .next/server/app/page.js.nft.json
npm notice 101.7kB .next/server/chunks/215.js
npm notice 2.0kB .next/server/chunks/295.js
npm notice 52.1kB .next/server/chunks/426.js
npm notice 432B .next/server/chunks/611.js
npm notice 48.9kB .next/server/chunks/673.js
npm notice 939B .next/server/chunks/703.js
npm notice 143B .next/server/chunks/835.js
npm notice 71.1kB .next/server/chunks/922.js
npm notice 20.9kB .next/server/chunks/974.js
npm notice 62.4kB .next/server/chunks/1094.js
npm notice 150B .next/server/chunks/1515.js
npm notice 1.7kB .next/server/chunks/1555.js
npm notice 11.7kB .next/server/chunks/1601.js
npm notice 1.9kB .next/server/chunks/1625.js
npm notice 433B .next/server/chunks/1800.js
npm notice 28.7kB .next/server/chunks/1813.js
npm notice 10.9kB .next/server/chunks/1860.js
npm notice 41.0kB .next/server/chunks/2075.js
npm notice 149B .next/server/chunks/2106.js
npm notice 148.5kB .next/server/chunks/2169.js
npm notice 149B .next/server/chunks/2190.js
npm notice 66.4kB .next/server/chunks/2243.js
npm notice 665.5kB .next/server/chunks/2325.js
npm notice 967B .next/server/chunks/2349.js
npm notice 1.6kB .next/server/chunks/2408.js
npm notice 442.6kB .next/server/chunks/2430.js
npm notice 20.3kB .next/server/chunks/2452.js
npm notice 146B .next/server/chunks/2744.js
npm notice 151B .next/server/chunks/2903.js
npm notice 15.9kB .next/server/chunks/2988.js
npm notice 40.3kB .next/server/chunks/3012.js
npm notice 16.0kB .next/server/chunks/3186.js
npm notice 521.5kB .next/server/chunks/3379.js
npm notice 8.6kB .next/server/chunks/3383.js
npm notice 115.3kB .next/server/chunks/3569.js
npm notice 25.1kB .next/server/chunks/3618.js
npm notice 496B .next/server/chunks/3869.js
npm notice 141B .next/server/chunks/3894.js
npm notice 11.0kB .next/server/chunks/4267.js
npm notice 274B .next/server/chunks/4315.js
npm notice 28.0kB .next/server/chunks/4367.js
npm notice 143B .next/server/chunks/4372.js
npm notice 4.4kB .next/server/chunks/4538.js
npm notice 583B .next/server/chunks/4548.js
npm notice 5.0kB .next/server/chunks/4563.js
npm notice 7.2kB .next/server/chunks/4674.js
npm notice 178.8kB .next/server/chunks/4741.js
npm notice 31.3kB .next/server/chunks/4980.js
npm notice 144B .next/server/chunks/5029.js
npm notice 80.8kB .next/server/chunks/5318.js
npm notice 31.5kB .next/server/chunks/5582.js
npm notice 25.5kB .next/server/chunks/5974.js
npm notice 72.5kB .next/server/chunks/6052.js
npm notice 29.7kB .next/server/chunks/6253.js
npm notice 5.7kB .next/server/chunks/6337.js
npm notice 27.3kB .next/server/chunks/6366.js
npm notice 86.1kB .next/server/chunks/6429.js
npm notice 7.1kB .next/server/chunks/6489.js
npm notice 39.7kB .next/server/chunks/6916.js
npm notice 141B .next/server/chunks/7233.js
npm notice 51.6kB .next/server/chunks/7265.js
npm notice 428.1kB .next/server/chunks/7307.js
npm notice 144B .next/server/chunks/7561.js
npm notice 427B .next/server/chunks/7710.js
npm notice 17.4kB .next/server/chunks/7744.js
npm notice 8.7kB .next/server/chunks/7790.js
npm notice 22.8kB .next/server/chunks/7799.js
npm notice 145B .next/server/chunks/7872.js
npm notice 33.7kB .next/server/chunks/8106.js
npm notice 144B .next/server/chunks/8294.js
npm notice 31.5kB .next/server/chunks/8333.js
npm notice 6.3kB .next/server/chunks/8397.js
npm notice 28.6kB .next/server/chunks/8604.js
npm notice 25.2kB .next/server/chunks/8713.js
npm notice 118.3kB .next/server/chunks/8782.js
npm notice 10.1kB .next/server/chunks/8920.js
npm notice 657.7kB .next/server/chunks/9280.js
npm notice 146B .next/server/chunks/9486.js
npm notice 150B .next/server/chunks/9509.js
npm notice 23.8kB .next/server/chunks/9510.js
npm notice 885B .next/server/functions-config-manifest.json
npm notice 370B .next/server/instrumentation.js
npm notice 6.2kB .next/server/instrumentation.js.nft.json
npm notice 48B .next/server/interception-route-rewrite-manifest.js
npm notice 450B .next/server/middleware-build-manifest.js
npm notice 83B .next/server/middleware-manifest.json
npm notice 72.3kB .next/server/middleware-react-loadable-manifest.js
npm notice 292.7kB .next/server/middleware.js
npm notice 6.4kB .next/server/middleware.js.nft.json
npm notice 106B .next/server/next-font-manifest.js
npm notice 77B .next/server/next-font-manifest.json
npm notice 58B .next/server/pages-manifest.json
npm notice 11.5kB .next/server/pages/404.html
npm notice 9.0kB .next/server/pages/500.html
npm notice 808B .next/server/prefetch-hints.json
npm notice 123B .next/server/server-reference-manifest.js
npm notice 84B .next/server/server-reference-manifest.json
npm notice 2.4kB .next/server/webpack-runtime.js
npm notice 116.2kB .next/static/chunks/1ba63609.b2ae90f43319a29e.js
npm notice 201.1kB .next/static/chunks/4bd1b696-8a4ab4fdf0ae305a.js
npm notice 51.6kB .next/static/chunks/103.23142a67b02246a8.js
npm notice 27.3kB .next/static/chunks/268.72794ee2773c2060.js
npm notice 80.8kB .next/static/chunks/370.8e8f3cf8eb0e29dd.js
npm notice 25.5kB .next/static/chunks/398.ffa02af9062a3950.js
npm notice 155B .next/static/chunks/869.7152372b662e31af.js
npm notice 28.6kB .next/static/chunks/918.6a9bbe564e4a2d0f.js
npm notice 159B .next/static/chunks/934.9006461bd0548660.js
npm notice 511B .next/static/chunks/973.88e865b52eff479a.js
npm notice 103.0kB .next/static/chunks/993e5495.8797001fcfcf2889.js
npm notice 10.9kB .next/static/chunks/1032.12b382a9096ab2a4.js
npm notice 2.2kB .next/static/chunks/1063.775c442bdbeef08b.js
npm notice 98.4kB .next/static/chunks/1278-5acf84a5c06a0936.js
npm notice 165B .next/static/chunks/1327.09252bb80616cc3a.js
npm notice 444B .next/static/chunks/1708.d029f8776e4578de.js
npm notice 290B .next/static/chunks/1781.866132cea8e77cd0.js
npm notice 165B .next/static/chunks/2081.47b6e9391094055f.js
npm notice 11.0kB .next/static/chunks/2181.ba21239d3ac39f81.js
npm notice 1.6kB .next/static/chunks/2258.4defa30121ef44a5.js
npm notice 5.7kB .next/static/chunks/2325.23caf22075e51aa5.js
npm notice 41.0kB .next/static/chunks/2356.523277bb8c6bf72a.js
npm notice 157B .next/static/chunks/2418.b5d9e177e10a686e.js
npm notice 4.4kB .next/static/chunks/2480.cf27ca02e5b19761.js
npm notice 6.3kB .next/static/chunks/2539.c5a4f2fd8e421c70.js
npm notice 22.6kB .next/static/chunks/2619.9431a3f48da8eef4.js
npm notice 24.0kB .next/static/chunks/2695.6f49435bae1e6f33.js
npm notice 148.6kB .next/static/chunks/2703.495a65ed14b2f094.js
npm notice 28.0kB .next/static/chunks/2821.934bcf60fbdc28c6.js
npm notice 450B .next/static/chunks/3251.0dce7a0a0ff67235.js
npm notice 354.8kB .next/static/chunks/3308.be8762955e7155d1.js
npm notice 33.8kB .next/static/chunks/3336.a76f9485fe7cb762.js
npm notice 40.3kB .next/static/chunks/3716.72bf4c9d7325debd.js
npm notice 241.4kB .next/static/chunks/3794-6cecce02b123eb1f.js
npm notice 5.0kB .next/static/chunks/3995.eca0f5bef1fc3ae5.js
npm notice 62.5kB .next/static/chunks/4004.74b9bcf5478b1663.js
npm notice 39.7kB .next/static/chunks/4202.8440832386f023c7.js
npm notice 72.6kB .next/static/chunks/4238.6f102dcbcf2ae339.js
npm notice 48.9kB .next/static/chunks/4405.7a19458960a1058e.js
npm notice 156B .next/static/chunks/4424.fd0c93a807a333e1.js
npm notice 165B .next/static/chunks/4866.d1060b4faf2ae1e2.js
npm notice 598B .next/static/chunks/4970.8a63b4953b0e4946.js
npm notice 161B .next/static/chunks/5020.9ac8d0dc8390bb6e.js
npm notice 1.8kB .next/static/chunks/5137.f163e94c74a94d01.js
npm notice 161B .next/static/chunks/5242.7b643c6b3394cac1.js
npm notice 166B .next/static/chunks/5361.afc00ab2626bacbf.js
npm notice 160B .next/static/chunks/5521.cfdf2cfc6db31407.js
npm notice 16.0kB .next/static/chunks/5526.ff46471041fdcb79.js
npm notice 8.6kB .next/static/chunks/5681.dd0e66b0de16e54b.js
npm notice 15.7kB .next/static/chunks/5772-fa9b9cccdc812bf9.js
npm notice 31.3kB .next/static/chunks/6121.eb9023b1cbc78ee2.js
npm notice 2.0kB .next/static/chunks/6161.4836cd7d031026bf.js
npm notice 11.7kB .next/static/chunks/6195.1153369f5f8b13a2.js
npm notice 164B .next/static/chunks/6294.24f510c0c3e3714c.js
npm notice 450B .next/static/chunks/6654.16f727522ec47f5a.js
npm notice 20.3kB .next/static/chunks/6794.f746d8fbbf248ecf.js
npm notice 7.2kB .next/static/chunks/7256.e07cf52d87d40252.js
npm notice 8.7kB .next/static/chunks/7268.236544be8e242c16.js
npm notice 29.7kB .next/static/chunks/7331.2add3c4e125a2dba.js
npm notice 160B .next/static/chunks/7543.89f7b805ed0f2901.js
npm notice 71.1kB .next/static/chunks/8200.a36b9f8c983c6b9e.js
npm notice 16.0kB .next/static/chunks/8863.fa0320ea586efb3b.js
npm notice 31.5kB .next/static/chunks/8885.cf60cac98bf8b70c.js
npm notice 2.0kB .next/static/chunks/8901.e117d206a917bda0.js
npm notice 1.2MB .next/static/chunks/9445-fde6feabcb39142c.js
npm notice 161B .next/static/chunks/9522.c7c6e9c330f9ba6b.js
npm notice 17.4kB .next/static/chunks/9614.3221013d7f0af27f.js
npm notice 25.2kB .next/static/chunks/9698.4d09a99b9d99f3e5.js
npm notice 159B .next/static/chunks/9705.40a82b97f214e28b.js
npm notice 10.1kB .next/static/chunks/9764.2669775c6e107a01.js
npm notice 957B .next/static/chunks/9793.4567af813117ad25.js
npm notice 22.8kB .next/static/chunks/9974.9a0f79beca65e8c4.js
npm notice 428.8kB .next/static/chunks/90542734.ae439f2382f58c51.js
npm notice 442B .next/static/chunks/app/_global-error/page-348f805f2280d64b.js
npm notice 2.7kB .next/static/chunks/app/_not-found/page-bfc355008990b5f9.js
npm notice 442B .next/static/chunks/app/api/agent/[id]/bash-output/route-348f805f2280d64b.js
npm notice 442B .next/static/chunks/app/api/agent/[id]/events/route-348f805f2280d64b.js
npm notice 442B .next/static/chunks/app/api/agent/[id]/lease/route-348f805f2280d64b.js
npm notice 442B .next/static/chunks/app/api/agent/[id]/route-348f805f2280d64b.js
npm notice 442B .next/static/chunks/app/api/agent/new/route-348f805f2280d64b.js
npm notice 442B .next/static/chunks/app/api/agent/running/route-348f805f2280d64b.js
npm notice 442B .next/static/chunks/app/api/app-update/route-348f805f2280d64b.js
npm notice 442B .next/static/chunks/app/api/attachments/route-348f805f2280d64b.js
npm notice 442B .next/static/chunks/app/api/auth/api-key/[provider]/route-348f805f2280d64b.js
npm notice 442B .next/static/chunks/app/api/auth/login/[provider]/route-348f805f2280d64b.js
npm notice 442B .next/static/chunks/app/api/auth/logout/[provider]/route-348f805f2280d64b.js
npm notice 442B .next/static/chunks/app/api/auth/providers/route-348f805f2280d64b.js
npm notice 442B .next/static/chunks/app/api/cwd/browse/route-348f805f2280d64b.js
npm notice 442B .next/static/chunks/app/api/cwd/validate/route-348f805f2280d64b.js
npm notice 442B .next/static/chunks/app/api/default-cwd/route-348f805f2280d64b.js
npm notice 442B .next/static/chunks/app/api/extension-ui/settings/route-348f805f2280d64b.js
npm notice 442B .next/static/chunks/app/api/file-index/route-348f805f2280d64b.js
npm notice 442B .next/static/chunks/app/api/files/[...path]/route-348f805f2280d64b.js
npm notice 442B .next/static/chunks/app/api/git/diff/route-348f805f2280d64b.js
npm notice 442B .next/static/chunks/app/api/git/status/route-348f805f2280d64b.js
npm notice 442B .next/static/chunks/app/api/home/route-348f805f2280d64b.js
npm notice 442B .next/static/chunks/app/api/models-config/catalog/route-348f805f2280d64b.js
npm notice 442B .next/static/chunks/app/api/models-config/discover/route-348f805f2280d64b.js
npm notice 442B .next/static/chunks/app/api/models-config/route-348f805f2280d64b.js
npm notice 442B .next/static/chunks/app/api/models-config/test/route-348f805f2280d64b.js
npm notice 442B .next/static/chunks/app/api/models/route-348f805f2280d64b.js
npm notice 442B .next/static/chunks/app/api/plugins/check/route-348f805f2280d64b.js
npm notice 442B .next/static/chunks/app/api/plugins/route-348f805f2280d64b.js
npm notice 442B .next/static/chunks/app/api/project-trust/route-348f805f2280d64b.js
npm notice 442B .next/static/chunks/app/api/projects/route-348f805f2280d64b.js
npm notice 442B .next/static/chunks/app/api/provider-usage/query/route-348f805f2280d64b.js
npm notice 442B .next/static/chunks/app/api/push/config/route-348f805f2280d64b.js
npm notice 442B .next/static/chunks/app/api/push/subscribe/route-348f805f2280d64b.js
npm notice 442B .next/static/chunks/app/api/sessions/[id]/auto-name/route-348f805f2280d64b.js
npm notice 442B .next/static/chunks/app/api/sessions/[id]/context/route-348f805f2280d64b.js
npm notice 442B .next/static/chunks/app/api/sessions/[id]/entries/[entryId]/thinking/route-348f805f2280d64b.js
npm notice 442B .next/static/chunks/app/api/sessions/[id]/entries/[entryId]/tool-result-image/route-348f805f2280d64b.js
npm notice 442B .next/static/chunks/app/api/sessions/[id]/export/route-348f805f2280d64b.js
npm notice 442B .next/static/chunks/app/api/sessions/[id]/route-348f805f2280d64b.js
npm notice 442B .next/static/chunks/app/api/sessions/[id]/state/route-348f805f2280d64b.js
npm notice 442B .next/static/chunks/app/api/sessions/route-348f805f2280d64b.js
npm notice 442B .next/static/chunks/app/api/sessions/search/route-348f805f2280d64b.js
npm notice 442B .next/static/chunks/app/api/settings/ask-user/route-348f805f2280d64b.js
npm notice 442B .next/static/chunks/app/api/skills/check/route-348f805f2280d64b.js
npm notice 442B .next/static/chunks/app/api/skills/install/route-348f805f2280d64b.js
npm notice 442B .next/static/chunks/app/api/skills/route-348f805f2280d64b.js
npm notice 442B .next/static/chunks/app/api/skills/search/route-348f805f2280d64b.js
npm notice 442B .next/static/chunks/app/api/skills/update/route-348f805f2280d64b.js
npm notice 442B .next/static/chunks/app/api/subagents/[id]/route-348f805f2280d64b.js
npm notice 442B .next/static/chunks/app/api/subagents/profiles/route-348f805f2280d64b.js
npm notice 442B .next/static/chunks/app/api/subagents/settings/route-348f805f2280d64b.js
npm notice 442B .next/static/chunks/app/api/terminal/[id]/events/route-348f805f2280d64b.js
npm notice 442B .next/static/chunks/app/api/terminal/[id]/route-348f805f2280d64b.js
npm notice 442B .next/static/chunks/app/api/terminal/route-348f805f2280d64b.js
npm notice 442B .next/static/chunks/app/api/tools/settings/route-348f805f2280d64b.js
npm notice 442B .next/static/chunks/app/api/web-auth/route-348f805f2280d64b.js
npm notice 442B .next/static/chunks/app/api/worktrees/route-348f805f2280d64b.js
npm notice 880B .next/static/chunks/app/layout-b792331ad8809c15.js
npm notice 2.4kB .next/static/chunks/app/login/page-c8f14a38003b6262.js
npm notice 442B .next/static/chunks/app/manifest.webmanifest/route-348f805f2280d64b.js
npm notice 596.9kB .next/static/chunks/app/page-7eb57c57ce1fd8a5.js
npm notice 203.8kB .next/static/chunks/bf2ff291.3a109dffc1fe84af.js
npm notice 263.9kB .next/static/chunks/d3ac728e-7964f816a1ca64e5.js
npm notice 649.7kB .next/static/chunks/da12927c.476aa688a637649c.js
npm notice 115.3kB .next/static/chunks/db9d41be.e72ce090a86a3691.js
npm notice 329.9kB .next/static/chunks/e868780c-1584512c612787d7.js
npm notice 189.7kB .next/static/chunks/framework-b33a8f5d57cd8d87.js
npm notice 527B .next/static/chunks/main-app-24a0c5079461f0ae.js
npm notice 139.8kB .next/static/chunks/main-dfacbb9b8661e871.js
npm notice 442B .next/static/chunks/next/dist/client/components/builtin/app-error-348f805f2280d64b.js
npm notice 442B .next/static/chunks/next/dist/client/components/builtin/forbidden-348f805f2280d64b.js
npm notice 184B .next/static/chunks/next/dist/client/components/builtin/global-error-4457a2d4ce7d9409.js
npm notice 442B .next/static/chunks/next/dist/client/components/builtin/not-found-348f805f2280d64b.js
npm notice 442B .next/static/chunks/next/dist/client/components/builtin/unauthorized-348f805f2280d64b.js
npm notice 112.6kB .next/static/chunks/polyfills-42372ed130431b0a.js
npm notice 5.2kB .next/static/chunks/webpack-6d84f16898bd9065.js
npm notice 25.2kB .next/static/css/2f46e0db0d4a3aed.css
npm notice 4.5kB .next/static/css/4cbedad236d913cb.css
npm notice 55.1kB .next/static/css/51ffd459414e5dc6.css
npm notice 21.1kB .next/static/css/ce6c3b73ae185d5e.css
npm notice 63.6kB .next/static/media/KaTeX_AMS-Regular.4aafdb68.ttf
npm notice 33.5kB .next/static/media/KaTeX_AMS-Regular.1608a09b.woff
npm notice 28.1kB .next/static/media/KaTeX_AMS-Regular.a79f1c31.woff2
npm notice 7.7kB .next/static/media/KaTeX_Caligraphic-Bold.b6770918.woff
npm notice 12.4kB .next/static/media/KaTeX_Caligraphic-Bold.cce5b8ec.ttf
npm notice 6.9kB .next/static/media/KaTeX_Caligraphic-Bold.ec17d132.woff2
npm notice 12.3kB .next/static/media/KaTeX_Caligraphic-Regular.07ef19e7.ttf
npm notice 6.9kB .next/static/media/KaTeX_Caligraphic-Regular.55fac258.woff2
npm notice 7.7kB .next/static/media/KaTeX_Caligraphic-Regular.dad44a7f.woff
npm notice 13.3kB .next/static/media/KaTeX_Fraktur-Bold.9f256b85.woff
npm notice 19.6kB .next/static/media/KaTeX_Fraktur-Bold.b18f59e1.ttf
npm notice 11.3kB .next/static/media/KaTeX_Fraktur-Bold.d42a5579.woff2
npm notice 13.2kB .next/static/media/KaTeX_Fraktur-Regular.7c187121.woff
npm notice 11.3kB .next/static/media/KaTeX_Fraktur-Regular.d3c882a6.woff2
npm notice 19.6kB .next/static/media/KaTeX_Fraktur-Regular.ed38e79f.ttf
npm notice 51.3kB .next/static/media/KaTeX_Main-Bold.b74a1a8b.ttf
npm notice 25.3kB .next/static/media/KaTeX_Main-Bold.c3fb5ac2.woff2
npm notice 29.9kB .next/static/media/KaTeX_Main-Bold.d181c465.woff
npm notice 16.8kB .next/static/media/KaTeX_Main-BoldItalic.6f2bb1df.woff2
npm notice 33.0kB .next/static/media/KaTeX_Main-BoldItalic.70d8b0a5.ttf
npm notice 19.4kB .next/static/media/KaTeX_Main-BoldItalic.e3f82f9d.woff
npm notice 19.7kB .next/static/media/KaTeX_Main-Italic.9024d815.woff
npm notice 33.6kB .next/static/media/KaTeX_Main-Italic.47373d1e.ttf
npm notice 17.0kB .next/static/media/KaTeX_Main-Italic.8916142b.woff2
npm notice 30.8kB .next/static/media/KaTeX_Main-Regular.7f51fe03.woff
npm notice 26.3kB .next/static/media/KaTeX_Main-Regular.0462f03b.woff2
npm notice 53.6kB .next/static/media/KaTeX_Main-Regular.b7f8fe9b.ttf
npm notice 16.4kB .next/static/media/KaTeX_Math-BoldItalic.572d331f.woff2
npm notice 31.2kB .next/static/media/KaTeX_Math-BoldItalic.a879cf83.ttf
npm notice 18.7kB .next/static/media/KaTeX_Math-BoldItalic.f1035d8d.woff
npm notice 31.3kB .next/static/media/KaTeX_Math-Italic.939bc644.ttf
npm notice 18.7kB .next/static/media/KaTeX_Math-Italic.5295ba48.woff
npm notice 16.4kB .next/static/media/KaTeX_Math-Italic.f28c23ac.woff2
npm notice 12.2kB .next/static/media/KaTeX_SansSerif-Bold.8c5b5494.woff2
npm notice 24.5kB .next/static/media/KaTeX_SansSerif-Bold.94e1e8dc.ttf
npm notice 14.4kB .next/static/media/KaTeX_SansSerif-Bold.bf59d231.woff
npm notice 12.0kB .next/static/media/KaTeX_SansSerif-Italic.3b1e59b3.woff2
npm notice 14.1kB .next/static/media/KaTeX_SansSerif-Italic.7c9bc82b.woff
npm notice 22.4kB .next/static/media/KaTeX_SansSerif-Italic.b4c20c84.ttf
npm notice 12.3kB .next/static/media/KaTeX_SansSerif-Regular.74048478.woff
npm notice 10.3kB .next/static/media/KaTeX_SansSerif-Regular.ba21ed5f.woff2
npm notice 19.4kB .next/static/media/KaTeX_SansSerif-Regular.d4d7ba48.ttf
npm notice 9.6kB .next/static/media/KaTeX_Script-Regular.03e9641d.woff2
npm notice 10.6kB .next/static/media/KaTeX_Script-Regular.07505710.woff
npm notice 16.6kB .next/static/media/KaTeX_Script-Regular.fe9cbbe1.ttf
npm notice 6.5kB .next/static/media/KaTeX_Size1-Regular.e1e279cb.woff
npm notice 5.5kB .next/static/media/KaTeX_Size1-Regular.eae34984.woff2
npm notice 12.2kB .next/static/media/KaTeX_Size1-Regular.fabc004a.ttf
npm notice 5.2kB .next/static/media/KaTeX_Size2-Regular.5916a24f.woff2
npm notice 6.2kB .next/static/media/KaTeX_Size2-Regular.57727022.woff
npm notice 11.5kB .next/static/media/KaTeX_Size2-Regular.d6b476ec.ttf
npm notice 4.4kB .next/static/media/KaTeX_Size3-Regular.9acaf01c.woff
npm notice 7.6kB .next/static/media/KaTeX_Size3-Regular.a144ef58.ttf
npm notice 3.6kB .next/static/media/KaTeX_Size3-Regular.b4230e7e.woff2
npm notice 6.0kB .next/static/media/KaTeX_Size4-Regular.7a996c9d.woff
npm notice 4.9kB .next/static/media/KaTeX_Size4-Regular.10d95fd3.woff2
npm notice 10.4kB .next/static/media/KaTeX_Size4-Regular.fbccdabe.ttf
npm notice 16.0kB .next/static/media/KaTeX_Typewriter-Regular.6258592b.woff
npm notice 13.6kB .next/static/media/KaTeX_Typewriter-Regular.a8709e36.woff2
npm notice 27.6kB .next/static/media/KaTeX_Typewriter-Regular.d97aaf4a.ttf
npm notice 2.4kB .next/static/WukMoLkAnVhC96fDf1Jd7/_buildManifest.js
npm notice 80B .next/static/WukMoLkAnVhC96fDf1Jd7/_ssgManifest.js
npm notice 1.2MB .next/trace
npm notice 1.2kB .next/trace-build
npm notice 9.1kB .next/types/app/api/agent/[id]/bash-output/route.ts
npm notice 9.1kB .next/types/app/api/agent/[id]/events/route.ts
npm notice 9.1kB .next/types/app/api/agent/[id]/lease/route.ts
npm notice 9.1kB .next/types/app/api/agent/[id]/route.ts
npm notice 9.1kB .next/types/app/api/agent/new/route.ts
npm notice 9.1kB .next/types/app/api/agent/running/route.ts
npm notice 9.1kB .next/types/app/api/app-update/route.ts
npm notice 9.1kB .next/types/app/api/attachments/route.ts
npm notice 9.1kB .next/types/app/api/auth/api-key/[provider]/route.ts
npm notice 9.1kB .next/types/app/api/auth/login/[provider]/route.ts
npm notice 9.1kB .next/types/app/api/auth/logout/[provider]/route.ts
npm notice 9.1kB .next/types/app/api/auth/providers/route.ts
npm notice 9.1kB .next/types/app/api/cwd/browse/route.ts
npm notice 9.1kB .next/types/app/api/cwd/validate/route.ts
npm notice 9.1kB .next/types/app/api/default-cwd/route.ts
npm notice 9.1kB .next/types/app/api/extension-ui/settings/route.ts
npm notice 9.1kB .next/types/app/api/file-index/route.ts
npm notice 9.1kB .next/types/app/api/files/[...path]/route.ts
npm notice 9.1kB .next/types/app/api/git/diff/route.ts
npm notice 9.1kB .next/types/app/api/git/status/route.ts
npm notice 9.1kB .next/types/app/api/home/route.ts
npm notice 9.1kB .next/types/app/api/models-config/catalog/route.ts
npm notice 9.1kB .next/types/app/api/models-config/discover/route.ts
npm notice 9.1kB .next/types/app/api/models-config/route.ts
npm notice 9.1kB .next/types/app/api/models-config/test/route.ts
npm notice 9.1kB .next/types/app/api/models/route.ts
npm notice 9.1kB .next/types/app/api/plugins/check/route.ts
npm notice 9.1kB .next/types/app/api/plugins/route.ts
npm notice 9.1kB .next/types/app/api/project-trust/route.ts
npm notice 9.1kB .next/types/app/api/projects/route.ts
npm notice 9.1kB .next/types/app/api/provider-usage/query/route.ts
npm notice 9.1kB .next/types/app/api/push/config/route.ts
npm notice 9.1kB .next/types/app/api/push/subscribe/route.ts
npm notice 9.1kB .next/types/app/api/sessions/[id]/auto-name/route.ts
npm notice 9.1kB .next/types/app/api/sessions/[id]/context/route.ts
npm notice 9.2kB .next/types/app/api/sessions/[id]/entries/[entryId]/thinking/route.ts
npm notice 9.2kB .next/types/app/api/sessions/[id]/entries/[entryId]/tool-result-image/route.ts
npm notice 9.1kB .next/types/app/api/sessions/[id]/export/route.ts
npm notice 9.1kB .next/types/app/api/sessions/[id]/route.ts
npm notice 9.1kB .next/types/app/api/sessions/[id]/state/route.ts
npm notice 9.1kB .next/types/app/api/sessions/route.ts
npm notice 9.1kB .next/types/app/api/sessions/search/route.ts
npm notice 9.1kB .next/types/app/api/settings/ask-user/route.ts
npm notice 9.1kB .next/types/app/api/skills/check/route.ts
npm notice 9.1kB .next/types/app/api/skills/install/route.ts
npm notice 9.1kB .next/types/app/api/skills/route.ts
npm notice 9.1kB .next/types/app/api/skills/search/route.ts
npm notice 9.1kB .next/types/app/api/skills/update/route.ts
npm notice 9.1kB .next/types/app/api/subagents/[id]/route.ts
npm notice 9.1kB .next/types/app/api/subagents/profiles/route.ts
npm notice 9.1kB .next/types/app/api/subagents/settings/route.ts
npm notice 9.1kB .next/types/app/api/terminal/[id]/events/route.ts
npm notice 9.1kB .next/types/app/api/terminal/[id]/route.ts
npm notice 9.1kB .next/types/app/api/terminal/route.ts
npm notice 9.1kB .next/types/app/api/tools/settings/route.ts
npm notice 9.1kB .next/types/app/api/web-auth/route.ts
npm notice 9.1kB .next/types/app/api/worktrees/route.ts
npm notice 4.0kB .next/types/app/layout.ts
npm notice 4.0kB .next/types/app/login/page.ts
npm notice 4.0kB .next/types/app/page.ts
npm notice 5.9kB .next/types/cache-life.d.ts
npm notice 18B .next/types/package.json
npm notice 101B .next/types/root-params.d.ts
npm notice 5.3kB .next/types/routes.d.ts
npm notice 21.4kB .next/types/validator.ts
npm notice 1.1kB LICENSE
npm notice 8.6kB README.ja.md
npm notice 8.4kB README.md
npm notice 10.7kB README.ru.md
npm notice 6.3kB README.zh-CN.md
npm notice 938B bin/node-version.js
npm notice 2.7kB bin/pi-web-options.js
npm notice 4.5kB bin/pi-web.js
npm notice 734B bin/prepare-terminal.js
npm notice 2.2kB bin/process-lifecycle.js
npm notice 2.4kB next.config.ts
npm notice 2.9kB package.json
npm notice 29.5kB public/fonts/cascadia-code-latin-400-normal.woff2
npm notice 29.9kB public/fonts/cascadia-code-latin-500-normal.woff2
npm notice 30.4kB public/fonts/cascadia-code-latin-600-normal.woff2
npm notice 30.2kB public/fonts/cascadia-code-latin-700-normal.woff2
npm notice 11.8kB public/icons/apple-touch-icon.png
npm notice 272B public/icons/catppuccin/latte/_file.svg
npm notice 312B public/icons/catppuccin/latte/_folder_open.svg
npm notice 290B public/icons/catppuccin/latte/_folder.svg
npm notice 572B public/icons/catppuccin/latte/bash.svg
npm notice 586B public/icons/catppuccin/latte/bun-lock.svg
npm notice 333B public/icons/catppuccin/latte/config.svg
npm notice 1.5kB public/icons/catppuccin/latte/css.svg
npm notice 421B public/icons/catppuccin/latte/database.svg
npm notice 384B public/icons/catppuccin/latte/docker.svg
npm notice 385B public/icons/catppuccin/latte/env.svg
npm notice 320B public/icons/catppuccin/latte/eslint.svg
npm notice 546B public/icons/catppuccin/latte/git.svg
npm notice 409B public/icons/catppuccin/latte/go.svg
npm notice 604B public/icons/catppuccin/latte/graphql.svg
npm notice 298B public/icons/catppuccin/latte/html.svg
npm notice 612B public/icons/catppuccin/latte/javascript-react.svg
npm notice 700B public/icons/catppuccin/latte/javascript.svg
npm notice 468B public/icons/catppuccin/latte/json.svg
npm notice 469B public/icons/catppuccin/latte/lock.svg
npm notice 359B public/icons/catppuccin/latte/markdown.svg
npm notice 374B public/icons/catppuccin/latte/ms-word.svg
npm notice 272B public/icons/catppuccin/latte/next.svg
npm notice 475B public/icons/catppuccin/latte/npm-lock.svg
npm notice 444B public/icons/catppuccin/latte/pdf.svg
npm notice 589B public/icons/catppuccin/latte/python.svg
npm notice 514B public/icons/catppuccin/latte/rust.svg
npm notice 439B public/icons/catppuccin/latte/sass.svg
npm notice 264B public/icons/catppuccin/latte/terraform.svg
npm notice 236B public/icons/catppuccin/latte/toml.svg
npm notice 614B public/icons/catppuccin/latte/typescript-react.svg
npm notice 469B public/icons/catppuccin/latte/typescript.svg
npm notice 216B public/icons/catppuccin/latte/yaml.svg
npm notice 1.1kB public/icons/catppuccin/LICENSE
npm notice 272B public/icons/catppuccin/mocha/_file.svg
npm notice 312B public/icons/catppuccin/mocha/_folder_open.svg
npm notice 290B public/icons/catppuccin/mocha/_folder.svg
npm notice 572B public/icons/catppuccin/mocha/bash.svg
npm notice 586B public/icons/catppuccin/mocha/bun-lock.svg
npm notice 333B public/icons/catppuccin/mocha/config.svg
npm notice 1.5kB public/icons/catppuccin/mocha/css.svg
npm notice 421B public/icons/catppuccin/mocha/database.svg
npm notice 384B public/icons/catppuccin/mocha/docker.svg
npm notice 385B public/icons/catppuccin/mocha/env.svg
npm notice 320B public/icons/catppuccin/mocha/eslint.svg
npm notice 546B public/icons/catppuccin/mocha/git.svg
npm notice 409B public/icons/catppuccin/mocha/go.svg
npm notice 604B public/icons/catppuccin/mocha/graphql.svg
npm notice 298B public/icons/catppuccin/mocha/html.svg
npm notice 612B public/icons/catppuccin/mocha/javascript-react.svg
npm notice 700B public/icons/catppuccin/mocha/javascript.svg
npm notice 468B public/icons/catppuccin/mocha/json.svg
npm notice 469B public/icons/catppuccin/mocha/lock.svg
npm notice 359B public/icons/catppuccin/mocha/markdown.svg
npm notice 374B public/icons/catppuccin/mocha/ms-word.svg
npm notice 272B public/icons/catppuccin/mocha/next.svg
npm notice 475B public/icons/catppuccin/mocha/npm-lock.svg
npm notice 444B public/icons/catppuccin/mocha/pdf.svg
npm notice 589B public/icons/catppuccin/mocha/python.svg
npm notice 514B public/icons/catppuccin/mocha/rust.svg
npm notice 439B public/icons/catppuccin/mocha/sass.svg
npm notice 264B public/icons/catppuccin/mocha/terraform.svg
npm notice 236B public/icons/catppuccin/mocha/toml.svg
npm notice 614B public/icons/catppuccin/mocha/typescript-react.svg
npm notice 469B public/icons/catppuccin/mocha/typescript.svg
npm notice 216B public/icons/catppuccin/mocha/yaml.svg
npm notice 513B public/icons/catppuccin/README.md
npm notice 12.9kB public/icons/icon-192.png
npm notice 36.3kB public/icons/icon-512.png
npm notice 1.8kB public/offline.html
npm notice 40.6kB public/provider-icons.svg
npm notice 4.3kB public/sw.js
npm notice 4.0kB public/sw.test.mjs
npm notice Tarball Details
npm notice name: @xup3ng/pi-web
npm notice version: 0.9.4
npm notice filename: xup3ng-pi-web-0.9.4.tgz
npm notice package size: 6.1 MB
npm notice unpacked size: 33.8 MB
npm notice shasum: 2229931fff28561aace0903206174f453afd972d
npm notice integrity: sha512-WX+LIbwPxXCMn[...]unaehLoEzwXmw==
npm notice total files: 703
npm notice
xup3ng-pi-web-0.9.4.tgz
