▲ Next.js 16.3.6 (Turbopack)
- Local:         http://127.0.0.1:33403
- Network:       http://127.0.0.1:33403
✓ Ready in 291ms
✓ Running next.config.ts took 29ms
- Experiments (use with caution):
  · proxyClientMaxBodySize: "128mb"

○ Compiling / ...
 GET / 200 in 3.0s (next.js: 2.3s, proxy.ts: 3ms, application-code: 725ms)
 GET / 200 in 36ms (next.js: 4ms, proxy.ts: 3ms, application-code: 29ms)
[pi-web] session_start dispatched to extensions for session 01a10fc7-6fa7-7484-8bf4-851e7d4b0e6e
 POST /api/agent/new 200 in 1663ms (next.js: 340ms, proxy.ts: 6ms, application-code: 1317ms)
 POST /api/agent/01a10fc7-6fa7-7484-8bf4-851e7d4b0e6e 200 in 1476ms (next.js: 1463ms, proxy.ts: 3ms, application-code: 9ms)
 POST /api/agent/01a10fc7-6fa7-7484-8bf4-851e7d4b0e6e 200 in 49ms (next.js: 23ms, proxy.ts: 3ms, application-code: 24ms)
 GET /api/agent/01a10fc7-6fa7-7484-8bf4-851e7d4b0e6e 200 in 9ms (next.js: 3ms, proxy.ts: 2ms, application-code: 3ms)
 GET /api/agent/01a10fc7-6fa7-7484-8bf4-851e7d4b0e6e 200 in 8ms (next.js: 3ms, proxy.ts: 2ms, application-code: 3ms)
 GET /?session=01a10fc7-6fa7-7484-8bf4-851e7d4b0e6e 200 in 36ms (next.js: 4ms, proxy.ts: 3ms, application-code: 29ms)
 GET /api/home 200 in 181ms (next.js: 167ms, proxy.ts: 9ms, application-code: 5ms)
 GET /api/open-in-explorer 200 in 278ms (next.js: 267ms, proxy.ts: 8ms, application-code: 3ms)
 GET /api/agent/running 200 in 271ms (next.js: 265ms, proxy.ts: 3ms, application-code: 3ms)
 GET /api/projects 200 in 482ms (next.js: 325ms, proxy.ts: 6ms, application-code: 151ms)
 GET /api/sessions?sessionId=01a10fc7-6fa7-7484-8bf4-851e7d4b0e6e 200 in 479ms (next.js: 393ms, proxy.ts: 10ms, application-code: 76ms)
 GET /api/home 200 in 29ms (next.js: 14ms, proxy.ts: 11ms, application-code: 3ms)
 GET /api/open-in-explorer 200 in 33ms (next.js: 18ms, proxy.ts: 12ms, application-code: 3ms)
 GET /api/projects?force=1 200 in 487ms (next.js: 323ms, proxy.ts: 7ms, application-code: 156ms)
 GET /api/sessions?projectKey=%2Fhome%2Fxupeng%2F.cache%2Fpi-tmp%2F01a10f47-ae69-753b-a8de-d77bd690adfd%2Fask-user-browser-installed-6ydoz_7s%2Fproject 200 in 14ms (next.js: 4ms, proxy.ts: 7ms, application-code: 3ms)
 GET /api/git/status?cwd=%2Fhome%2Fxupeng%2F.cache%2Fpi-tmp%2F01a10f47-ae69-753b-a8de-d77bd690adfd%2Fask-user-browser-installed-6ydoz_7s%2Fproject 200 in 236ms (next.js: 177ms, proxy.ts: 6ms, application-code: 53ms)
 GET /api/project-trust?cwd=%2Fhome%2Fxupeng%2F.cache%2Fpi-tmp%2F01a10f47-ae69-753b-a8de-d77bd690adfd%2Fask-user-browser-installed-6ydoz_7s%2Fproject 200 in 421ms (next.js: 391ms, proxy.ts: 19ms, application-code: 11ms)
 GET /api/worktrees?cwd=%2Fhome%2Fxupeng%2F.cache%2Fpi-tmp%2F01a10f47-ae69-753b-a8de-d77bd690adfd%2Fask-user-browser-installed-6ydoz_7s%2Fproject 200 in 657ms (next.js: 312ms, proxy.ts: 5ms, application-code: 340ms)
 GET /api/sessions?projectKey=%2Fhome%2Fxupeng%2F.cache%2Fpi-tmp%2F01a10f47-ae69-753b-a8de-d77bd690adfd%2Fask-user-browser-installed-6ydoz_7s%2Fproject 200 in 421ms (next.js: 405ms, proxy.ts: 13ms, application-code: 3ms)
 GET /api/file-index?cwd=%2Fhome%2Fxupeng%2F.cache%2Fpi-tmp%2F01a10f47-ae69-753b-a8de-d77bd690adfd%2Fask-user-browser-installed-6ydoz_7s%2Fproject 200 in 629ms (next.js: 372ms, proxy.ts: 6ms, application-code: 252ms)
 GET /api/models?cwd=%2Fhome%2Fxupeng%2F.cache%2Fpi-tmp%2F01a10f47-ae69-753b-a8de-d77bd690adfd%2Fask-user-browser-installed-6ydoz_7s%2Fproject 200 in 44ms (next.js: 4ms, proxy.ts: 37ms, application-code: 3ms)
 GET /api/git/status?cwd=%2Fhome%2Fxupeng%2F.cache%2Fpi-tmp%2F01a10f47-ae69-753b-a8de-d77bd690adfd%2Fask-user-browser-installed-6ydoz_7s%2Fproject 200 in 85ms (next.js: 7ms, proxy.ts: 38ms, application-code: 40ms)
 GET /api/files/home/xupeng/.cache/pi-tmp/01a10f47-ae69-753b-a8de-d77bd690adfd/ask-user-browser-installed-6ydoz_7s/project?type=list 200 in 1969ms (next.js: 1956ms, proxy.ts: 6ms, application-code: 8ms)
 GET /api/files/home/xupeng/.cache/pi-tmp/01a10f47-ae69-753b-a8de-d77bd690adfd/ask-user-browser-installed-6ydoz_7s/project?type=list 200 in 42ms (next.js: 38ms, proxy.ts: 1.9ms, application-code: 2ms)
 GET /api/agent/running 200 in 7ms (next.js: 3ms, proxy.ts: 1.7ms, application-code: 3ms)
 GET /api/sessions/01a10fc7-6fa7-7484-8bf4-851e7d4b0e6e?deferThinking=1&deferMedia=1&tree=summary&force=1 200 in 2.3s (next.js: 2.1s, proxy.ts: 116ms, application-code: 14ms)
 GET /api/sessions/01a10fc7-6fa7-7484-8bf4-851e7d4b0e6e?deferThinking=1&deferMedia=1&tree=summary&force=1 200 in 46ms (next.js: 36ms, proxy.ts: 3ms, application-code: 7ms)
 GET /api/sessions/01a10fc7-6fa7-7484-8bf4-851e7d4b0e6e/state 200 in 1651ms (next.js: 1643ms, proxy.ts: 3ms, application-code: 5ms)
 POST /api/agent/01a10fc7-6fa7-7484-8bf4-851e7d4b0e6e 200 in 44ms (next.js: 38ms, proxy.ts: 3ms, application-code: 3ms)
 GET /?session=ask-host-navigation-fixture 200 in 43ms (next.js: 3ms, proxy.ts: 2ms, application-code: 37ms)
 GET /api/agent/01a10fc7-6fa7-7484-8bf4-851e7d4b0e6e/events 200 in 3.7s (next.js: 1769ms, proxy.ts: 107ms, application-code: 1838ms)
 GET /api/projects 200 in 17ms (next.js: 8ms, proxy.ts: 6ms, application-code: 3ms)
 GET /api/open-in-explorer 200 in 20ms (next.js: 11ms, proxy.ts: 6ms, application-code: 2ms)
 GET /api/agent/running 200 in 29ms (next.js: 17ms, proxy.ts: 7ms, application-code: 5ms)
 GET /api/home 200 in 37ms (next.js: 25ms, proxy.ts: 9ms, application-code: 3ms)
 GET /api/agent/running 200 in 33ms (next.js: 8ms, proxy.ts: 23ms, application-code: 2.0ms)
 GET /api/open-in-explorer 200 in 26ms (next.js: 10ms, proxy.ts: 14ms, application-code: 2ms)
 GET /api/sessions?sessionId=ask-host-navigation-fixture 200 in 57ms (next.js: 22ms, proxy.ts: 15ms, application-code: 21ms)
 GET /api/projects?force=1 200 in 56ms (next.js: 17ms, proxy.ts: 22ms, application-code: 16ms)
 GET /api/home 200 in 17ms (next.js: 4ms, proxy.ts: 10ms, application-code: 2ms)
 GET /api/worktrees?cwd=%2Fhome%2Fxupeng%2F.cache%2Fpi-tmp%2F01a10f47-ae69-753b-a8de-d77bd690adfd%2Fask-user-browser-installed-6ydoz_7s%2Fproject 200 in 92ms (next.js: 5ms, proxy.ts: 6ms, application-code: 80ms)
 GET /api/git/status?cwd=%2Fhome%2Fxupeng%2F.cache%2Fpi-tmp%2F01a10f47-ae69-753b-a8de-d77bd690adfd%2Fask-user-browser-installed-6ydoz_7s%2Fproject 200 in 94ms (next.js: 40ms, proxy.ts: 7ms, application-code: 48ms)
 GET /api/sessions?projectKey=%2Fhome%2Fxupeng%2F.cache%2Fpi-tmp%2F01a10f47-ae69-753b-a8de-d77bd690adfd%2Fask-user-browser-installed-6ydoz_7s%2Fproject 200 in 95ms (next.js: 78ms, proxy.ts: 6ms, application-code: 11ms)
 GET /api/files/home/xupeng/.cache/pi-tmp/01a10f47-ae69-753b-a8de-d77bd690adfd/ask-user-browser-installed-6ydoz_7s/project?type=list 200 in 151ms (next.js: 140ms, proxy.ts: 6ms, application-code: 5ms)
 GET /api/file-index?cwd=%2Fhome%2Fxupeng%2F.cache%2Fpi-tmp%2F01a10f47-ae69-753b-a8de-d77bd690adfd%2Fask-user-browser-installed-6ydoz_7s%2Fproject 200 in 30ms (next.js: 14ms, proxy.ts: 13ms, application-code: 3ms)
 GET /api/project-trust?cwd=%2Fhome%2Fxupeng%2F.cache%2Fpi-tmp%2F01a10f47-ae69-753b-a8de-d77bd690adfd%2Fask-user-browser-installed-6ydoz_7s%2Fproject 200 in 34ms (next.js: 17ms, proxy.ts: 12ms, application-code: 5ms)
 GET /api/git/status?cwd=%2Fhome%2Fxupeng%2F.cache%2Fpi-tmp%2F01a10f47-ae69-753b-a8de-d77bd690adfd%2Fask-user-browser-installed-6ydoz_7s%2Fproject 200 in 84ms (next.js: 22ms, proxy.ts: 12ms, application-code: 50ms)
 GET /api/sessions?projectKey=%2Fhome%2Fxupeng%2F.cache%2Fpi-tmp%2F01a10f47-ae69-753b-a8de-d77bd690adfd%2Fask-user-browser-installed-6ydoz_7s%2Fproject 200 in 84ms (next.js: 66ms, proxy.ts: 9ms, application-code: 10ms)
 GET /api/sessions/ask-host-navigation-fixture?deferThinking=1&deferMedia=1&tree=summary&force=1 200 in 148ms (next.js: 125ms, proxy.ts: 12ms, application-code: 11ms)
 GET /api/models?cwd=%2Fhome%2Fxupeng%2F.cache%2Fpi-tmp%2F01a10f47-ae69-753b-a8de-d77bd690adfd%2Fask-user-browser-installed-6ydoz_7s%2Fproject 200 in 129ms (next.js: 107ms, proxy.ts: 14ms, application-code: 8ms)
 GET /api/files/home/xupeng/.cache/pi-tmp/01a10f47-ae69-753b-a8de-d77bd690adfd/ask-user-browser-installed-6ydoz_7s/project?type=list 200 in 200ms (next.js: 183ms, proxy.ts: 14ms, application-code: 3ms)
[pi-web] session_start dispatched to extensions for session ask-host-navigation-fixture
 GET /api/git/status?cwd=%2Fhome%2Fxupeng%2F.cache%2Fpi-tmp%2F01a10f47-ae69-753b-a8de-d77bd690adfd%2Fask-user-browser-installed-6ydoz_7s%2Fproject 200 in 125ms (next.js: 10ms, proxy.ts: 68ms, application-code: 47ms)
 GET /api/sessions/ask-host-navigation-fixture?deferThinking=1&deferMedia=1&tree=summary&force=1 200 in 154ms (next.js: 74ms, proxy.ts: 73ms, application-code: 7ms)
 GET /api/files/home/xupeng/.cache/pi-tmp/01a10f47-ae69-753b-a8de-d77bd690adfd/ask-user-browser-installed-6ydoz_7s/project?type=list 200 in 67ms (next.js: 15ms, proxy.ts: 49ms, application-code: 3ms)
 GET /api/sessions/ask-host-navigation-fixture/state 200 in 49ms (next.js: 42ms, proxy.ts: 3ms, application-code: 4ms)
 POST /api/agent/ask-host-navigation-fixture 200 in 11ms (next.js: 4ms, proxy.ts: 3ms, application-code: 4ms)
 GET /?session=01a10fc7-6fa7-7484-8bf4-851e7d4b0e6e 200 in 64ms (next.js: 4ms, proxy.ts: 3ms, application-code: 57ms)
 GET /api/agent/ask-host-navigation-fixture/events 200 in 618ms (next.js: 118ms, proxy.ts: 61ms, application-code: 439ms)
 GET /api/projects 200 in 21ms (next.js: 11ms, proxy.ts: 8ms, application-code: 3ms)
 GET /api/open-in-explorer 200 in 29ms (next.js: 16ms, proxy.ts: 10ms, application-code: 3ms)
 GET /api/agent/running 200 in 33ms (next.js: 18ms, proxy.ts: 12ms, application-code: 3ms)
 GET /api/home 200 in 38ms (next.js: 17ms, proxy.ts: 19ms, application-code: 3ms)
 GET /api/agent/running 200 in 32ms (next.js: 13ms, proxy.ts: 17ms, application-code: 3ms)
 GET /api/sessions?sessionId=01a10fc7-6fa7-7484-8bf4-851e7d4b0e6e 200 in 53ms (next.js: 17ms, proxy.ts: 13ms, application-code: 22ms)
 GET /api/open-in-explorer 200 in 26ms (next.js: 10ms, proxy.ts: 13ms, application-code: 3ms)
 GET /api/projects?force=1 200 in 54ms (next.js: 15ms, proxy.ts: 18ms, application-code: 21ms)
 GET /api/home 200 in 14ms (next.js: 4ms, proxy.ts: 8ms, application-code: 3ms)
 GET /api/worktrees?cwd=%2Fhome%2Fxupeng%2F.cache%2Fpi-tmp%2F01a10f47-ae69-753b-a8de-d77bd690adfd%2Fask-user-browser-installed-6ydoz_7s%2Fproject 200 in 100ms (next.js: 5ms, proxy.ts: 6ms, application-code: 88ms)
 GET /api/git/status?cwd=%2Fhome%2Fxupeng%2F.cache%2Fpi-tmp%2F01a10f47-ae69-753b-a8de-d77bd690adfd%2Fask-user-browser-installed-6ydoz_7s%2Fproject 200 in 112ms (next.js: 42ms, proxy.ts: 6ms, application-code: 63ms)
 GET /api/files/home/xupeng/.cache/pi-tmp/01a10f47-ae69-753b-a8de-d77bd690adfd/ask-user-browser-installed-6ydoz_7s/project?type=list 200 in 122ms (next.js: 112ms, proxy.ts: 6ms, application-code: 4ms)
 GET /api/sessions?projectKey=%2Fhome%2Fxupeng%2F.cache%2Fpi-tmp%2F01a10f47-ae69-753b-a8de-d77bd690adfd%2Fask-user-browser-installed-6ydoz_7s%2Fproject 200 in 118ms (next.js: 59ms, proxy.ts: 42ms, application-code: 16ms)
 GET /api/file-index?cwd=%2Fhome%2Fxupeng%2F.cache%2Fpi-tmp%2F01a10f47-ae69-753b-a8de-d77bd690adfd%2Fask-user-browser-installed-6ydoz_7s%2Fproject 200 in 45ms (next.js: 19ms, proxy.ts: 23ms, application-code: 3ms)
 GET /api/models?cwd=%2Fhome%2Fxupeng%2F.cache%2Fpi-tmp%2F01a10f47-ae69-753b-a8de-d77bd690adfd%2Fask-user-browser-installed-6ydoz_7s%2Fproject 200 in 53ms (next.js: 16ms, proxy.ts: 23ms, application-code: 14ms)
 GET /api/app-update 502 in 54ms (next.js: 12ms, proxy.ts: 22ms, application-code: 20ms)
 GET /api/project-trust?cwd=%2Fhome%2Fxupeng%2F.cache%2Fpi-tmp%2F01a10f47-ae69-753b-a8de-d77bd690adfd%2Fask-user-browser-installed-6ydoz_7s%2Fproject 200 in 43ms (next.js: 11ms, proxy.ts: 29ms, application-code: 4ms)
 GET /api/git/status?cwd=%2Fhome%2Fxupeng%2F.cache%2Fpi-tmp%2F01a10f47-ae69-753b-a8de-d77bd690adfd%2Fask-user-browser-installed-6ydoz_7s%2Fproject 200 in 83ms (next.js: 19ms, proxy.ts: 9ms, application-code: 55ms)
 GET /api/app-update 502 in 82ms (next.js: 51ms, proxy.ts: 21ms, application-code: 11ms)
 GET /api/files/home/xupeng/.cache/pi-tmp/01a10f47-ae69-753b-a8de-d77bd690adfd/ask-user-browser-installed-6ydoz_7s/project?type=list 200 in 96ms (next.js: 84ms, proxy.ts: 10ms, application-code: 3ms)
 GET /api/models?cwd=%2Fhome%2Fxupeng%2F.cache%2Fpi-tmp%2F01a10f47-ae69-753b-a8de-d77bd690adfd%2Fask-user-browser-installed-6ydoz_7s%2Fproject 200 in 89ms (next.js: 18ms, proxy.ts: 61ms, application-code: 10ms)
 GET /api/sessions?projectKey=%2Fhome%2Fxupeng%2F.cache%2Fpi-tmp%2F01a10f47-ae69-753b-a8de-d77bd690adfd%2Fask-user-browser-installed-6ydoz_7s%2Fproject 200 in 43ms (next.js: 10ms, proxy.ts: 24ms, application-code: 9ms)
 GET /api/sessions/01a10fc7-6fa7-7484-8bf4-851e7d4b0e6e?deferThinking=1&deferMedia=1&tree=summary&force=1 200 in 55ms (next.js: 22ms, proxy.ts: 27ms, application-code: 6ms)
 GET /api/models?cwd=%2Fhome%2Fxupeng%2F.cache%2Fpi-tmp%2F01a10f47-ae69-753b-a8de-d77bd690adfd%2Fask-user-browser-installed-6ydoz_7s%2Fproject 200 in 24ms (next.js: 11ms, proxy.ts: 8ms, application-code: 5ms)
 GET /api/sessions/01a10fc7-6fa7-7484-8bf4-851e7d4b0e6e?deferThinking=1&deferMedia=1&tree=summary&force=1 200 in 27ms (next.js: 14ms, proxy.ts: 4ms, application-code: 10ms)
 GET /api/sessions/01a10fc7-6fa7-7484-8bf4-851e7d4b0e6e/state 200 in 9ms (next.js: 3ms, proxy.ts: 3ms, application-code: 3ms)
 POST /api/agent/01a10fc7-6fa7-7484-8bf4-851e7d4b0e6e 200 in 58ms (next.js: 51ms, proxy.ts: 3ms, application-code: 4ms)
 GET /api/agent/01a10fc7-6fa7-7484-8bf4-851e7d4b0e6e 200 in 10ms (next.js: 4ms, proxy.ts: 3ms, application-code: 3ms)
 GET /api/git/status?cwd=%2Fhome%2Fxupeng%2F.cache%2Fpi-tmp%2F01a10f47-ae69-753b-a8de-d77bd690adfd%2Fask-user-browser-installed-6ydoz_7s%2Fproject 200 in 110ms (next.js: 6ms, proxy.ts: 6ms, application-code: 97ms)
 GET /api/files/home/xupeng/.cache/pi-tmp/01a10f47-ae69-753b-a8de-d77bd690adfd/ask-user-browser-installed-6ydoz_7s/project?type=list 200 in 161ms (next.js: 151ms, proxy.ts: 6ms, application-code: 4ms)
 GET /?session=01a10fc7-6fa7-7484-8bf4-851e7d4b0e6e 200 in 186ms (next.js: 58ms, proxy.ts: 7ms, application-code: 121ms)
 GET /api/agent/01a10fc7-6fa7-7484-8bf4-851e7d4b0e6e/events 200 in 600ms (next.js: 21ms, proxy.ts: 8ms, application-code: 572ms)
 GET /api/projects 200 in 22ms (next.js: 10ms, proxy.ts: 9ms, application-code: 3ms)
 GET /api/open-in-explorer 200 in 25ms (next.js: 13ms, proxy.ts: 9ms, application-code: 3ms)
 GET /api/home 200 in 35ms (next.js: 21ms, proxy.ts: 11ms, application-code: 3ms)
 GET /api/sessions?sessionId=01a10fc7-6fa7-7484-8bf4-851e7d4b0e6e 200 in 50ms (next.js: 25ms, proxy.ts: 11ms, application-code: 14ms)
 GET /api/agent/running 200 in 31ms (next.js: 11ms, proxy.ts: 17ms, application-code: 3ms)
 GET /api/projects?force=1 200 in 56ms (next.js: 20ms, proxy.ts: 18ms, application-code: 18ms)
 GET /api/open-in-explorer 200 in 28ms (next.js: 14ms, proxy.ts: 11ms, application-code: 3ms)
 GET /api/home 200 in 29ms (next.js: 14ms, proxy.ts: 12ms, application-code: 3ms)
 GET /api/worktrees?cwd=%2Fhome%2Fxupeng%2F.cache%2Fpi-tmp%2F01a10f47-ae69-753b-a8de-d77bd690adfd%2Fask-user-browser-installed-6ydoz_7s%2Fproject 200 in 111ms (next.js: 7ms, proxy.ts: 15ms, application-code: 89ms)
 GET /api/files/home/xupeng/.cache/pi-tmp/01a10f47-ae69-753b-a8de-d77bd690adfd/ask-user-browser-installed-6ydoz_7s/project?type=list 200 in 120ms (next.js: 102ms, proxy.ts: 15ms, application-code: 3ms)
 GET /api/git/status?cwd=%2Fhome%2Fxupeng%2F.cache%2Fpi-tmp%2F01a10f47-ae69-753b-a8de-d77bd690adfd%2Fask-user-browser-installed-6ydoz_7s%2Fproject 200 in 115ms (next.js: 55ms, proxy.ts: 11ms, application-code: 49ms)
 GET /api/sessions?projectKey=%2Fhome%2Fxupeng%2F.cache%2Fpi-tmp%2F01a10f47-ae69-753b-a8de-d77bd690adfd%2Fask-user-browser-installed-6ydoz_7s%2Fproject 200 in 113ms (next.js: 92ms, proxy.ts: 8ms, application-code: 13ms)
 GET /api/file-index?cwd=%2Fhome%2Fxupeng%2F.cache%2Fpi-tmp%2F01a10f47-ae69-753b-a8de-d77bd690adfd%2Fask-user-browser-installed-6ydoz_7s%2Fproject 200 in 19ms (next.js: 9ms, proxy.ts: 7ms, application-code: 3ms)
 GET /api/models?cwd=%2Fhome%2Fxupeng%2F.cache%2Fpi-tmp%2F01a10f47-ae69-753b-a8de-d77bd690adfd%2Fask-user-browser-installed-6ydoz_7s%2Fproject 200 in 25ms (next.js: 13ms, proxy.ts: 7ms, application-code: 5ms)
 GET /api/project-trust?cwd=%2Fhome%2Fxupeng%2F.cache%2Fpi-tmp%2F01a10f47-ae69-753b-a8de-d77bd690adfd%2Fask-user-browser-installed-6ydoz_7s%2Fproject 200 in 28ms (next.js: 17ms, proxy.ts: 8ms, application-code: 3ms)
 GET /api/app-update 502 in 39ms (next.js: 21ms, proxy.ts: 8ms, application-code: 11ms)
 GET /api/sessions?projectKey=%2Fhome%2Fxupeng%2F.cache%2Fpi-tmp%2F01a10f47-ae69-753b-a8de-d77bd690adfd%2Fask-user-browser-installed-6ydoz_7s%2Fproject 200 in 42ms (next.js: 23ms, proxy.ts: 8ms, application-code: 10ms)
 GET /api/files/home/xupeng/.cache/pi-tmp/01a10f47-ae69-753b-a8de-d77bd690adfd/ask-user-browser-installed-6ydoz_7s/project?type=list 200 in 50ms (next.js: 35ms, proxy.ts: 13ms, application-code: 2ms)
 GET /api/models?cwd=%2Fhome%2Fxupeng%2F.cache%2Fpi-tmp%2F01a10f47-ae69-753b-a8de-d77bd690adfd%2Fask-user-browser-installed-6ydoz_7s%2Fproject 200 in 55ms (next.js: 43ms, proxy.ts: 8ms, application-code: 4ms)
 GET /api/git/status?cwd=%2Fhome%2Fxupeng%2F.cache%2Fpi-tmp%2F01a10f47-ae69-753b-a8de-d77bd690adfd%2Fask-user-browser-installed-6ydoz_7s%2Fproject 200 in 63ms (next.js: 9ms, proxy.ts: 11ms, application-code: 44ms)
 GET /api/sessions/01a10fc7-6fa7-7484-8bf4-851e7d4b0e6e?deferThinking=1&deferMedia=1&tree=summary&force=1 200 in 106ms (next.js: 90ms, proxy.ts: 8ms, application-code: 7ms)
 GET /api/models?cwd=%2Fhome%2Fxupeng%2F.cache%2Fpi-tmp%2F01a10f47-ae69-753b-a8de-d77bd690adfd%2Fask-user-browser-installed-6ydoz_7s%2Fproject 200 in 55ms (next.js: 46ms, proxy.ts: 4ms, application-code: 4ms)
 GET /api/sessions/01a10fc7-6fa7-7484-8bf4-851e7d4b0e6e?deferThinking=1&deferMedia=1&tree=summary&force=1 200 in 61ms (next.js: 53ms, proxy.ts: 3ms, application-code: 5ms)
 GET /api/sessions/01a10fc7-6fa7-7484-8bf4-851e7d4b0e6e/state 200 in 57ms (next.js: 51ms, proxy.ts: 3ms, application-code: 3ms)
 POST /api/agent/01a10fc7-6fa7-7484-8bf4-851e7d4b0e6e 200 in 11ms (next.js: 4ms, proxy.ts: 3ms, application-code: 4ms)
 GET /api/git/status?cwd=%2Fhome%2Fxupeng%2F.cache%2Fpi-tmp%2F01a10f47-ae69-753b-a8de-d77bd690adfd%2Fask-user-browser-installed-6ydoz_7s%2Fproject 200 in 50ms (next.js: 4ms, proxy.ts: 4ms, application-code: 43ms)
 GET /api/files/home/xupeng/.cache/pi-tmp/01a10f47-ae69-753b-a8de-d77bd690adfd/ask-user-browser-installed-6ydoz_7s/project?type=list 200 in 55ms (next.js: 50ms, proxy.ts: 3ms, application-code: 2ms)
 GET /api/agent/01a10fc7-6fa7-7484-8bf4-851e7d4b0e6e 200 in 12ms (next.js: 3ms, proxy.ts: 6ms, application-code: 3ms)
 GET /api/agent/01a10fc7-6fa7-7484-8bf4-851e7d4b0e6e/events 200 in 510ms (next.js: 56ms, proxy.ts: 46ms, application-code: 408ms)
[pi-web] session_start dispatched to extensions for session 01a10fc7-6fa7-7484-8bf4-851e7d4b0e6e
 POST /api/agent/01a10fc7-6fa7-7484-8bf4-851e7d4b0e6e 200 in 80ms (next.js: 3ms, proxy.ts: 3ms, application-code: 74ms)
 GET /api/agent/01a10fc7-6fa7-7484-8bf4-851e7d4b0e6e 200 in 65ms (next.js: 50ms, proxy.ts: 7ms, application-code: 8ms)
 GET /?session=01a10fc7-6fa7-7484-8bf4-851e7d4b0e6e 200 in 129ms (next.js: 12ms, proxy.ts: 8ms, application-code: 108ms)
 GET /api/open-in-explorer 200 in 83ms (next.js: 41ms, proxy.ts: 29ms, application-code: 13ms)
 GET /api/projects 200 in 117ms (next.js: 12ms, proxy.ts: 7ms, application-code: 98ms)
 GET /api/agent/running 200 in 112ms (next.js: 58ms, proxy.ts: 42ms, application-code: 12ms)
 GET /api/home 200 in 122ms (next.js: 68ms, proxy.ts: 42ms, application-code: 12ms)
 GET /api/sessions?sessionId=01a10fc7-6fa7-7484-8bf4-851e7d4b0e6e 200 in 176ms (next.js: 74ms, proxy.ts: 60ms, application-code: 41ms)
 GET /api/agent/running 200 in 76ms (next.js: 31ms, proxy.ts: 38ms, application-code: 7ms)
 GET /api/projects?force=1 200 in 149ms (next.js: 31ms, proxy.ts: 76ms, application-code: 41ms)
 GET /api/open-in-explorer 200 in 75ms (next.js: 37ms, proxy.ts: 30ms, application-code: 7ms)
 GET /api/home 200 in 81ms (next.js: 43ms, proxy.ts: 32ms, application-code: 6ms)
 GET /api/worktrees?cwd=%2Fhome%2Fxupeng%2F.cache%2Fpi-tmp%2F01a10f47-ae69-753b-a8de-d77bd690adfd%2Fask-user-browser-installed-6ydoz_7s%2Fproject 200 in 176ms (next.js: 28ms, proxy.ts: 21ms, application-code: 127ms)
 GET /api/git/status?cwd=%2Fhome%2Fxupeng%2F.cache%2Fpi-tmp%2F01a10f47-ae69-753b-a8de-d77bd690adfd%2Fask-user-browser-installed-6ydoz_7s%2Fproject 200 in 303ms (next.js: 138ms, proxy.ts: 31ms, application-code: 133ms)
 GET /api/files/home/xupeng/.cache/pi-tmp/01a10f47-ae69-753b-a8de-d77bd690adfd/ask-user-browser-installed-6ydoz_7s/project?type=list 200 in 447ms (next.js: 410ms, proxy.ts: 30ms, application-code: 7ms)
 GET /api/sessions?projectKey=%2Fhome%2Fxupeng%2F.cache%2Fpi-tmp%2F01a10f47-ae69-753b-a8de-d77bd690adfd%2Fask-user-browser-installed-6ydoz_7s%2Fproject 200 in 429ms (next.js: 145ms, proxy.ts: 144ms, application-code: 140ms)
 GET /api/file-index?cwd=%2Fhome%2Fxupeng%2F.cache%2Fpi-tmp%2F01a10f47-ae69-753b-a8de-d77bd690adfd%2Fask-user-browser-installed-6ydoz_7s%2Fproject 200 in 206ms (next.js: 152ms, proxy.ts: 47ms, application-code: 7ms)
 GET /api/project-trust?cwd=%2Fhome%2Fxupeng%2F.cache%2Fpi-tmp%2F01a10f47-ae69-753b-a8de-d77bd690adfd%2Fask-user-browser-installed-6ydoz_7s%2Fproject 200 in 196ms (next.js: 41ms, proxy.ts: 142ms, application-code: 13ms)
 GET /api/sessions?projectKey=%2Fhome%2Fxupeng%2F.cache%2Fpi-tmp%2F01a10f47-ae69-753b-a8de-d77bd690adfd%2Fask-user-browser-installed-6ydoz_7s%2Fproject 200 in 114ms (next.js: 42ms, proxy.ts: 39ms, application-code: 33ms)
 GET /api/git/status?cwd=%2Fhome%2Fxupeng%2F.cache%2Fpi-tmp%2F01a10f47-ae69-753b-a8de-d77bd690adfd%2Fask-user-browser-installed-6ydoz_7s%2Fproject 200 in 210ms (next.js: 49ms, proxy.ts: 45ms, application-code: 116ms)
 GET /api/models?cwd=%2Fhome%2Fxupeng%2F.cache%2Fpi-tmp%2F01a10f47-ae69-753b-a8de-d77bd690adfd%2Fask-user-browser-installed-6ydoz_7s%2Fproject 200 in 225ms (next.js: 137ms, proxy.ts: 58ms, application-code: 29ms)
 GET /api/sessions/01a10fc7-6fa7-7484-8bf4-851e7d4b0e6e?deferThinking=1&deferMedia=1&tree=summary&force=1 200 in 266ms (next.js: 208ms, proxy.ts: 34ms, application-code: 24ms)
 GET /api/files/home/xupeng/.cache/pi-tmp/01a10f47-ae69-753b-a8de-d77bd690adfd/ask-user-browser-installed-6ydoz_7s/project?type=list 200 in 220ms (next.js: 74ms, proxy.ts: 138ms, application-code: 8ms)
 GET /api/sessions/01a10fc7-6fa7-7484-8bf4-851e7d4b0e6e?deferThinking=1&deferMedia=1&tree=summary&force=1 200 in 53ms (next.js: 11ms, proxy.ts: 27ms, application-code: 15ms)
 GET /api/sessions/01a10fc7-6fa7-7484-8bf4-851e7d4b0e6e/state 200 in 30ms (next.js: 9ms, proxy.ts: 7ms, application-code: 14ms)
 POST /api/agent/01a10fc7-6fa7-7484-8bf4-851e7d4b0e6e 200 in 35ms (next.js: 11ms, proxy.ts: 8ms, application-code: 15ms)
 GET /?session=01a10fc7-6fa7-7484-8bf4-851e7d4b0e6e 200 in 311ms (next.js: 15ms, proxy.ts: 9ms, application-code: 287ms)
 GET /api/git/status?cwd=%2Fhome%2Fxupeng%2F.cache%2Fpi-tmp%2F01a10f47-ae69-753b-a8de-d77bd690adfd%2Fask-user-browser-installed-6ydoz_7s%2Fproject 200 in 195ms (next.js: 10ms, proxy.ts: 28ms, application-code: 156ms)
 GET /api/files/home/xupeng/.cache/pi-tmp/01a10f47-ae69-753b-a8de-d77bd690adfd/ask-user-browser-installed-6ydoz_7s/project?type=list 200 in 204ms (next.js: 175ms, proxy.ts: 26ms, application-code: 3ms)
 GET /api/agent/running 200 in 26ms (next.js: 9ms, proxy.ts: 6ms, application-code: 11ms)
 GET /api/projects 200 in 48ms (next.js: 17ms, proxy.ts: 19ms, application-code: 13ms)
 GET /api/open-in-explorer 200 in 75ms (next.js: 55ms, proxy.ts: 12ms, application-code: 7ms)
 GET /api/home 200 in 107ms (next.js: 82ms, proxy.ts: 13ms, application-code: 13ms)
 GET /api/agent/running 200 in 127ms (next.js: 66ms, proxy.ts: 13ms, application-code: 48ms)
 GET /api/sessions?sessionId=01a10fc7-6fa7-7484-8bf4-851e7d4b0e6e 200 in 152ms (next.js: 75ms, proxy.ts: 33ms, application-code: 44ms)
 GET /api/projects?force=1 200 in 157ms (next.js: 79ms, proxy.ts: 38ms, application-code: 41ms)
 GET /api/open-in-explorer 200 in 118ms (next.js: 33ms, proxy.ts: 77ms, application-code: 8ms)
 GET /api/home 200 in 59ms (next.js: 25ms, proxy.ts: 28ms, application-code: 6ms)
 GET /api/agent/running 200 in 76ms (next.js: 18ms, proxy.ts: 41ms, application-code: 16ms)
 GET /api/worktrees?cwd=%2Fhome%2Fxupeng%2F.cache%2Fpi-tmp%2F01a10f47-ae69-753b-a8de-d77bd690adfd%2Fask-user-browser-installed-6ydoz_7s%2Fproject 200 in 358ms (next.js: 33ms, proxy.ts: 26ms, application-code: 299ms)
 GET /api/sessions?projectKey=%2Fhome%2Fxupeng%2F.cache%2Fpi-tmp%2F01a10f47-ae69-753b-a8de-d77bd690adfd%2Fask-user-browser-installed-6ydoz_7s%2Fproject 200 in 343ms (next.js: 229ms, proxy.ts: 37ms, application-code: 77ms)
 GET /api/files/home/xupeng/.cache/pi-tmp/01a10f47-ae69-753b-a8de-d77bd690adfd/ask-user-browser-installed-6ydoz_7s/project?type=list 200 in 428ms (next.js: 386ms, proxy.ts: 30ms, application-code: 12ms)
 GET /api/git/status?cwd=%2Fhome%2Fxupeng%2F.cache%2Fpi-tmp%2F01a10f47-ae69-753b-a8de-d77bd690adfd%2Fask-user-browser-installed-6ydoz_7s%2Fproject 200 in 420ms (next.js: 104ms, proxy.ts: 38ms, application-code: 278ms)
 GET /api/git/status?cwd=%2Fhome%2Fxupeng%2F.cache%2Fpi-tmp%2F01a10f47-ae69-753b-a8de-d77bd690adfd%2Fask-user-browser-installed-6ydoz_7s%2Fproject 200 in 429ms (next.js: 233ms, proxy.ts: 37ms, application-code: 158ms)
 GET /api/files/home/xupeng/.cache/pi-tmp/01a10f47-ae69-753b-a8de-d77bd690adfd/ask-user-browser-installed-6ydoz_7s/project?type=list 200 in 455ms (next.js: 410ms, proxy.ts: 37ms, application-code: 7ms)
 GET /api/sessions/01a10fc7-6fa7-7484-8bf4-851e7d4b0e6e/state 200 in 593ms (next.js: 479ms, proxy.ts: 105ms, application-code: 9ms)
 GET /api/project-trust?cwd=%2Fhome%2Fxupeng%2F.cache%2Fpi-tmp%2F01a10f47-ae69-753b-a8de-d77bd690adfd%2Fask-user-browser-installed-6ydoz_7s%2Fproject 200 in 389ms (next.js: 316ms, proxy.ts: 62ms, application-code: 11ms)
 GET /api/file-index?cwd=%2Fhome%2Fxupeng%2F.cache%2Fpi-tmp%2F01a10f47-ae69-753b-a8de-d77bd690adfd%2Fask-user-browser-installed-6ydoz_7s%2Fproject 200 in 414ms (next.js: 152ms, proxy.ts: 62ms, application-code: 200ms)
 GET /api/sessions?projectKey=%2Fhome%2Fxupeng%2F.cache%2Fpi-tmp%2F01a10f47-ae69-753b-a8de-d77bd690adfd%2Fask-user-browser-installed-6ydoz_7s%2Fproject 200 in 380ms (next.js: 200ms, proxy.ts: 165ms, application-code: 15ms)
 GET /api/models?cwd=%2Fhome%2Fxupeng%2F.cache%2Fpi-tmp%2F01a10f47-ae69-753b-a8de-d77bd690adfd%2Fask-user-browser-installed-6ydoz_7s%2Fproject 200 in 321ms (next.js: 19ms, proxy.ts: 206ms, application-code: 96ms)
 GET /api/sessions/01a10fc7-6fa7-7484-8bf4-851e7d4b0e6e?deferThinking=1&deferMedia=1&tree=summary&force=1 200 in 503ms (next.js: 303ms, proxy.ts: 156ms, application-code: 44ms)
 GET /api/sessions/01a10fc7-6fa7-7484-8bf4-851e7d4b0e6e?deferThinking=1&deferMedia=1&tree=summary&force=1 200 in 507ms (next.js: 324ms, proxy.ts: 158ms, application-code: 25ms)
 GET /api/files/home/xupeng/.cache/pi-tmp/01a10f47-ae69-753b-a8de-d77bd690adfd/ask-user-browser-installed-6ydoz_7s/project?type=list 200 in 259ms (next.js: 235ms, proxy.ts: 15ms, application-code: 10ms)
 GET /api/git/status?cwd=%2Fhome%2Fxupeng%2F.cache%2Fpi-tmp%2F01a10f47-ae69-753b-a8de-d77bd690adfd%2Fask-user-browser-installed-6ydoz_7s%2Fproject 200 in 252ms (next.js: 7ms, proxy.ts: 129ms, application-code: 116ms)
 GET /api/agent/running 200 in 31ms (next.js: 11ms, proxy.ts: 11ms, application-code: 8ms)
 GET /api/sessions/01a10fc7-6fa7-7484-8bf4-851e7d4b0e6e/state 200 in 56ms (next.js: 31ms, proxy.ts: 10ms, application-code: 15ms)
 POST /api/agent/01a10fc7-6fa7-7484-8bf4-851e7d4b0e6e 200 in 128ms (next.js: 101ms, proxy.ts: 11ms, application-code: 17ms)
 POST /api/agent/01a10fc7-6fa7-7484-8bf4-851e7d4b0e6e 200 in 91ms (next.js: 10ms, proxy.ts: 7ms, application-code: 74ms)
 GET /api/agent/01a10fc7-6fa7-7484-8bf4-851e7d4b0e6e 200 in 52ms (next.js: 32ms, proxy.ts: 12ms, application-code: 8ms)
 GET /api/sessions/01a10fc7-6fa7-7484-8bf4-851e7d4b0e6e?deferThinking=1&deferMedia=1&tree=summary 200 in 60ms (next.js: 21ms, proxy.ts: 12ms, application-code: 27ms)
 GET /api/sessions?sessionId=01a10fc7-6fa7-7484-8bf4-851e7d4b0e6e 200 in 24ms (next.js: 7ms, proxy.ts: 7ms, application-code: 11ms)
 GET /api/sessions?sessionId=01a10fc7-6fa7-7484-8bf4-851e7d4b0e6e 200 in 24ms (next.js: 7ms, proxy.ts: 9ms, application-code: 8ms)
 GET /api/agent/running 200 in 12ms (next.js: 3ms, proxy.ts: 5ms, application-code: 5ms)
 GET /api/files/home/xupeng/.cache/pi-tmp/01a10f47-ae69-753b-a8de-d77bd690adfd/ask-user-browser-installed-6ydoz_7s/project?type=list 200 in 190ms (next.js: 15ms, proxy.ts: 18ms, application-code: 157ms)
 GET /api/git/status?cwd=%2Fhome%2Fxupeng%2F.cache%2Fpi-tmp%2F01a10f47-ae69-753b-a8de-d77bd690adfd%2Fask-user-browser-installed-6ydoz_7s%2Fproject 200 in 193ms (next.js: 5ms, proxy.ts: 18ms, application-code: 170ms)
 GET /api/agent/running 200 in 24ms (next.js: 10ms, proxy.ts: 8ms, application-code: 5ms)
 GET /api/sessions/01a10fc7-6fa7-7484-8bf4-851e7d4b0e6e/state 200 in 146ms (next.js: 129ms, proxy.ts: 9ms, application-code: 8ms)
 GET /api/agent/01a10fc7-6fa7-7484-8bf4-851e7d4b0e6e 200 in 16ms (next.js: 4ms, proxy.ts: 5ms, application-code: 7ms)
 POST /api/agent/01a10fc7-6fa7-7484-8bf4-851e7d4b0e6e 200 in 454ms (next.js: 4ms, proxy.ts: 6ms, application-code: 444ms)
 GET /api/agent/running 200 in 30ms (next.js: 7ms, proxy.ts: 14ms, application-code: 8ms)
 POST /api/agent/01a10fc7-6fa7-7484-8bf4-851e7d4b0e6e 200 in 245ms (next.js: 162ms, proxy.ts: 16ms, application-code: 68ms)
 GET /api/agent/01a10fc7-6fa7-7484-8bf4-851e7d4b0e6e 200 in 103ms (next.js: 70ms, proxy.ts: 24ms, application-code: 9ms)
 GET /api/agent/01a10fc7-6fa7-7484-8bf4-851e7d4b0e6e 200 in 252ms (next.js: 205ms, proxy.ts: 37ms, application-code: 9ms)
 GET /api/sessions?sessionId=01a10fc7-6fa7-7484-8bf4-851e7d4b0e6e 200 in 242ms (next.js: 20ms, proxy.ts: 32ms, application-code: 190ms)
 GET /api/sessions/01a10fc7-6fa7-7484-8bf4-851e7d4b0e6e?deferThinking=1&deferMedia=1&tree=summary 200 in 263ms (next.js: 192ms, proxy.ts: 30ms, application-code: 41ms)
 GET /api/sessions?sessionId=01a10fc7-6fa7-7484-8bf4-851e7d4b0e6e 200 in 242ms (next.js: 33ms, proxy.ts: 27ms, application-code: 182ms)
 GET /api/sessions?sessionId=01a10fc7-6fa7-7484-8bf4-851e7d4b0e6e 200 in 29ms (next.js: 8ms, proxy.ts: 12ms, application-code: 9ms)
 GET /api/files/home/xupeng/.cache/pi-tmp/01a10f47-ae69-753b-a8de-d77bd690adfd/ask-user-browser-installed-6ydoz_7s/project?type=list 200 in 243ms (next.js: 224ms, proxy.ts: 9ms, application-code: 10ms)
 GET /api/git/status?cwd=%2Fhome%2Fxupeng%2F.cache%2Fpi-tmp%2F01a10f47-ae69-753b-a8de-d77bd690adfd%2Fask-user-browser-installed-6ydoz_7s%2Fproject 200 in 246ms (next.js: 5ms, proxy.ts: 6ms, application-code: 236ms)
 GET /api/agent/running 200 in 24ms (next.js: 5ms, proxy.ts: 11ms, application-code: 8ms)
 POST /api/agent/01a10fc7-6fa7-7484-8bf4-851e7d4b0e6e 200 in 101ms (next.js: 16ms, proxy.ts: 7ms, application-code: 77ms)
 GET /api/agent/01a10fc7-6fa7-7484-8bf4-851e7d4b0e6e 200 in 76ms (next.js: 51ms, proxy.ts: 16ms, application-code: 9ms)
 GET /api/agent/01a10fc7-6fa7-7484-8bf4-851e7d4b0e6e 200 in 87ms (next.js: 58ms, proxy.ts: 22ms, application-code: 6ms)
 GET /api/sessions?sessionId=01a10fc7-6fa7-7484-8bf4-851e7d4b0e6e 200 in 90ms (next.js: 23ms, proxy.ts: 23ms, application-code: 44ms)
 GET /api/sessions/01a10fc7-6fa7-7484-8bf4-851e7d4b0e6e?deferThinking=1&deferMedia=1&tree=summary 200 in 97ms (next.js: 45ms, proxy.ts: 19ms, application-code: 34ms)
 GET /api/sessions?sessionId=01a10fc7-6fa7-7484-8bf4-851e7d4b0e6e 200 in 23ms (next.js: 7ms, proxy.ts: 7ms, application-code: 8ms)
 GET /api/git/status?cwd=%2Fhome%2Fxupeng%2F.cache%2Fpi-tmp%2F01a10f47-ae69-753b-a8de-d77bd690adfd%2Fask-user-browser-installed-6ydoz_7s%2Fproject 200 in 183ms (next.js: 15ms, proxy.ts: 16ms, application-code: 153ms)
 GET /api/files/home/xupeng/.cache/pi-tmp/01a10f47-ae69-753b-a8de-d77bd690adfd/ask-user-browser-installed-6ydoz_7s/project?type=list 200 in 218ms (next.js: 187ms, proxy.ts: 16ms, application-code: 15ms)
 GET /api/web-auth 200 in 559ms (next.js: 534ms, proxy.ts: 13ms, application-code: 12ms)
 GET /api/extension-ui/settings 200 in 704ms (next.js: 664ms, proxy.ts: 34ms, application-code: 6ms)
 GET /api/agent/running 200 in 45ms (next.js: 17ms, proxy.ts: 19ms, application-code: 9ms)
 GET /api/web-auth 200 in 53ms (next.js: 27ms, proxy.ts: 19ms, application-code: 7ms)
 GET /api/extension-ui/settings 200 in 56ms (next.js: 35ms, proxy.ts: 17ms, application-code: 4ms)
 GET /api/tools/settings 200 in 781ms (next.js: 614ms, proxy.ts: 36ms, application-code: 131ms)
 GET /api/tools/settings 200 in 26ms (next.js: 6ms, proxy.ts: 4ms, application-code: 17ms)
 GET /api/agent/running 200 in 23ms (next.js: 5ms, proxy.ts: 8ms, application-code: 10ms)
 GET /api/models?cwd=%2Fhome%2Fxupeng%2F.cache%2Fpi-tmp%2F01a10f47-ae69-753b-a8de-d77bd690adfd%2Fask-user-browser-installed-6ydoz_7s%2Fproject 200 in 198ms (next.js: 8ms, proxy.ts: 10ms, application-code: 179ms)
 GET /api/agent/running 200 in 16ms (next.js: 4ms, proxy.ts: 6ms, application-code: 6ms)
 GET /api/settings/ask-user 404 in 948ms (next.js: 753ms, proxy.ts: 108ms, application-code: 87ms)
 PUT /api/settings/ask-user 404 in 112ms (next.js: 22ms, proxy.ts: 13ms, application-code: 77ms)
 GET /api/agent/01a10fc7-6fa7-7484-8bf4-851e7d4b0e6e/events 200 in 15.5s (next.js: 188ms, proxy.ts: 54ms, application-code: 15.3s)
[?25h
