▲ Next.js 16.3.6 (Turbopack)
- Local:         http://127.0.0.1:40195
- Network:       http://127.0.0.1:40195
✓ Ready in 264ms
✓ Running next.config.ts took 29ms
- Experiments (use with caution):
  · proxyClientMaxBodySize: "128mb"

○ Compiling / ...
 GET / 200 in 3.2s (next.js: 2.5s, proxy.ts: 4ms, application-code: 726ms)
 GET / 200 in 40ms (next.js: 3ms, proxy.ts: 3ms, application-code: 33ms)
[pi-web] session_start dispatched to extensions for session 01a10fc6-efc7-719d-873f-8836bac68f28
 POST /api/agent/new 200 in 1523ms (next.js: 336ms, proxy.ts: 8ms, application-code: 1178ms)
 POST /api/agent/01a10fc6-efc7-719d-873f-8836bac68f28 200 in 1534ms (next.js: 1521ms, proxy.ts: 3ms, application-code: 11ms)
 POST /api/agent/01a10fc6-efc7-719d-873f-8836bac68f28 200 in 49ms (next.js: 22ms, proxy.ts: 3ms, application-code: 24ms)
 GET /api/agent/01a10fc6-efc7-719d-873f-8836bac68f28 200 in 9ms (next.js: 3ms, proxy.ts: 2ms, application-code: 3ms)
 GET /api/agent/01a10fc6-efc7-719d-873f-8836bac68f28 200 in 8ms (next.js: 3ms, proxy.ts: 2ms, application-code: 3ms)
 GET /?session=01a10fc6-efc7-719d-873f-8836bac68f28 200 in 35ms (next.js: 4ms, proxy.ts: 2ms, application-code: 29ms)
 GET /api/home 200 in 326ms (next.js: 308ms, proxy.ts: 13ms, application-code: 4ms)
 GET /api/open-in-explorer 200 in 434ms (next.js: 421ms, proxy.ts: 10ms, application-code: 4ms)
 GET /api/agent/running 200 in 388ms (next.js: 381ms, proxy.ts: 4ms, application-code: 3ms)
 GET /api/projects 200 in 479ms (next.js: 381ms, proxy.ts: 10ms, application-code: 88ms)
 GET /api/sessions?sessionId=01a10fc6-efc7-719d-873f-8836bac68f28 200 in 470ms (next.js: 198ms, proxy.ts: 11ms, application-code: 261ms)
 GET /api/home 200 in 25ms (next.js: 12ms, proxy.ts: 10ms, application-code: 3ms)
 GET /api/open-in-explorer 200 in 28ms (next.js: 15ms, proxy.ts: 11ms, application-code: 3ms)
 GET /api/projects?force=1 200 in 476ms (next.js: 431ms, proxy.ts: 7ms, application-code: 37ms)
 GET /api/sessions?projectKey=%2Fhome%2Fxupeng%2F.cache%2Fpi-tmp%2F01a10f47-ae69-753b-a8de-d77bd690adfd%2Fask-user-browser-protocol-retry-1k_0x08j%2Fproject 200 in 17ms (next.js: 6ms, proxy.ts: 7ms, application-code: 3ms)
 GET /api/project-trust?cwd=%2Fhome%2Fxupeng%2F.cache%2Fpi-tmp%2F01a10f47-ae69-753b-a8de-d77bd690adfd%2Fask-user-browser-protocol-retry-1k_0x08j%2Fproject 200 in 691ms (next.js: 673ms, proxy.ts: 4ms, application-code: 14ms)
 GET /api/worktrees?cwd=%2Fhome%2Fxupeng%2F.cache%2Fpi-tmp%2F01a10f47-ae69-753b-a8de-d77bd690adfd%2Fask-user-browser-protocol-retry-1k_0x08j%2Fproject 200 in 849ms (next.js: 304ms, proxy.ts: 4ms, application-code: 541ms)
 GET /api/git/status?cwd=%2Fhome%2Fxupeng%2F.cache%2Fpi-tmp%2F01a10f47-ae69-753b-a8de-d77bd690adfd%2Fask-user-browser-protocol-retry-1k_0x08j%2Fproject 200 in 849ms (next.js: 221ms, proxy.ts: 5ms, application-code: 623ms)
 GET /api/file-index?cwd=%2Fhome%2Fxupeng%2F.cache%2Fpi-tmp%2F01a10f47-ae69-753b-a8de-d77bd690adfd%2Fask-user-browser-protocol-retry-1k_0x08j%2Fproject 200 in 826ms (next.js: 353ms, proxy.ts: 5ms, application-code: 468ms)
 GET /api/models?cwd=%2Fhome%2Fxupeng%2F.cache%2Fpi-tmp%2F01a10f47-ae69-753b-a8de-d77bd690adfd%2Fask-user-browser-protocol-retry-1k_0x08j%2Fproject 200 in 69ms (next.js: 10ms, proxy.ts: 55ms, application-code: 4ms)
 GET /api/sessions?projectKey=%2Fhome%2Fxupeng%2F.cache%2Fpi-tmp%2F01a10f47-ae69-753b-a8de-d77bd690adfd%2Fask-user-browser-protocol-retry-1k_0x08j%2Fproject 200 in 65ms (next.js: 11ms, proxy.ts: 51ms, application-code: 3ms)
 GET /api/git/status?cwd=%2Fhome%2Fxupeng%2F.cache%2Fpi-tmp%2F01a10f47-ae69-753b-a8de-d77bd690adfd%2Fask-user-browser-protocol-retry-1k_0x08j%2Fproject 200 in 107ms (next.js: 15ms, proxy.ts: 20ms, application-code: 72ms)
 GET /api/files/home/xupeng/.cache/pi-tmp/01a10f47-ae69-753b-a8de-d77bd690adfd/ask-user-browser-protocol-retry-1k_0x08j/project?type=list 200 in 2.1s (next.js: 2.1s, proxy.ts: 5ms, application-code: 10ms)
 GET /api/files/home/xupeng/.cache/pi-tmp/01a10f47-ae69-753b-a8de-d77bd690adfd/ask-user-browser-protocol-retry-1k_0x08j/project?type=list 200 in 64ms (next.js: 56ms, proxy.ts: 5ms, application-code: 3ms)
 GET /api/sessions/01a10fc6-efc7-719d-873f-8836bac68f28?deferThinking=1&deferMedia=1&tree=summary&force=1 200 in 2.2s (next.js: 2.2s, proxy.ts: 7ms, application-code: 16ms)
 GET /api/sessions/01a10fc6-efc7-719d-873f-8836bac68f28?deferThinking=1&deferMedia=1&tree=summary&force=1 200 in 64ms (next.js: 55ms, proxy.ts: 3ms, application-code: 7ms)
 GET /api/agent/running 200 in 6ms (next.js: 1.9ms, proxy.ts: 2ms, application-code: 2ms)
 GET /api/sessions/01a10fc6-efc7-719d-873f-8836bac68f28/state 200 in 1674ms (next.js: 1666ms, proxy.ts: 3ms, application-code: 5ms)
 POST /api/agent/01a10fc6-efc7-719d-873f-8836bac68f28 200 in 54ms (next.js: 47ms, proxy.ts: 3ms, application-code: 3ms)
 GET /?session=ask-host-navigation-fixture 200 in 34ms (next.js: 3ms, proxy.ts: 2ms, application-code: 29ms)
 GET /api/agent/01a10fc6-efc7-719d-873f-8836bac68f28/events 200 in 3.4s (next.js: 1836ms, proxy.ts: 55ms, application-code: 1463ms)
 GET /api/projects 200 in 32ms (next.js: 23ms, proxy.ts: 6ms, application-code: 3ms)
 GET /api/open-in-explorer 200 in 38ms (next.js: 28ms, proxy.ts: 8ms, application-code: 3ms)
 GET /api/home 200 in 39ms (next.js: 11ms, proxy.ts: 27ms, application-code: 1.9ms)
 GET /api/agent/running 200 in 22ms (next.js: 6ms, proxy.ts: 14ms, application-code: 2ms)
 GET /api/sessions?sessionId=ask-host-navigation-fixture 200 in 59ms (next.js: 12ms, proxy.ts: 27ms, application-code: 20ms)
 GET /api/open-in-explorer 200 in 19ms (next.js: 9ms, proxy.ts: 9ms, application-code: 2.0ms)
 GET /api/home 200 in 18ms (next.js: 10ms, proxy.ts: 6ms, application-code: 2ms)
 GET /api/projects?force=1 200 in 54ms (next.js: 11ms, proxy.ts: 19ms, application-code: 23ms)
 GET /api/worktrees?cwd=%2Fhome%2Fxupeng%2F.cache%2Fpi-tmp%2F01a10f47-ae69-753b-a8de-d77bd690adfd%2Fask-user-browser-protocol-retry-1k_0x08j%2Fproject 200 in 111ms (next.js: 4ms, proxy.ts: 5ms, application-code: 102ms)
 GET /api/git/status?cwd=%2Fhome%2Fxupeng%2F.cache%2Fpi-tmp%2F01a10f47-ae69-753b-a8de-d77bd690adfd%2Fask-user-browser-protocol-retry-1k_0x08j%2Fproject 200 in 114ms (next.js: 50ms, proxy.ts: 5ms, application-code: 58ms)
 GET /api/sessions?projectKey=%2Fhome%2Fxupeng%2F.cache%2Fpi-tmp%2F01a10f47-ae69-753b-a8de-d77bd690adfd%2Fask-user-browser-protocol-retry-1k_0x08j%2Fproject 200 in 114ms (next.js: 99ms, proxy.ts: 5ms, application-code: 11ms)
 GET /api/files/home/xupeng/.cache/pi-tmp/01a10f47-ae69-753b-a8de-d77bd690adfd/ask-user-browser-protocol-retry-1k_0x08j/project?type=list 200 in 181ms (next.js: 173ms, proxy.ts: 5ms, application-code: 3ms)
 GET /api/file-index?cwd=%2Fhome%2Fxupeng%2F.cache%2Fpi-tmp%2F01a10f47-ae69-753b-a8de-d77bd690adfd%2Fask-user-browser-protocol-retry-1k_0x08j%2Fproject 200 in 91ms (next.js: 16ms, proxy.ts: 72ms, application-code: 3ms)
 GET /api/project-trust?cwd=%2Fhome%2Fxupeng%2F.cache%2Fpi-tmp%2F01a10f47-ae69-753b-a8de-d77bd690adfd%2Fask-user-browser-protocol-retry-1k_0x08j%2Fproject 200 in 36ms (next.js: 18ms, proxy.ts: 12ms, application-code: 5ms)
 GET /api/sessions?projectKey=%2Fhome%2Fxupeng%2F.cache%2Fpi-tmp%2F01a10f47-ae69-753b-a8de-d77bd690adfd%2Fask-user-browser-protocol-retry-1k_0x08j%2Fproject 200 in 42ms (next.js: 16ms, proxy.ts: 17ms, application-code: 9ms)
 GET /api/git/status?cwd=%2Fhome%2Fxupeng%2F.cache%2Fpi-tmp%2F01a10f47-ae69-753b-a8de-d77bd690adfd%2Fask-user-browser-protocol-retry-1k_0x08j%2Fproject 200 in 165ms (next.js: 16ms, proxy.ts: 21ms, application-code: 128ms)
 GET /api/sessions/ask-host-navigation-fixture?deferThinking=1&deferMedia=1&tree=summary&force=1 200 in 178ms (next.js: 154ms, proxy.ts: 13ms, application-code: 12ms)
 GET /api/models?cwd=%2Fhome%2Fxupeng%2F.cache%2Fpi-tmp%2F01a10f47-ae69-753b-a8de-d77bd690adfd%2Fask-user-browser-protocol-retry-1k_0x08j%2Fproject 200 in 213ms (next.js: 69ms, proxy.ts: 77ms, application-code: 66ms)
 GET /api/files/home/xupeng/.cache/pi-tmp/01a10f47-ae69-753b-a8de-d77bd690adfd/ask-user-browser-protocol-retry-1k_0x08j/project?type=list 200 in 276ms (next.js: 140ms, proxy.ts: 133ms, application-code: 3ms)
[pi-web] session_start dispatched to extensions for session ask-host-navigation-fixture
 GET /api/sessions/ask-host-navigation-fixture?deferThinking=1&deferMedia=1&tree=summary&force=1 200 in 102ms (next.js: 64ms, proxy.ts: 33ms, application-code: 5ms)
 GET /api/sessions/ask-host-navigation-fixture/state 200 in 65ms (next.js: 59ms, proxy.ts: 3ms, application-code: 3ms)
 POST /api/agent/ask-host-navigation-fixture 200 in 11ms (next.js: 4ms, proxy.ts: 3ms, application-code: 4ms)
 GET /?session=01a10fc6-efc7-719d-873f-8836bac68f28 200 in 56ms (next.js: 4ms, proxy.ts: 3ms, application-code: 49ms)
 GET /api/agent/ask-host-navigation-fixture/events 200 in 635ms (next.js: 206ms, proxy.ts: 20ms, application-code: 409ms)
 GET /api/projects 200 in 17ms (next.js: 8ms, proxy.ts: 6ms, application-code: 3ms)
 GET /api/open-in-explorer 200 in 20ms (next.js: 11ms, proxy.ts: 7ms, application-code: 2ms)
 GET /api/agent/running 200 in 24ms (next.js: 14ms, proxy.ts: 8ms, application-code: 2ms)
 GET /api/home 200 in 30ms (next.js: 14ms, proxy.ts: 12ms, application-code: 4ms)
 GET /api/sessions?sessionId=01a10fc6-efc7-719d-873f-8836bac68f28 200 in 47ms (next.js: 16ms, proxy.ts: 15ms, application-code: 15ms)
 GET /api/agent/running 200 in 31ms (next.js: 12ms, proxy.ts: 16ms, application-code: 3ms)
 GET /api/open-in-explorer 200 in 32ms (next.js: 15ms, proxy.ts: 14ms, application-code: 3ms)
 GET /api/projects?force=1 200 in 56ms (next.js: 16ms, proxy.ts: 14ms, application-code: 26ms)
 GET /api/home 200 in 30ms (next.js: 12ms, proxy.ts: 15ms, application-code: 3ms)
 GET /api/worktrees?cwd=%2Fhome%2Fxupeng%2F.cache%2Fpi-tmp%2F01a10f47-ae69-753b-a8de-d77bd690adfd%2Fask-user-browser-protocol-retry-1k_0x08j%2Fproject 200 in 139ms (next.js: 7ms, proxy.ts: 9ms, application-code: 122ms)
 GET /api/files/home/xupeng/.cache/pi-tmp/01a10f47-ae69-753b-a8de-d77bd690adfd/ask-user-browser-protocol-retry-1k_0x08j/project?type=list 200 in 216ms (next.js: 205ms, proxy.ts: 7ms, application-code: 4ms)
 GET /api/git/status?cwd=%2Fhome%2Fxupeng%2F.cache%2Fpi-tmp%2F01a10f47-ae69-753b-a8de-d77bd690adfd%2Fask-user-browser-protocol-retry-1k_0x08j%2Fproject 200 in 217ms (next.js: 66ms, proxy.ts: 8ms, application-code: 143ms)
 GET /api/sessions?projectKey=%2Fhome%2Fxupeng%2F.cache%2Fpi-tmp%2F01a10f47-ae69-753b-a8de-d77bd690adfd%2Fask-user-browser-protocol-retry-1k_0x08j%2Fproject 200 in 214ms (next.js: 126ms, proxy.ts: 6ms, application-code: 82ms)
 GET /api/file-index?cwd=%2Fhome%2Fxupeng%2F.cache%2Fpi-tmp%2F01a10f47-ae69-753b-a8de-d77bd690adfd%2Fask-user-browser-protocol-retry-1k_0x08j%2Fproject 200 in 32ms (next.js: 17ms, proxy.ts: 13ms, application-code: 3ms)
 GET /api/project-trust?cwd=%2Fhome%2Fxupeng%2F.cache%2Fpi-tmp%2F01a10f47-ae69-753b-a8de-d77bd690adfd%2Fask-user-browser-protocol-retry-1k_0x08j%2Fproject 200 in 39ms (next.js: 21ms, proxy.ts: 14ms, application-code: 4ms)
 GET /api/sessions?projectKey=%2Fhome%2Fxupeng%2F.cache%2Fpi-tmp%2F01a10f47-ae69-753b-a8de-d77bd690adfd%2Fask-user-browser-protocol-retry-1k_0x08j%2Fproject 200 in 50ms (next.js: 19ms, proxy.ts: 14ms, application-code: 17ms)
 GET /api/models?cwd=%2Fhome%2Fxupeng%2F.cache%2Fpi-tmp%2F01a10f47-ae69-753b-a8de-d77bd690adfd%2Fask-user-browser-protocol-retry-1k_0x08j%2Fproject 200 in 49ms (next.js: 24ms, proxy.ts: 19ms, application-code: 6ms)
 GET /api/sessions/01a10fc6-efc7-719d-873f-8836bac68f28?deferThinking=1&deferMedia=1&tree=summary&force=1 200 in 71ms (next.js: 43ms, proxy.ts: 16ms, application-code: 12ms)
 GET /api/git/status?cwd=%2Fhome%2Fxupeng%2F.cache%2Fpi-tmp%2F01a10f47-ae69-753b-a8de-d77bd690adfd%2Fask-user-browser-protocol-retry-1k_0x08j%2Fproject 200 in 98ms (next.js: 12ms, proxy.ts: 18ms, application-code: 68ms)
 GET /api/files/home/xupeng/.cache/pi-tmp/01a10f47-ae69-753b-a8de-d77bd690adfd/ask-user-browser-protocol-retry-1k_0x08j/project?type=list 200 in 118ms (next.js: 96ms, proxy.ts: 18ms, application-code: 4ms)
 GET /api/sessions/01a10fc6-efc7-719d-873f-8836bac68f28?deferThinking=1&deferMedia=1&tree=summary&force=1 200 in 140ms (next.js: 122ms, proxy.ts: 11ms, application-code: 7ms)
 GET /api/git/status?cwd=%2Fhome%2Fxupeng%2F.cache%2Fpi-tmp%2F01a10f47-ae69-753b-a8de-d77bd690adfd%2Fask-user-browser-protocol-retry-1k_0x08j%2Fproject 200 in 125ms (next.js: 6ms, proxy.ts: 6ms, application-code: 113ms)
 GET /api/files/home/xupeng/.cache/pi-tmp/01a10f47-ae69-753b-a8de-d77bd690adfd/ask-user-browser-protocol-retry-1k_0x08j/project?type=list 200 in 130ms (next.js: 120ms, proxy.ts: 7ms, application-code: 3ms)
 GET /api/sessions/01a10fc6-efc7-719d-873f-8836bac68f28/state 200 in 67ms (next.js: 56ms, proxy.ts: 8ms, application-code: 3ms)
 POST /api/agent/01a10fc6-efc7-719d-873f-8836bac68f28 200 in 64ms (next.js: 57ms, proxy.ts: 3ms, application-code: 3ms)
 GET /api/agent/01a10fc6-efc7-719d-873f-8836bac68f28 200 in 9ms (next.js: 3ms, proxy.ts: 2ms, application-code: 3ms)
 GET /?session=01a10fc6-efc7-719d-873f-8836bac68f28 200 in 50ms (next.js: 5ms, proxy.ts: 2ms, application-code: 43ms)
 GET /api/agent/01a10fc6-efc7-719d-873f-8836bac68f28/events 200 in 965ms (next.js: 48ms, proxy.ts: 16ms, application-code: 901ms)
 GET /api/projects 200 in 21ms (next.js: 11ms, proxy.ts: 7ms, application-code: 3ms)
 GET /api/open-in-explorer 200 in 28ms (next.js: 14ms, proxy.ts: 10ms, application-code: 3ms)
 GET /api/agent/running 200 in 35ms (next.js: 20ms, proxy.ts: 12ms, application-code: 4ms)
 GET /api/home 200 in 37ms (next.js: 19ms, proxy.ts: 15ms, application-code: 3ms)
 GET /api/sessions?sessionId=01a10fc6-efc7-719d-873f-8836bac68f28 200 in 54ms (next.js: 21ms, proxy.ts: 15ms, application-code: 17ms)
 GET /api/agent/running 200 in 35ms (next.js: 13ms, proxy.ts: 19ms, application-code: 3ms)
 GET /api/projects?force=1 200 in 89ms (next.js: 22ms, proxy.ts: 19ms, application-code: 48ms)
 GET /api/open-in-explorer 200 in 62ms (next.js: 46ms, proxy.ts: 14ms, application-code: 3ms)
 GET /api/home 200 in 62ms (next.js: 22ms, proxy.ts: 37ms, application-code: 3ms)
 GET /api/git/status?cwd=%2Fhome%2Fxupeng%2F.cache%2Fpi-tmp%2F01a10f47-ae69-753b-a8de-d77bd690adfd%2Fask-user-browser-protocol-retry-1k_0x08j%2Fproject 200 in 244ms (next.js: 157ms, proxy.ts: 19ms, application-code: 68ms)
 GET /api/worktrees?cwd=%2Fhome%2Fxupeng%2F.cache%2Fpi-tmp%2F01a10f47-ae69-753b-a8de-d77bd690adfd%2Fask-user-browser-protocol-retry-1k_0x08j%2Fproject 200 in 248ms (next.js: 9ms, proxy.ts: 18ms, application-code: 220ms)
 GET /api/files/home/xupeng/.cache/pi-tmp/01a10f47-ae69-753b-a8de-d77bd690adfd/ask-user-browser-protocol-retry-1k_0x08j/project?type=list 200 in 326ms (next.js: 301ms, proxy.ts: 18ms, application-code: 7ms)
 GET /api/sessions?projectKey=%2Fhome%2Fxupeng%2F.cache%2Fpi-tmp%2F01a10f47-ae69-753b-a8de-d77bd690adfd%2Fask-user-browser-protocol-retry-1k_0x08j%2Fproject 200 in 319ms (next.js: 226ms, proxy.ts: 10ms, application-code: 83ms)
 GET /api/file-index?cwd=%2Fhome%2Fxupeng%2F.cache%2Fpi-tmp%2F01a10f47-ae69-753b-a8de-d77bd690adfd%2Fask-user-browser-protocol-retry-1k_0x08j%2Fproject 200 in 104ms (next.js: 11ms, proxy.ts: 91ms, application-code: 2ms)
 GET /api/project-trust?cwd=%2Fhome%2Fxupeng%2F.cache%2Fpi-tmp%2F01a10f47-ae69-753b-a8de-d77bd690adfd%2Fask-user-browser-protocol-retry-1k_0x08j%2Fproject 200 in 106ms (next.js: 15ms, proxy.ts: 84ms, application-code: 7ms)
 GET /api/sessions?projectKey=%2Fhome%2Fxupeng%2F.cache%2Fpi-tmp%2F01a10f47-ae69-753b-a8de-d77bd690adfd%2Fask-user-browser-protocol-retry-1k_0x08j%2Fproject 200 in 39ms (next.js: 21ms, proxy.ts: 11ms, application-code: 7ms)
 GET /api/models?cwd=%2Fhome%2Fxupeng%2F.cache%2Fpi-tmp%2F01a10f47-ae69-753b-a8de-d77bd690adfd%2Fask-user-browser-protocol-retry-1k_0x08j%2Fproject 200 in 39ms (next.js: 11ms, proxy.ts: 24ms, application-code: 4ms)
 GET /api/sessions/01a10fc6-efc7-719d-873f-8836bac68f28?deferThinking=1&deferMedia=1&tree=summary&force=1 200 in 234ms (next.js: 86ms, proxy.ts: 14ms, application-code: 134ms)
 GET /api/git/status?cwd=%2Fhome%2Fxupeng%2F.cache%2Fpi-tmp%2F01a10f47-ae69-753b-a8de-d77bd690adfd%2Fask-user-browser-protocol-retry-1k_0x08j%2Fproject 200 in 205ms (next.js: 124ms, proxy.ts: 11ms, application-code: 70ms)
 GET /api/files/home/xupeng/.cache/pi-tmp/01a10f47-ae69-753b-a8de-d77bd690adfd/ask-user-browser-protocol-retry-1k_0x08j/project?type=list 200 in 214ms (next.js: 199ms, proxy.ts: 11ms, application-code: 4ms)
 GET /api/git/status?cwd=%2Fhome%2Fxupeng%2F.cache%2Fpi-tmp%2F01a10f47-ae69-753b-a8de-d77bd690adfd%2Fask-user-browser-protocol-retry-1k_0x08j%2Fproject 200 in 64ms (next.js: 5ms, proxy.ts: 6ms, application-code: 53ms)
 GET /api/sessions/01a10fc6-efc7-719d-873f-8836bac68f28?deferThinking=1&deferMedia=1&tree=summary&force=1 200 in 79ms (next.js: 65ms, proxy.ts: 7ms, application-code: 7ms)
 GET /api/files/home/xupeng/.cache/pi-tmp/01a10f47-ae69-753b-a8de-d77bd690adfd/ask-user-browser-protocol-retry-1k_0x08j/project?type=list 200 in 66ms (next.js: 59ms, proxy.ts: 5ms, application-code: 2ms)
 GET /api/sessions/01a10fc6-efc7-719d-873f-8836bac68f28/state 200 in 55ms (next.js: 50ms, proxy.ts: 2ms, application-code: 3ms)
 POST /api/agent/01a10fc6-efc7-719d-873f-8836bac68f28 200 in 67ms (next.js: 60ms, proxy.ts: 3ms, application-code: 3ms)
 GET /api/agent/01a10fc6-efc7-719d-873f-8836bac68f28 200 in 10ms (next.js: 4ms, proxy.ts: 3ms, application-code: 4ms)
 GET /api/agent/01a10fc6-efc7-719d-873f-8836bac68f28/events 200 in 950ms (next.js: 138ms, proxy.ts: 24ms, application-code: 788ms)
[pi-web] session_start dispatched to extensions for session 01a10fc6-efc7-719d-873f-8836bac68f28
 POST /api/agent/01a10fc6-efc7-719d-873f-8836bac68f28 200 in 98ms (next.js: 7ms, proxy.ts: 6ms, application-code: 86ms)
 GET /api/agent/01a10fc6-efc7-719d-873f-8836bac68f28 200 in 10ms (next.js: 3ms, proxy.ts: 3ms, application-code: 4ms)
 GET /?session=01a10fc6-efc7-719d-873f-8836bac68f28 200 in 60ms (next.js: 5ms, proxy.ts: 3ms, application-code: 53ms)
 GET /api/open-in-explorer 200 in 24ms (next.js: 12ms, proxy.ts: 9ms, application-code: 3ms)
 GET /api/agent/running 200 in 28ms (next.js: 15ms, proxy.ts: 11ms, application-code: 3ms)
 GET /api/home 200 in 33ms (next.js: 19ms, proxy.ts: 11ms, application-code: 3ms)
 GET /api/projects 200 in 59ms (next.js: 10ms, proxy.ts: 9ms, application-code: 40ms)
 GET /api/sessions?sessionId=01a10fc6-efc7-719d-873f-8836bac68f28 200 in 54ms (next.js: 25ms, proxy.ts: 10ms, application-code: 19ms)
 GET /api/agent/running 200 in 28ms (next.js: 10ms, proxy.ts: 15ms, application-code: 3ms)
 GET /api/open-in-explorer 200 in 29ms (next.js: 14ms, proxy.ts: 11ms, application-code: 4ms)
 GET /api/projects?force=1 200 in 66ms (next.js: 24ms, proxy.ts: 16ms, application-code: 26ms)
 GET /api/home 200 in 29ms (next.js: 16ms, proxy.ts: 10ms, application-code: 3ms)
 GET /api/worktrees?cwd=%2Fhome%2Fxupeng%2F.cache%2Fpi-tmp%2F01a10f47-ae69-753b-a8de-d77bd690adfd%2Fask-user-browser-protocol-retry-1k_0x08j%2Fproject 200 in 203ms (next.js: 13ms, proxy.ts: 7ms, application-code: 183ms)
 GET /api/git/status?cwd=%2Fhome%2Fxupeng%2F.cache%2Fpi-tmp%2F01a10f47-ae69-753b-a8de-d77bd690adfd%2Fask-user-browser-protocol-retry-1k_0x08j%2Fproject 200 in 212ms (next.js: 116ms, proxy.ts: 10ms, application-code: 85ms)
 GET /api/files/home/xupeng/.cache/pi-tmp/01a10f47-ae69-753b-a8de-d77bd690adfd/ask-user-browser-protocol-retry-1k_0x08j/project?type=list 200 in 276ms (next.js: 263ms, proxy.ts: 9ms, application-code: 4ms)
 GET /api/sessions?projectKey=%2Fhome%2Fxupeng%2F.cache%2Fpi-tmp%2F01a10f47-ae69-753b-a8de-d77bd690adfd%2Fask-user-browser-protocol-retry-1k_0x08j%2Fproject 200 in 270ms (next.js: 102ms, proxy.ts: 98ms, application-code: 70ms)
 GET /api/sessions/01a10fc6-efc7-719d-873f-8836bac68f28?deferThinking=1&deferMedia=1&tree=summary&force=1 200 in 480ms (next.js: 232ms, proxy.ts: 116ms, application-code: 132ms)
 GET /api/project-trust?cwd=%2Fhome%2Fxupeng%2F.cache%2Fpi-tmp%2F01a10f47-ae69-753b-a8de-d77bd690adfd%2Fask-user-browser-protocol-retry-1k_0x08j%2Fproject 200 in 281ms (next.js: 205ms, proxy.ts: 70ms, application-code: 5ms)
 GET /api/file-index?cwd=%2Fhome%2Fxupeng%2F.cache%2Fpi-tmp%2F01a10f47-ae69-753b-a8de-d77bd690adfd%2Fask-user-browser-protocol-retry-1k_0x08j%2Fproject 200 in 296ms (next.js: 87ms, proxy.ts: 76ms, application-code: 134ms)
 GET /api/models?cwd=%2Fhome%2Fxupeng%2F.cache%2Fpi-tmp%2F01a10f47-ae69-753b-a8de-d77bd690adfd%2Fask-user-browser-protocol-retry-1k_0x08j%2Fproject 200 in 235ms (next.js: 11ms, proxy.ts: 213ms, application-code: 11ms)
 GET /api/sessions?projectKey=%2Fhome%2Fxupeng%2F.cache%2Fpi-tmp%2F01a10f47-ae69-753b-a8de-d77bd690adfd%2Fask-user-browser-protocol-retry-1k_0x08j%2Fproject 200 in 236ms (next.js: 13ms, proxy.ts: 213ms, application-code: 10ms)
 GET /api/git/status?cwd=%2Fhome%2Fxupeng%2F.cache%2Fpi-tmp%2F01a10f47-ae69-753b-a8de-d77bd690adfd%2Fask-user-browser-protocol-retry-1k_0x08j%2Fproject 200 in 146ms (next.js: 74ms, proxy.ts: 16ms, application-code: 56ms)
 GET /api/files/home/xupeng/.cache/pi-tmp/01a10f47-ae69-753b-a8de-d77bd690adfd/ask-user-browser-protocol-retry-1k_0x08j/project?type=list 200 in 149ms (next.js: 130ms, proxy.ts: 17ms, application-code: 2ms)
 GET /api/sessions/01a10fc6-efc7-719d-873f-8836bac68f28?deferThinking=1&deferMedia=1&tree=summary&force=1 200 in 154ms (next.js: 65ms, proxy.ts: 83ms, application-code: 6ms)
 GET /api/git/status?cwd=%2Fhome%2Fxupeng%2F.cache%2Fpi-tmp%2F01a10f47-ae69-753b-a8de-d77bd690adfd%2Fask-user-browser-protocol-retry-1k_0x08j%2Fproject 200 in 69ms (next.js: 4ms, proxy.ts: 5ms, application-code: 60ms)
 GET /api/files/home/xupeng/.cache/pi-tmp/01a10f47-ae69-753b-a8de-d77bd690adfd/ask-user-browser-protocol-retry-1k_0x08j/project?type=list 200 in 76ms (next.js: 68ms, proxy.ts: 5ms, application-code: 3ms)
 GET /api/sessions/01a10fc6-efc7-719d-873f-8836bac68f28/state 200 in 128ms (next.js: 61ms, proxy.ts: 63ms, application-code: 3ms)
 POST /api/agent/01a10fc6-efc7-719d-873f-8836bac68f28 200 in 59ms (next.js: 52ms, proxy.ts: 4ms, application-code: 3ms)
 GET /?session=01a10fc6-efc7-719d-873f-8836bac68f28 200 in 57ms (next.js: 5ms, proxy.ts: 3ms, application-code: 50ms)
 GET /api/projects 200 in 9ms (next.js: 2ms, proxy.ts: 4ms, application-code: 3ms)
 GET /api/open-in-explorer 200 in 30ms (next.js: 17ms, proxy.ts: 10ms, application-code: 3ms)
 GET /api/home 200 in 38ms (next.js: 21ms, proxy.ts: 15ms, application-code: 3ms)
 GET /api/open-in-explorer 200 in 47ms (next.js: 28ms, proxy.ts: 16ms, application-code: 3ms)
 GET /api/sessions?sessionId=01a10fc6-efc7-719d-873f-8836bac68f28 200 in 56ms (next.js: 23ms, proxy.ts: 16ms, application-code: 17ms)
 GET /api/projects?force=1 200 in 58ms (next.js: 24ms, proxy.ts: 17ms, application-code: 17ms)
 GET /api/agent/running 200 in 22ms (next.js: 7ms, proxy.ts: 12ms, application-code: 3ms)
 GET /api/home 200 in 20ms (next.js: 8ms, proxy.ts: 9ms, application-code: 3ms)
 GET /api/git/status?cwd=%2Fhome%2Fxupeng%2F.cache%2Fpi-tmp%2F01a10f47-ae69-753b-a8de-d77bd690adfd%2Fask-user-browser-protocol-retry-1k_0x08j%2Fproject 200 in 170ms (next.js: 53ms, proxy.ts: 8ms, application-code: 109ms)
 GET /api/worktrees?cwd=%2Fhome%2Fxupeng%2F.cache%2Fpi-tmp%2F01a10f47-ae69-753b-a8de-d77bd690adfd%2Fask-user-browser-protocol-retry-1k_0x08j%2Fproject 200 in 172ms (next.js: 9ms, proxy.ts: 8ms, application-code: 156ms)
 GET /api/sessions?projectKey=%2Fhome%2Fxupeng%2F.cache%2Fpi-tmp%2F01a10f47-ae69-753b-a8de-d77bd690adfd%2Fask-user-browser-protocol-retry-1k_0x08j%2Fproject 200 in 172ms (next.js: 101ms, proxy.ts: 8ms, application-code: 63ms)
 GET /api/files/home/xupeng/.cache/pi-tmp/01a10f47-ae69-753b-a8de-d77bd690adfd/ask-user-browser-protocol-retry-1k_0x08j/project?type=list 200 in 225ms (next.js: 215ms, proxy.ts: 8ms, application-code: 2ms)
 GET /api/git/status?cwd=%2Fhome%2Fxupeng%2F.cache%2Fpi-tmp%2F01a10f47-ae69-753b-a8de-d77bd690adfd%2Fask-user-browser-protocol-retry-1k_0x08j%2Fproject 200 in 225ms (next.js: 104ms, proxy.ts: 9ms, application-code: 112ms)
 GET /api/files/home/xupeng/.cache/pi-tmp/01a10f47-ae69-753b-a8de-d77bd690adfd/ask-user-browser-protocol-retry-1k_0x08j/project?type=list 200 in 233ms (next.js: 223ms, proxy.ts: 8ms, application-code: 1.8ms)
 GET /api/agent/running 200 in 153ms (next.js: 84ms, proxy.ts: 66ms, application-code: 2ms)
 GET /api/file-index?cwd=%2Fhome%2Fxupeng%2F.cache%2Fpi-tmp%2F01a10f47-ae69-753b-a8de-d77bd690adfd%2Fask-user-browser-protocol-retry-1k_0x08j%2Fproject 200 in 47ms (next.js: 10ms, proxy.ts: 35ms, application-code: 1.9ms)
 GET /api/project-trust?cwd=%2Fhome%2Fxupeng%2F.cache%2Fpi-tmp%2F01a10f47-ae69-753b-a8de-d77bd690adfd%2Fask-user-browser-protocol-retry-1k_0x08j%2Fproject 200 in 52ms (next.js: 13ms, proxy.ts: 35ms, application-code: 4ms)
 GET /api/sessions?projectKey=%2Fhome%2Fxupeng%2F.cache%2Fpi-tmp%2F01a10f47-ae69-753b-a8de-d77bd690adfd%2Fask-user-browser-protocol-retry-1k_0x08j%2Fproject 200 in 59ms (next.js: 16ms, proxy.ts: 36ms, application-code: 8ms)
 GET /api/models?cwd=%2Fhome%2Fxupeng%2F.cache%2Fpi-tmp%2F01a10f47-ae69-753b-a8de-d77bd690adfd%2Fask-user-browser-protocol-retry-1k_0x08j%2Fproject 200 in 80ms (next.js: 8ms, proxy.ts: 19ms, application-code: 53ms)
 GET /api/sessions/01a10fc6-efc7-719d-873f-8836bac68f28?deferThinking=1&deferMedia=1&tree=summary&force=1 200 in 99ms (next.js: 74ms, proxy.ts: 12ms, application-code: 13ms)
 GET /api/sessions/01a10fc6-efc7-719d-873f-8836bac68f28?deferThinking=1&deferMedia=1&tree=summary&force=1 200 in 94ms (next.js: 80ms, proxy.ts: 7ms, application-code: 7ms)
 GET /api/files/home/xupeng/.cache/pi-tmp/01a10f47-ae69-753b-a8de-d77bd690adfd/ask-user-browser-protocol-retry-1k_0x08j/project?type=list 200 in 134ms (next.js: 124ms, proxy.ts: 8ms, application-code: 2ms)
 GET /api/git/status?cwd=%2Fhome%2Fxupeng%2F.cache%2Fpi-tmp%2F01a10f47-ae69-753b-a8de-d77bd690adfd%2Fask-user-browser-protocol-retry-1k_0x08j%2Fproject 200 in 131ms (next.js: 12ms, proxy.ts: 57ms, application-code: 62ms)
 GET /api/sessions/01a10fc6-efc7-719d-873f-8836bac68f28/state 200 in 63ms (next.js: 53ms, proxy.ts: 7ms, application-code: 3ms)
 POST /api/agent/01a10fc6-efc7-719d-873f-8836bac68f28 200 in 63ms (next.js: 55ms, proxy.ts: 4ms, application-code: 5ms)
 POST /api/agent/01a10fc6-efc7-719d-873f-8836bac68f28 200 in 29ms (next.js: 4ms, proxy.ts: 5ms, application-code: 20ms)
 GET /api/agent/01a10fc6-efc7-719d-873f-8836bac68f28 200 in 19ms (next.js: 12ms, proxy.ts: 5ms, application-code: 3ms)
 GET /api/sessions/01a10fc6-efc7-719d-873f-8836bac68f28?deferThinking=1&deferMedia=1&tree=summary 200 in 21ms (next.js: 7ms, proxy.ts: 4ms, application-code: 10ms)
 GET /api/sessions?sessionId=01a10fc6-efc7-719d-873f-8836bac68f28 200 in 12ms (next.js: 2ms, proxy.ts: 4ms, application-code: 6ms)
 GET /api/sessions?sessionId=01a10fc6-efc7-719d-873f-8836bac68f28 200 in 10ms (next.js: 2ms, proxy.ts: 3ms, application-code: 5ms)
 GET /api/git/status?cwd=%2Fhome%2Fxupeng%2F.cache%2Fpi-tmp%2F01a10f47-ae69-753b-a8de-d77bd690adfd%2Fask-user-browser-protocol-retry-1k_0x08j%2Fproject 200 in 77ms (next.js: 4ms, proxy.ts: 8ms, application-code: 66ms)
 GET /api/files/home/xupeng/.cache/pi-tmp/01a10f47-ae69-753b-a8de-d77bd690adfd/ask-user-browser-protocol-retry-1k_0x08j/project?type=list 200 in 86ms (next.js: 75ms, proxy.ts: 7ms, application-code: 4ms)
 GET /api/agent/running 200 in 6ms (next.js: 1.6ms, proxy.ts: 1.9ms, application-code: 2ms)
 GET /api/agent/running 200 in 5ms (next.js: 1.3ms, proxy.ts: 1.9ms, application-code: 2ms)
 GET /api/sessions/01a10fc6-efc7-719d-873f-8836bac68f28/state 200 in 50ms (next.js: 45ms, proxy.ts: 1.7ms, application-code: 3ms)
 GET /api/agent/01a10fc6-efc7-719d-873f-8836bac68f28 200 in 49ms (next.js: 45ms, proxy.ts: 2ms, application-code: 2ms)
 POST /api/agent/01a10fc6-efc7-719d-873f-8836bac68f28 200 in 35ms (next.js: 3ms, proxy.ts: 3ms, application-code: 30ms)
 POST /api/agent/01a10fc6-efc7-719d-873f-8836bac68f28 200 in 18ms (next.js: 3ms, proxy.ts: 2ms, application-code: 13ms)
 GET /api/agent/01a10fc6-efc7-719d-873f-8836bac68f28 200 in 20ms (next.js: 15ms, proxy.ts: 3ms, application-code: 2ms)
 GET /api/sessions?sessionId=01a10fc6-efc7-719d-873f-8836bac68f28 200 in 81ms (next.js: 10ms, proxy.ts: 8ms, application-code: 63ms)
 GET /api/sessions/01a10fc6-efc7-719d-873f-8836bac68f28?deferThinking=1&deferMedia=1&tree=summary 200 in 84ms (next.js: 68ms, proxy.ts: 7ms, application-code: 8ms)
 GET /api/agent/01a10fc6-efc7-719d-873f-8836bac68f28 200 in 85ms (next.js: 75ms, proxy.ts: 7ms, application-code: 3ms)
 GET /api/sessions?sessionId=01a10fc6-efc7-719d-873f-8836bac68f28 200 in 86ms (next.js: 11ms, proxy.ts: 7ms, application-code: 67ms)
 GET /api/sessions?sessionId=01a10fc6-efc7-719d-873f-8836bac68f28 200 in 9ms (next.js: 2ms, proxy.ts: 3ms, application-code: 4ms)
 GET /api/git/status?cwd=%2Fhome%2Fxupeng%2F.cache%2Fpi-tmp%2F01a10f47-ae69-753b-a8de-d77bd690adfd%2Fask-user-browser-protocol-retry-1k_0x08j%2Fproject 200 in 75ms (next.js: 22ms, proxy.ts: 6ms, application-code: 47ms)
 GET /api/files/home/xupeng/.cache/pi-tmp/01a10f47-ae69-753b-a8de-d77bd690adfd/ask-user-browser-protocol-retry-1k_0x08j/project?type=list 200 in 127ms (next.js: 118ms, proxy.ts: 6ms, application-code: 3ms)
 POST /api/agent/01a10fc6-efc7-719d-873f-8836bac68f28 200 in 23ms (next.js: 4ms, proxy.ts: 4ms, application-code: 16ms)
 GET /api/agent/01a10fc6-efc7-719d-873f-8836bac68f28 200 in 20ms (next.js: 12ms, proxy.ts: 5ms, application-code: 3ms)
 GET /api/sessions?sessionId=01a10fc6-efc7-719d-873f-8836bac68f28 200 in 27ms (next.js: 6ms, proxy.ts: 6ms, application-code: 15ms)
 GET /api/sessions/01a10fc6-efc7-719d-873f-8836bac68f28?deferThinking=1&deferMedia=1&tree=summary 200 in 27ms (next.js: 14ms, proxy.ts: 7ms, application-code: 6ms)
 GET /api/sessions?sessionId=01a10fc6-efc7-719d-873f-8836bac68f28 200 in 8ms (next.js: 2ms, proxy.ts: 1.8ms, application-code: 4ms)
 GET /api/git/status?cwd=%2Fhome%2Fxupeng%2F.cache%2Fpi-tmp%2F01a10f47-ae69-753b-a8de-d77bd690adfd%2Fask-user-browser-protocol-retry-1k_0x08j%2Fproject 200 in 68ms (next.js: 6ms, proxy.ts: 5ms, application-code: 57ms)
 GET /api/files/home/xupeng/.cache/pi-tmp/01a10f47-ae69-753b-a8de-d77bd690adfd/ask-user-browser-protocol-retry-1k_0x08j/project?type=list 200 in 75ms (next.js: 67ms, proxy.ts: 5ms, application-code: 3ms)
 GET /api/agent/01a10fc6-efc7-719d-873f-8836bac68f28 200 in 71ms (next.js: 10ms, proxy.ts: 59ms, application-code: 3ms)
 GET /api/agent/running 200 in 9ms (next.js: 2.0ms, proxy.ts: 3ms, application-code: 4ms)
 GET /api/extension-ui/settings 200 in 160ms (next.js: 152ms, proxy.ts: 5ms, application-code: 3ms)
 GET /api/web-auth 200 in 241ms (next.js: 232ms, proxy.ts: 5ms, application-code: 4ms)
 GET /api/extension-ui/settings 200 in 17ms (next.js: 7ms, proxy.ts: 6ms, application-code: 4ms)
 GET /api/tools/settings 200 in 259ms (next.js: 188ms, proxy.ts: 5ms, application-code: 66ms)
 GET /api/web-auth 200 in 23ms (next.js: 12ms, proxy.ts: 6ms, application-code: 4ms)
 GET /api/tools/settings 200 in 19ms (next.js: 5ms, proxy.ts: 4ms, application-code: 10ms)
 GET /api/agent/running 200 in 9ms (next.js: 2ms, proxy.ts: 3ms, application-code: 4ms)
 GET /api/models?cwd=%2Fhome%2Fxupeng%2F.cache%2Fpi-tmp%2F01a10f47-ae69-753b-a8de-d77bd690adfd%2Fask-user-browser-protocol-retry-1k_0x08j%2Fproject 200 in 52ms (next.js: 1.5ms, proxy.ts: 2ms, application-code: 48ms)
 GET /api/settings/ask-user 404 in 229ms (next.js: 177ms, proxy.ts: 3ms, application-code: 50ms)
 GET /api/agent/running 200 in 7ms (next.js: 1.9ms, proxy.ts: 3ms, application-code: 2ms)
 PUT /api/settings/ask-user 404 in 39ms (next.js: 3ms, proxy.ts: 2ms, application-code: 34ms)
 GET /api/agent/01a10fc6-efc7-719d-873f-8836bac68f28/events 200 in 9.9s (next.js: 100ms, proxy.ts: 205ms, application-code: 9.6s)
[?25h
